/Users/norgaardc/Desktop/CubeSat/COSMOS_DevBoard/evkmimxrt1020_hello_world/drivers/fsl_clock.h:1012:20:CLOCK_SetMux	24	static
/Users/norgaardc/Desktop/CubeSat/COSMOS_DevBoard/evkmimxrt1020_hello_world/drivers/fsl_clock.h:1049:20:CLOCK_SetDiv	24	static
/Users/norgaardc/Desktop/CubeSat/COSMOS_DevBoard/evkmimxrt1020_hello_world/drivers/fsl_clock.h:1085:20:CLOCK_ControlGate	32	static
/Users/norgaardc/Desktop/CubeSat/COSMOS_DevBoard/evkmimxrt1020_hello_world/drivers/fsl_clock.h:1112:20:CLOCK_DisableClock	16	static
/Users/norgaardc/Desktop/CubeSat/COSMOS_DevBoard/evkmimxrt1020_hello_world/drivers/fsl_clock.h:1252:20:CLOCK_SetXtalFreq	16	static
/Users/norgaardc/Desktop/CubeSat/COSMOS_DevBoard/evkmimxrt1020_hello_world/drivers/fsl_clock.h:1262:20:CLOCK_SetRtcXtalFreq	16	static
/Users/norgaardc/Desktop/CubeSat/COSMOS_DevBoard/evkmimxrt1020_hello_world/drivers/fsl_clock.h:1306:20:CLOCK_SetPllBypass	24	static
/Users/norgaardc/Desktop/CubeSat/COSMOS_DevBoard/evkmimxrt1020_hello_world/drivers/fsl_iomuxc.h:911:20:IOMUXC_EnableMode	24	static
/Users/norgaardc/Desktop/CubeSat/COSMOS_DevBoard/evkmimxrt1020_hello_world/drivers/fsl_iomuxc.h:934:20:IOMUXC_SetSaiMClkClockSource	24	static
/Users/norgaardc/Desktop/CubeSat/COSMOS_DevBoard/evkmimxrt1020_hello_world/drivers/fsl_iomuxc.h:994:20:IOMUXC_MQSConfig	24	static
../board/clock_config.c:48:6:BOARD_InitBootClocks	8	static
../board/clock_config.c:162:6:BOARD_BootClockRUN	8	static
