/Users/norgaardc/Desktop/CubeSat/COSMOS_DevBoard/evkmimxrt1020_hello_world/drivers/fsl_clock.h:1085:20:CLOCK_ControlGate	32	static
/Users/norgaardc/Desktop/CubeSat/COSMOS_DevBoard/evkmimxrt1020_hello_world/drivers/fsl_clock.h:1102:20:CLOCK_EnableClock	16	static
/Users/norgaardc/Desktop/CubeSat/COSMOS_DevBoard/evkmimxrt1020_hello_world/drivers/fsl_iomuxc.h:859:20:IOMUXC_SetPinMux	24	static
/Users/norgaardc/Desktop/CubeSat/COSMOS_DevBoard/evkmimxrt1020_hello_world/drivers/fsl_iomuxc.h:891:20:IOMUXC_SetPinConfig	24	static
../board/pin_mux.c:36:6:BOARD_InitBootPins	8	static
../board/pin_mux.c:57:6:BOARD_InitPins	16	static
