Archive member included to satisfy reference by file (symbol)

c:/nxp/mcuxpressoide_11.3.1_5262/ide/plugins/com.nxp.mcuxpresso.tools.win32_11.3.0.202008311133/tools/bin/../lib/gcc/arm-none-eabi/9.3.1/../../../../arm-none-eabi/lib/thumb/v7e-m+dp/hard\libcr_nohost_nf.a(_cr__main.o)
                              ./startup/startup_mimxrt1021.o (__main)
c:/nxp/mcuxpressoide_11.3.1_5262/ide/plugins/com.nxp.mcuxpresso.tools.win32_11.3.0.202008311133/tools/bin/../lib/gcc/arm-none-eabi/9.3.1/../../../../arm-none-eabi/lib/thumb/v7e-m+dp/hard\libcr_c.a(memcpy.o)
                              ./drivers/fsl_clock.o (memcpy)
c:/nxp/mcuxpressoide_11.3.1_5262/ide/plugins/com.nxp.mcuxpresso.tools.win32_11.3.0.202008311133/tools/bin/../lib/gcc/arm-none-eabi/9.3.1/../../../../arm-none-eabi/lib/thumb/v7e-m+dp/hard\libcr_c.a(memset.o)
                              ./drivers/fsl_lpuart.o (memset)
c:/nxp/mcuxpressoide_11.3.1_5262/ide/plugins/com.nxp.mcuxpresso.tools.win32_11.3.0.202008311133/tools/bin/../lib/gcc/arm-none-eabi/9.3.1/../../../../arm-none-eabi/lib/thumb/v7e-m+dp/hard\libcr_c.a(alloc.o)
                              ./drivers/fsl_common.o (malloc)
c:/nxp/mcuxpressoide_11.3.1_5262/ide/plugins/com.nxp.mcuxpresso.tools.win32_11.3.0.202008311133/tools/bin/../lib/gcc/arm-none-eabi/9.3.1/../../../../arm-none-eabi/lib/thumb/v7e-m+dp/hard\libcr_c.a(initio.o)
                              c:/nxp/mcuxpressoide_11.3.1_5262/ide/plugins/com.nxp.mcuxpresso.tools.win32_11.3.0.202008311133/tools/bin/../lib/gcc/arm-none-eabi/9.3.1/../../../../arm-none-eabi/lib/thumb/v7e-m+dp/hard\libcr_nohost_nf.a(_cr__main.o) (_initio)
c:/nxp/mcuxpressoide_11.3.1_5262/ide/plugins/com.nxp.mcuxpresso.tools.win32_11.3.0.202008311133/tools/bin/../lib/gcc/arm-none-eabi/9.3.1/../../../../arm-none-eabi/lib/thumb/v7e-m+dp/hard\libcr_c.a(setvbuf.o)
                              c:/nxp/mcuxpressoide_11.3.1_5262/ide/plugins/com.nxp.mcuxpresso.tools.win32_11.3.0.202008311133/tools/bin/../lib/gcc/arm-none-eabi/9.3.1/../../../../arm-none-eabi/lib/thumb/v7e-m+dp/hard\libcr_c.a(initio.o) (setvbuf)
c:/nxp/mcuxpressoide_11.3.1_5262/ide/plugins/com.nxp.mcuxpresso.tools.win32_11.3.0.202008311133/tools/bin/../lib/gcc/arm-none-eabi/9.3.1/../../../../arm-none-eabi/lib/thumb/v7e-m+dp/hard\libcr_c.a(strlen.o)
                              ./utilities/fsl_debug_console.o (strlen)
c:/nxp/mcuxpressoide_11.3.1_5262/ide/plugins/com.nxp.mcuxpresso.tools.win32_11.3.0.202008311133/tools/bin/../lib/gcc/arm-none-eabi/9.3.1/../../../../arm-none-eabi/lib/thumb/v7e-m+dp/hard\libcr_c.a(__init_alloc.o)
                              c:/nxp/mcuxpressoide_11.3.1_5262/ide/plugins/com.nxp.mcuxpresso.tools.win32_11.3.0.202008311133/tools/bin/../lib/gcc/arm-none-eabi/9.3.1/../../../../arm-none-eabi/lib/thumb/v7e-m+dp/hard\libcr_c.a(alloc.o) (__heaps)
c:/nxp/mcuxpressoide_11.3.1_5262/ide/plugins/com.nxp.mcuxpresso.tools.win32_11.3.0.202008311133/tools/bin/../lib/gcc/arm-none-eabi/9.3.1/../../../../arm-none-eabi/lib/thumb/v7e-m+dp/hard\libcr_c.a(_cr_sbrk.o)
                              c:/nxp/mcuxpressoide_11.3.1_5262/ide/plugins/com.nxp.mcuxpresso.tools.win32_11.3.0.202008311133/tools/bin/../lib/gcc/arm-none-eabi/9.3.1/../../../../arm-none-eabi/lib/thumb/v7e-m+dp/hard\libcr_c.a(alloc.o) (_sbrk)
c:/nxp/mcuxpressoide_11.3.1_5262/ide/plugins/com.nxp.mcuxpresso.tools.win32_11.3.0.202008311133/tools/bin/../lib/gcc/arm-none-eabi/9.3.1/../../../../arm-none-eabi/lib/thumb/v7e-m+dp/hard\libcr_c.a(_fdopen.o)
                              c:/nxp/mcuxpressoide_11.3.1_5262/ide/plugins/com.nxp.mcuxpresso.tools.win32_11.3.0.202008311133/tools/bin/../lib/gcc/arm-none-eabi/9.3.1/../../../../arm-none-eabi/lib/thumb/v7e-m+dp/hard\libcr_c.a(initio.o) (_fdopen)
c:/nxp/mcuxpressoide_11.3.1_5262/ide/plugins/com.nxp.mcuxpresso.tools.win32_11.3.0.202008311133/tools/bin/../lib/gcc/arm-none-eabi/9.3.1/../../../../arm-none-eabi/lib/thumb/v7e-m+dp/hard\libcr_c.a(errno.o)
                              c:/nxp/mcuxpressoide_11.3.1_5262/ide/plugins/com.nxp.mcuxpresso.tools.win32_11.3.0.202008311133/tools/bin/../lib/gcc/arm-none-eabi/9.3.1/../../../../arm-none-eabi/lib/thumb/v7e-m+dp/hard\libcr_c.a(_cr_sbrk.o) (errno)
c:/nxp/mcuxpressoide_11.3.1_5262/ide/plugins/com.nxp.mcuxpresso.tools.win32_11.3.0.202008311133/tools/bin/../lib/gcc/arm-none-eabi/9.3.1/../../../../arm-none-eabi/lib/thumb/v7e-m+dp/hard\libcr_c.a(fclose.o)
                              c:/nxp/mcuxpressoide_11.3.1_5262/ide/plugins/com.nxp.mcuxpresso.tools.win32_11.3.0.202008311133/tools/bin/../lib/gcc/arm-none-eabi/9.3.1/../../../../arm-none-eabi/lib/thumb/v7e-m+dp/hard\libcr_c.a(initio.o) (fclose)
c:/nxp/mcuxpressoide_11.3.1_5262/ide/plugins/com.nxp.mcuxpresso.tools.win32_11.3.0.202008311133/tools/bin/../lib/gcc/arm-none-eabi/9.3.1/../../../../arm-none-eabi/lib/thumb/v7e-m+dp/hard\libcr_c.a(fflush.o)
[...]
Memory Configuration

Name             Origin             Length             Attributes
BOARD_FLASH      0x60000000         0x00800000         xr
BOARD_SDRAM      0x80000000         0x01e00000         xrw
NCACHE_REGION    0x81e00000         0x00200000         xrw
SRAM_DTC         0x20000000         0x00010000         xrw
SRAM_ITC         0x00000000         0x00010000         xrw
SRAM_OC          0x20200000         0x00020000         xrw
*default*        0x00000000         0xffffffff

Linker script and memory map

LOAD ./xip/evkmimxrt1020_flexspi_nor_config.o
LOAD ./xip/fsl_flexspi_nor_boot.o
LOAD ./utilities/fsl_assert.o
LOAD ./utilities/fsl_debug_console.o
LOAD ./startup/startup_mimxrt1021.o
LOAD ./source/hello_world.o
LOAD ./source/semihost_hardfault.o
LOAD ./drivers/fsl_clock.o
LOAD ./drivers/fsl_common.o
LOAD ./drivers/fsl_gpio.o
LOAD ./drivers/fsl_lpuart.o
LOAD ./device/system_MIMXRT1021.o
LOAD ./component/uart/fsl_adapter_lpuart.o
LOAD ./component/lists/fsl_component_generic_list.o
LOAD ./board/board.o
LOAD ./board/clock_config.o
LOAD ./board/dcd.o
LOAD ./board/pin_mux.o
START GROUP
LOAD c:/nxp/mcuxpressoide_11.3.1_5262/ide/plugins/com.nxp.mcuxpresso.tools.win32_11.3.0.202008311133/tools/bin/../lib/gcc/arm-none-eabi/9.3.1/../../../../arm-none-eabi/lib/thumb/v7e-m+dp/hard\libcr_nohost_nf.a
LOAD c:/nxp/mcuxpressoide_11.3.1_5262/ide/plugins/com.nxp.mcuxpresso.tools.win32_11.3.0.202008311133/tools/bin/../lib/gcc/arm-none-eabi/9.3.1/../../../../arm-none-eabi/lib/thumb/v7e-m+dp/hard\libcr_c.a
LOAD c:/nxp/mcuxpressoide_11.3.1_5262/ide/plugins/com.nxp.mcuxpresso.tools.win32_11.3.0.202008311133/tools/bin/../lib/gcc/arm-none-eabi/9.3.1/thumb/v7e-m+dp/hard\libcr_eabihelpers.a
LOAD c:/nxp/mcuxpressoide_11.3.1_5262/ide/plugins/com.nxp.mcuxpresso.tools.win32_11.3.0.202008311133/tools/bin/../lib/gcc/arm-none-eabi/9.3.1/thumb/v7e-m+dp/hard\libgcc.a
END GROUP
                0x60000000                __base_BOARD_FLASH = 0x60000000
                0x60000000                __base_Flash = 0x60000000
                0x60800000                __top_BOARD_FLASH = 0x60800000
                0x60800000                __top_Flash = 0x60800000
                0x80000000                __base_BOARD_SDRAM = 0x80000000
                0x80000000                __base_RAM = 0x80000000
                0x81e00000                __top_BOARD_SDRAM = 0x81e00000
                0x81e00000                __top_RAM = 0x81e00000
                0x81e00000                __base_NCACHE_REGION = 0x81e00000
                0x81e00000                __base_RAM2 = 0x81e00000
                0x82000000                __top_NCACHE_REGION = 0x82000000
                0x82000000                __top_RAM2 = 0x82000000
                0x20000000                __base_SRAM_DTC = 0x20000000
                0x20000000                __base_RAM3 = 0x20000000
                0x20010000                __top_SRAM_DTC = 0x20010000
                0x20010000                __top_RAM3 = 0x20010000
                0x00000000                __base_SRAM_ITC = 0x0
                0x00000000                __base_RAM4 = 0x0
                0x00010000                __top_SRAM_ITC = 0x10000
                0x00010000                __top_RAM4 = 0x10000
                0x20200000                __base_SRAM_OC = 0x20200000
                0x20200000                __base_RAM5 = 0x20200000
                0x20220000                __top_SRAM_OC = 0x20220000
                0x20220000                __top_RAM5 = 0x20220000

.boot_hdr       0x60000000     0x2000
 FILL mask 0xff
                0x60000000                __boot_hdr_start__ = ABSOLUTE (.)
 *(SORT_BY_ALIGNMENT(.boot_hdr.conf))
 .boot_hdr.conf
                0x60000000      0x200 ./xip/evkmimxrt1020_flexspi_nor_config.o
                0x60000000                qspiflash_config
                0x00001000                . = 0x1000
 *fill*         0x60000200      0xe00 ff
 *(SORT_BY_ALIGNMENT(.boot_hdr.ivt))
 .boot_hdr.ivt  0x60001000       0x20 ./xip/fsl_flexspi_nor_boot.o
                0x60001000                image_vector_table
                0x00001020                . = 0x1020
 *(SORT_BY_ALIGNMENT(.boot_hdr.boot_data))
 .boot_hdr.boot_data
                0x60001020       0x10 ./xip/fsl_flexspi_nor_boot.o
                0x60001020                boot_data
                0x00001030                . = 0x1030
 *(SORT_BY_ALIGNMENT(.boot_hdr.dcd_data))
 .boot_hdr.dcd_data
                0x60001030      0x3e8 ./board/dcd.o
                0x60001030                dcd_data
                0x60001418                __boot_hdr_end__ = ABSOLUTE (.)
                0x00002000                . = 0x2000
 *fill*         0x60001418      0xbe8 ff

.text           0x60002000     0x3a74
 FILL mask 0xff
                0x60002000                __vectors_start__ = ABSOLUTE (.)
 *(SORT_BY_ALIGNMENT(.isr_vector))
 .isr_vector    0x60002000      0x278 ./startup/startup_mimxrt1021.o
                0x60002000                g_pfnVectors
                0x60002000                __Vectors
                0x60002278                . = ALIGN (0x4)
                0x60002278                __section_table_start = .
                0x60002278                __data_section_table = .
                0x60002278        0x4 LONG 0x60005a74 LOADADDR (.data)
                0x6000227c        0x4 LONG 0x80000000 ADDR (.data)
                0x60002280        0x4 LONG 0x4 SIZEOF (.data)
                0x60002284        0x4 LONG 0x60005a74 LOADADDR (.data_RAM2)
                0x60002288        0x4 LONG 0x81e00000 ADDR (.data_RAM2)
                0x6000228c        0x4 LONG 0x0 SIZEOF (.data_RAM2)
                0x60002290        0x4 LONG 0x60005a74 LOADADDR (.data_RAM3)
                0x60002294        0x4 LONG 0x20000000 ADDR (.data_RAM3)
                0x60002298        0x4 LONG 0x0 SIZEOF (.data_RAM3)
                0x6000229c        0x4 LONG 0x60005a74 LOADADDR (.data_RAM4)
                0x600022a0        0x4 LONG 0x0 ADDR (.data_RAM4)
                0x600022a4        0x4 LONG 0x0 SIZEOF (.data_RAM4)
                0x600022a8        0x4 LONG 0x60005a74 LOADADDR (.data_RAM5)
                0x600022ac        0x4 LONG 0x20200000 ADDR (.data_RAM5)
                0x600022b0        0x4 LONG 0x0 SIZEOF (.data_RAM5)
                0x600022b4                __data_section_table_end = .
                0x600022b4                __bss_section_table = .
                0x600022b4        0x4 LONG 0x80000004 ADDR (.bss)
                0x600022b8        0x4 LONG 0xfc SIZEOF (.bss)
                0x600022bc        0x4 LONG 0x81e00000 ADDR (.bss_RAM2)
                0x600022c0        0x4 LONG 0x0 SIZEOF (.bss_RAM2)
                0x600022c4        0x4 LONG 0x20000000 ADDR (.bss_RAM3)
                0x600022c8        0x4 LONG 0x0 SIZEOF (.bss_RAM3)
                0x600022cc        0x4 LONG 0x0 ADDR (.bss_RAM4)
                0x600022d0        0x4 LONG 0x0 SIZEOF (.bss_RAM4)
                0x600022d4        0x4 LONG 0x20200000 ADDR (.bss_RAM5)
                0x600022d8        0x4 LONG 0x0 SIZEOF (.bss_RAM5)
                0x600022dc                __bss_section_table_end = .
                0x600022dc                __section_table_end = .
 *(SORT_BY_ALIGNMENT(.after_vectors*))
 .after_vectors.reset
                0x600022dc       0x58 ./startup/startup_mimxrt1021.o
                0x600022dc                ResetISR
 .after_vectors.init_data
                0x60002334       0x1e ./startup/startup_mimxrt1021.o
                0x60002334                data_init
 .after_vectors.init_bss
                0x60002352       0x12 ./startup/startup_mimxrt1021.o
                0x60002352                bss_init
 .after_vectors
                0x60002364       0x14 ./startup/startup_mimxrt1021.o
                0x60002364                NMI_Handler
                0x60002368                MemManage_Handler
                0x6000236a                BusFault_Handler
                0x6000236c                UsageFault_Handler
                0x6000236e                SVC_Handler
                0x60002370                DebugMon_Handler
                0x60002372                PendSV_Handler
                0x60002374                SysTick_Handler
                0x60002376                Reserved102_DriverIRQHandler
                0x60002376                Reserved152_DriverIRQHandler
                0x60002376                DMA13_DMA29_DriverIRQHandler
                0x60002376                CCM_2_DriverIRQHandler
                0x60002376                LPSPI4_DriverIRQHandler
                0x60002376                SEMC_DriverIRQHandler
                0x60002376                SPDIF_DriverIRQHandler
                0x60002376                PIT_DriverIRQHandler
                0x60002376                FLEXRAM_DriverIRQHandler
                0x60002376                SAI3_RX_DriverIRQHandler
                0x60002376                USB_PHY_DriverIRQHandler
                0x60002376                GPIO3_Combined_0_15_DriverIRQHandler
                0x60002376                Reserved82_DriverIRQHandler
                0x60002376                DMA7_DMA23_DriverIRQHandler
                0x60002376                BEE_DriverIRQHandler
                0x60002376                LPI2C3_DriverIRQHandler
                0x60002376                GPR_IRQ_DriverIRQHandler
                0x60002376                Reserved103_DriverIRQHandler
                0x60002376                PWM2_FAULT_DriverIRQHandler
                0x60002376                Reserved56_DriverIRQHandler
                0x60002376                DMA14_DMA30_DriverIRQHandler
                0x60002376                TMR1_DriverIRQHandler
                0x60002376                TRNG_DriverIRQHandler
                0x60002376                ENET_1588_Timer_DriverIRQHandler
                0x60002376                GPIO2_Combined_16_31_DriverIRQHandler
                0x60002376                Reserved143_DriverIRQHandler
                0x60002376                LPSPI2_DriverIRQHandler
                0x60002376                Reserved151_DriverIRQHandler
                0x60002376                DMA0_DMA16_DriverIRQHandler
                0x60002376                IntDefaultHandler
                0x60002376                DMA2_DMA18_DriverIRQHandler
                0x60002376                SRC_DriverIRQHandler
                0x60002376                GPIO1_INT4_DriverIRQHandler
                0x60002376                Reserved144_DriverIRQHandler
                0x60002376                USDHC1_DriverIRQHandler
                0x60002376                SNVS_LP_HP_WRAPPER_DriverIRQHandler
                0x60002376                EWM_DriverIRQHandler
                0x60002376                KPP_DriverIRQHandler
                0x60002376                FLEXIO1_DriverIRQHandler
                0x60002376                ENET_DriverIRQHandler
                0x60002376                Reserved78_DriverIRQHandler
                0x60002376                ENC2_DriverIRQHandler
                0x60002376                ADC_ETC_IRQ2_DriverIRQHandler
                0x60002376                GPIO1_Combined_16_31_DriverIRQHandler
                0x60002376                GPIO1_INT7_DriverIRQHandler
                0x60002376                SAI1_DriverIRQHandler
                0x60002376                DCDC_DriverIRQHandler
                0x60002376                DMA12_DMA28_DriverIRQHandler
                0x60002376                ADC_ETC_ERROR_IRQ_DriverIRQHandler
                0x60002376                ACMP2_DriverIRQHandler
                0x60002376                GPIO5_Combined_0_15_DriverIRQHandler
                0x60002376                GPIO1_INT0_DriverIRQHandler
                0x60002376                GPIO1_INT2_DriverIRQHandler
                0x60002376                RTWDOG_DriverIRQHandler
                0x60002376                FLEXSPI_DriverIRQHandler
                0x60002376                GPT2_DriverIRQHandler
                0x60002376                DMA10_DMA26_DriverIRQHandler
                0x60002376                PWM2_1_DriverIRQHandler
                0x60002376                PWM1_1_DriverIRQHandler
                0x60002376                ADC1_DriverIRQHandler
                0x60002376                Reserved148_DriverIRQHandler
                0x60002376                PWM1_0_DriverIRQHandler
                0x60002376                DMA1_DMA17_DriverIRQHandler
                0x60002376                ENC1_DriverIRQHandler
                0x60002376                CAN2_DriverIRQHandler
                0x60002376                DCP_DriverIRQHandler
                0x60002376                CTI0_ERROR_DriverIRQHandler
                0x60002376                DMA8_DMA24_DriverIRQHandler
                0x60002376                GPT1_DriverIRQHandler
                0x60002376                ACMP3_DriverIRQHandler
                0x60002376                DMA6_DMA22_DriverIRQHandler
                0x60002376                CSU_DriverIRQHandler
                0x60002376                GPIO1_INT5_DriverIRQHandler
                0x60002376                TMR2_DriverIRQHandler
                0x60002376                CTI1_ERROR_DriverIRQHandler
                0x60002376                GPIO1_Combined_0_15_DriverIRQHandler
                0x60002376                USDHC2_DriverIRQHandler
                0x60002376                Reserved87_DriverIRQHandler
                0x60002376                SAI2_DriverIRQHandler
                0x60002376                CORE_DriverIRQHandler
                0x60002376                Reserved147_DriverIRQHandler
                0x60002376                WDOG1_DriverIRQHandler
                0x60002376                DMA11_DMA27_DriverIRQHandler
                0x60002376                PWM2_3_DriverIRQHandler
                0x60002376                Reserved60_DriverIRQHandler
                0x60002376                XBAR1_IRQ_2_3_DriverIRQHandler
                0x60002376                SNVS_HP_WRAPPER_TZ_DriverIRQHandler
                0x60002376                GPIO3_Combined_16_31_DriverIRQHandler
                0x60002376                PWM1_FAULT_DriverIRQHandler
                0x60002376                LPI2C1_DriverIRQHandler
                0x60002376                PWM2_2_DriverIRQHandler
                0x60002376                Reserved128_DriverIRQHandler
                0x60002376                DMA4_DMA20_DriverIRQHandler
                0x60002376                DMA9_DMA25_DriverIRQHandler
                0x60002376                SNVS_HP_WRAPPER_DriverIRQHandler
                0x60002376                XBAR1_IRQ_0_1_DriverIRQHandler
                0x60002376                ADC_ETC_IRQ1_DriverIRQHandler
                0x60002376                LPSPI1_DriverIRQHandler
                0x60002376                DMA3_DMA19_DriverIRQHandler
                0x60002376                GPIO1_INT3_DriverIRQHandler
                0x60002376                DCP_VMI_DriverIRQHandler
                0x60002376                LPI2C4_DriverIRQHandler
                0x60002376                GPC_DriverIRQHandler
                0x60002376                Reserved123_DriverIRQHandler
                0x60002376                GPIO2_Combined_0_15_DriverIRQHandler
                0x60002376                PWM1_2_DriverIRQHandler
                0x60002376                USB_OTG1_DriverIRQHandler
                0x60002376                TEMP_LOW_HIGH_DriverIRQHandler
                0x60002376                SAI3_TX_DriverIRQHandler
                0x60002376                WDOG2_DriverIRQHandler
                0x60002376                Reserved68_DriverIRQHandler
                0x60002376                PMU_DriverIRQHandler
                0x60002376                Reserved59_DriverIRQHandler
                0x60002376                GPIO5_Combined_16_31_DriverIRQHandler
                0x60002376                DMA5_DMA21_DriverIRQHandler
                0x60002376                CCM_1_DriverIRQHandler
                0x60002376                ADC2_DriverIRQHandler
                0x60002376                Reserved58_DriverIRQHandler
                0x60002376                Reserved115_DriverIRQHandler
                0x60002376                TEMP_PANIC_DriverIRQHandler
                0x60002376                ACMP4_DriverIRQHandler
                0x60002376                DMA15_DMA31_DriverIRQHandler
                0x60002376                Reserved107_DriverIRQHandler
                0x60002376                LPSPI3_DriverIRQHandler
                0x60002376                PWM1_3_DriverIRQHandler
                0x60002376                Reserved70_DriverIRQHandler
                0x60002376                ACMP1_DriverIRQHandler
                0x60002376                LPI2C2_DriverIRQHandler
                0x60002376                Reserved86_DriverIRQHandler
                0x60002376                DMA_ERROR_DriverIRQHandler
                0x60002376                ADC_ETC_IRQ0_DriverIRQHandler
                0x60002376                CAN1_DriverIRQHandler
                0x60002376                GPIO1_INT6_DriverIRQHandler
                0x60002376                GPIO1_INT1_DriverIRQHandler
                0x60002376                PWM2_0_DriverIRQHandler
 *(SORT_BY_ALIGNMENT(.text*))
 .text.__assertion_failed
                0x60002378       0x18 ./utilities/fsl_assert.o
                0x60002378                __assertion_failed
 .text.DbgConsole_Init
                0x60002390       0x74 ./utilities/fsl_debug_console.o
                0x60002390                DbgConsole_Init
 .text.DbgConsole_Printf
                0x60002404       0x40 ./utilities/fsl_debug_console.o
                0x60002404                DbgConsole_Printf
 .text.DbgConsole_Putchar
                0x60002444       0x30 ./utilities/fsl_debug_console.o
                0x60002444                DbgConsole_Putchar
 .text.DbgConsole_Getchar
                0x60002474       0x3c ./utilities/fsl_debug_console.o
                0x60002474                DbgConsole_Getchar
 .text.DbgConsole_PrintfFormattedData
                0x600024b0      0x3bc ./utilities/fsl_debug_console.o
 .text.main     0x6000286c       0x40 ./source/hello_world.o
                0x6000286c                main
 .text.CLOCK_GetOscFreq
                0x600028ac       0x30 ./drivers/fsl_clock.o
 .text.CLOCK_InitExternalClk
                0x600028dc       0x6c ./drivers/fsl_clock.o
                0x600028dc                CLOCK_InitExternalClk
 .text.CLOCK_SwitchOsc
                0x60002948       0x34 ./drivers/fsl_clock.o
                0x60002948                CLOCK_SwitchOsc
 .text.CLOCK_InitRcOsc24M
                0x6000297c       0x24 ./drivers/fsl_clock.o
                0x6000297c                CLOCK_InitRcOsc24M
 .text.CLOCK_DeinitAudioPll
                0x600029a0       0x1c ./drivers/fsl_clock.o
                0x600029a0                CLOCK_DeinitAudioPll
 .text.CLOCK_InitEnetPll
                0x600029bc       0xa4 ./drivers/fsl_clock.o
                0x600029bc                CLOCK_InitEnetPll
 .text.CLOCK_GetPllFreq
                0x60002a60      0x27c ./drivers/fsl_clock.o
                0x60002a60                CLOCK_GetPllFreq
 .text.CLOCK_ControlGate
                0x60002cdc       0x64 ./drivers/fsl_lpuart.o
 .text.LPUART_GetInstance
                0x60002d40       0x4c ./drivers/fsl_lpuart.o
                0x60002d40                LPUART_GetInstance
 .text.LPUART_Init
                0x60002d8c      0x310 ./drivers/fsl_lpuart.o
                0x60002d8c                LPUART_Init
 .text.LPUART_GetDefaultConfig
                0x6000309c       0x88 ./drivers/fsl_lpuart.o
                0x6000309c                LPUART_GetDefaultConfig
 .text.LPUART_ClearStatusFlags
                0x60003124       0xa4 ./drivers/fsl_lpuart.o
                0x60003124                LPUART_ClearStatusFlags
 .text.LPUART_WriteBlocking
                0x600031c8       0x68 ./drivers/fsl_lpuart.o
                0x600031c8                LPUART_WriteBlocking
 .text.LPUART_ReadBlocking
                0x60003230      0x160 ./drivers/fsl_lpuart.o
                0x60003230                LPUART_ReadBlocking
 .text.LPUART1_DriverIRQHandler
                0x60003390       0x28 ./drivers/fsl_lpuart.o
                0x60003390                LPUART1_DriverIRQHandler
 .text.LPUART2_DriverIRQHandler
                0x600033b8       0x28 ./drivers/fsl_lpuart.o
                0x600033b8                LPUART2_DriverIRQHandler
 .text.LPUART3_DriverIRQHandler
                0x600033e0       0x28 ./drivers/fsl_lpuart.o
                0x600033e0                LPUART3_DriverIRQHandler
 .text.LPUART4_DriverIRQHandler
                0x60003408       0x28 ./drivers/fsl_lpuart.o
                0x60003408                LPUART4_DriverIRQHandler
 .text.LPUART5_DriverIRQHandler
                0x60003430       0x28 ./drivers/fsl_lpuart.o
                0x60003430                LPUART5_DriverIRQHandler
 .text.LPUART6_DriverIRQHandler
                0x60003458       0x28 ./drivers/fsl_lpuart.o
                0x60003458                LPUART6_DriverIRQHandler
 .text.LPUART7_DriverIRQHandler
                0x60003480       0x28 ./drivers/fsl_lpuart.o
                0x60003480                LPUART7_DriverIRQHandler
 .text.LPUART8_DriverIRQHandler
                0x600034a8       0x28 ./drivers/fsl_lpuart.o
                0x600034a8                LPUART8_DriverIRQHandler
 .text.SystemInit
                0x600034d0      0x1d8 ./device/system_MIMXRT1021.o
                0x600034d0                SystemInit
 .text.HAL_UartInit
                0x600036a8      0x100 ./component/uart/fsl_adapter_lpuart.o
                0x600036a8                HAL_UartInit
 .text.HAL_UartReceiveBlocking
                0x600037a8       0x6c ./component/uart/fsl_adapter_lpuart.o
                0x600037a8                HAL_UartReceiveBlocking
 .text.HAL_UartSendBlocking
                0x60003814       0x64 ./component/uart/fsl_adapter_lpuart.o
                0x60003814                HAL_UartSendBlocking
 .text.ARM_MPU_Enable
                0x60003878       0x40 ./board/board.o
 .text.ARM_MPU_Disable
                0x600038b8       0x34 ./board/board.o
 .text.CLOCK_GetMux
                0x600038ec       0x44 ./board/board.o
 .text.CLOCK_GetDiv
                0x60003930       0x44 ./board/board.o
 .text.CLOCK_GetOscFreq
                0x60003974       0x30 ./board/board.o
 .text.BOARD_DebugConsoleSrcFreq
                0x600039a4       0x64 ./board/board.o
                0x600039a4                BOARD_DebugConsoleSrcFreq
 .text.BOARD_ConfigMPU
                0x60003a08      0x2e4 ./board/board.o
                0x60003a08                BOARD_ConfigMPU
 .text.CLOCK_SetMux
                0x60003cec       0x9c ./board/clock_config.o
 .text.CLOCK_SetDiv
                0x60003d88       0x9c ./board/clock_config.o
 .text.CLOCK_ControlGate
                0x60003e24       0x64 ./board/clock_config.o
 .text.CLOCK_SetXtalFreq
                0x60003e88       0x20 ./board/clock_config.o
 .text.CLOCK_SetRtcXtalFreq
                0x60003ea8       0x20 ./board/clock_config.o
 .text.IOMUXC_EnableMode
                0x60003ec8       0x48 ./board/clock_config.o
 .text.IOMUXC_MQSConfig
                0x60003f10       0x44 ./board/clock_config.o
 .text.BOARD_BootClockRUN
                0x60003f54      0x498 ./board/clock_config.o
                0x60003f54                BOARD_BootClockRUN
 .text.CLOCK_ControlGate
                0x600043ec       0x64 ./board/pin_mux.o
 .text.BOARD_InitPins
                0x60004450       0xac ./board/pin_mux.o
                0x60004450                BOARD_InitPins
 .text._initio  0x600044fc       0x78 c:/nxp/mcuxpressoide_11.3.1_5262/ide/plugins/com.nxp.mcuxpresso.tools.win32_11.3.0.202008311133/tools/bin/../lib/gcc/arm-none-eabi/9.3.1/../../../../arm-none-eabi/lib/thumb/v7e-m+dp/hard\libcr_c.a(initio.o)
                0x600044fc                _initio
 .text.fflush   0x60004574       0x44 c:/nxp/mcuxpressoide_11.3.1_5262/ide/plugins/com.nxp.mcuxpresso.tools.win32_11.3.0.202008311133/tools/bin/../lib/gcc/arm-none-eabi/9.3.1/../../../../arm-none-eabi/lib/thumb/v7e-m+dp/hard\libcr_c.a(fflush.o)
                0x60004574                fflush
 .text.fseek    0x600045b8      0x100 c:/nxp/mcuxpressoide_11.3.1_5262/ide/plugins/com.nxp.mcuxpresso.tools.win32_11.3.0.202008311133/tools/bin/../lib/gcc/arm-none-eabi/9.3.1/../../../../arm-none-eabi/lib/thumb/v7e-m+dp/hard\libcr_c.a(fseek.o)
                0x600045b8                fseek
 .text.ftell    0x600046b8       0x44 c:/nxp/mcuxpressoide_11.3.1_5262/ide/plugins/com.nxp.mcuxpresso.tools.win32_11.3.0.202008311133/tools/bin/../lib/gcc/arm-none-eabi/9.3.1/../../../../arm-none-eabi/lib/thumb/v7e-m+dp/hard\libcr_c.a(ftell.o)
                0x600046b8                ftell
 .text._Cwritebuf
                0x600046fc       0x6c c:/nxp/mcuxpressoide_11.3.1_5262/ide/plugins/com.nxp.mcuxpresso.tools.win32_11.3.0.202008311133/tools/bin/../lib/gcc/arm-none-eabi/9.3.1/../../../../arm-none-eabi/lib/thumb/v7e-m+dp/hard\libcr_c.a(_writebuf.o)
                0x600046fc                _Cwritebuf
 .text.DbgConsole_PrintfPaddingCharacter
                0x60004768       0x40 ./utilities/fsl_debug_console.o
 .text.DbgConsole_ConvertRadixNumToString
                0x600047a8      0x110 ./utilities/fsl_debug_console.o
 .text.DMA0_DMA16_IRQHandler
                0x600048b8        0x8 ./startup/startup_mimxrt1021.o
                0x600048b8                DMA0_DMA16_IRQHandler
 .text.DMA1_DMA17_IRQHandler
                0x600048c0        0x8 ./startup/startup_mimxrt1021.o
                0x600048c0                DMA1_DMA17_IRQHandler
 .text.DMA2_DMA18_IRQHandler
                0x600048c8        0x8 ./startup/startup_mimxrt1021.o
                0x600048c8                DMA2_DMA18_IRQHandler
 .text.DMA3_DMA19_IRQHandler
                0x600048d0        0x8 ./startup/startup_mimxrt1021.o
                0x600048d0                DMA3_DMA19_IRQHandler
 .text.DMA4_DMA20_IRQHandler
                0x600048d8        0x8 ./startup/startup_mimxrt1021.o
                0x600048d8                DMA4_DMA20_IRQHandler
 .text.DMA5_DMA21_IRQHandler
                0x600048e0        0x8 ./startup/startup_mimxrt1021.o
                0x600048e0                DMA5_DMA21_IRQHandler
 .text.DMA6_DMA22_IRQHandler
                0x600048e8        0x8 ./startup/startup_mimxrt1021.o
                0x600048e8                DMA6_DMA22_IRQHandler
 .text.DMA7_DMA23_IRQHandler
                0x600048f0        0x8 ./startup/startup_mimxrt1021.o
                0x600048f0                DMA7_DMA23_IRQHandler
 .text.DMA8_DMA24_IRQHandler
                0x600048f8        0x8 ./startup/startup_mimxrt1021.o
                0x600048f8                DMA8_DMA24_IRQHandler
 .text.DMA9_DMA25_IRQHandler
                0x60004900        0x8 ./startup/startup_mimxrt1021.o
                0x60004900                DMA9_DMA25_IRQHandler
 .text.DMA10_DMA26_IRQHandler
                0x60004908        0x8 ./startup/startup_mimxrt1021.o
                0x60004908                DMA10_DMA26_IRQHandler
 .text.DMA11_DMA27_IRQHandler
                0x60004910        0x8 ./startup/startup_mimxrt1021.o
                0x60004910                DMA11_DMA27_IRQHandler
 .text.DMA12_DMA28_IRQHandler
                0x60004918        0x8 ./startup/startup_mimxrt1021.o
                0x60004918                DMA12_DMA28_IRQHandler
 .text.DMA13_DMA29_IRQHandler
                0x60004920        0x8 ./startup/startup_mimxrt1021.o
                0x60004920                DMA13_DMA29_IRQHandler
 .text.DMA14_DMA30_IRQHandler
                0x60004928        0x8 ./startup/startup_mimxrt1021.o
                0x60004928                DMA14_DMA30_IRQHandler
 .text.DMA15_DMA31_IRQHandler
                0x60004930        0x8 ./startup/startup_mimxrt1021.o
                0x60004930                DMA15_DMA31_IRQHandler
 .text.DMA_ERROR_IRQHandler
                0x60004938        0x8 ./startup/startup_mimxrt1021.o
                0x60004938                DMA_ERROR_IRQHandler
 .text.CTI0_ERROR_IRQHandler
                0x60004940        0x8 ./startup/startup_mimxrt1021.o
                0x60004940                CTI0_ERROR_IRQHandler
 .text.CTI1_ERROR_IRQHandler
                0x60004948        0x8 ./startup/startup_mimxrt1021.o
                0x60004948                CTI1_ERROR_IRQHandler
 .text.CORE_IRQHandler
                0x60004950        0x8 ./startup/startup_mimxrt1021.o
                0x60004950                CORE_IRQHandler
 .text.LPUART1_IRQHandler
                0x60004958        0x8 ./startup/startup_mimxrt1021.o
                0x60004958                LPUART1_IRQHandler
 .text.LPUART2_IRQHandler
                0x60004960        0x8 ./startup/startup_mimxrt1021.o
                0x60004960                LPUART2_IRQHandler
 .text.LPUART3_IRQHandler
                0x60004968        0x8 ./startup/startup_mimxrt1021.o
                0x60004968                LPUART3_IRQHandler
 .text.LPUART4_IRQHandler
                0x60004970        0x8 ./startup/startup_mimxrt1021.o
                0x60004970                LPUART4_IRQHandler
 .text.LPUART5_IRQHandler
                0x60004978        0x8 ./startup/startup_mimxrt1021.o
                0x60004978                LPUART5_IRQHandler
 .text.LPUART6_IRQHandler
                0x60004980        0x8 ./startup/startup_mimxrt1021.o
                0x60004980                LPUART6_IRQHandler
 .text.LPUART7_IRQHandler
                0x60004988        0x8 ./startup/startup_mimxrt1021.o
                0x60004988                LPUART7_IRQHandler
 .text.LPUART8_IRQHandler
                0x60004990        0x8 ./startup/startup_mimxrt1021.o
                0x60004990                LPUART8_IRQHandler
 .text.LPI2C1_IRQHandler
                0x60004998        0x8 ./startup/startup_mimxrt1021.o
                0x60004998                LPI2C1_IRQHandler
 .text.LPI2C2_IRQHandler
                0x600049a0        0x8 ./startup/startup_mimxrt1021.o
                0x600049a0                LPI2C2_IRQHandler
 .text.LPI2C3_IRQHandler
                0x600049a8        0x8 ./startup/startup_mimxrt1021.o
                0x600049a8                LPI2C3_IRQHandler
 .text.LPI2C4_IRQHandler
                0x600049b0        0x8 ./startup/startup_mimxrt1021.o
                0x600049b0                LPI2C4_IRQHandler
 .text.LPSPI1_IRQHandler
                0x600049b8        0x8 ./startup/startup_mimxrt1021.o
                0x600049b8                LPSPI1_IRQHandler
 .text.LPSPI2_IRQHandler
                0x600049c0        0x8 ./startup/startup_mimxrt1021.o
                0x600049c0                LPSPI2_IRQHandler
 .text.LPSPI3_IRQHandler
                0x600049c8        0x8 ./startup/startup_mimxrt1021.o
                0x600049c8                LPSPI3_IRQHandler
 .text.LPSPI4_IRQHandler
                0x600049d0        0x8 ./startup/startup_mimxrt1021.o
                0x600049d0                LPSPI4_IRQHandler
 .text.CAN1_IRQHandler
                0x600049d8        0x8 ./startup/startup_mimxrt1021.o
                0x600049d8                CAN1_IRQHandler
 .text.CAN2_IRQHandler
                0x600049e0        0x8 ./startup/startup_mimxrt1021.o
                0x600049e0                CAN2_IRQHandler
 .text.FLEXRAM_IRQHandler
                0x600049e8        0x8 ./startup/startup_mimxrt1021.o
                0x600049e8                FLEXRAM_IRQHandler
 .text.KPP_IRQHandler
                0x600049f0        0x8 ./startup/startup_mimxrt1021.o
                0x600049f0                KPP_IRQHandler
 .text.Reserved56_IRQHandler
                0x600049f8        0x8 ./startup/startup_mimxrt1021.o
                0x600049f8                Reserved56_IRQHandler
 .text.GPR_IRQ_IRQHandler
                0x60004a00        0x8 ./startup/startup_mimxrt1021.o
                0x60004a00                GPR_IRQ_IRQHandler
 .text.Reserved58_IRQHandler
                0x60004a08        0x8 ./startup/startup_mimxrt1021.o
                0x60004a08                Reserved58_IRQHandler
 .text.Reserved59_IRQHandler
                0x60004a10        0x8 ./startup/startup_mimxrt1021.o
                0x60004a10                Reserved59_IRQHandler
 .text.Reserved60_IRQHandler
                0x60004a18        0x8 ./startup/startup_mimxrt1021.o
                0x60004a18                Reserved60_IRQHandler
 .text.WDOG2_IRQHandler
                0x60004a20        0x8 ./startup/startup_mimxrt1021.o
                0x60004a20                WDOG2_IRQHandler
 .text.SNVS_HP_WRAPPER_IRQHandler
                0x60004a28        0x8 ./startup/startup_mimxrt1021.o
                0x60004a28                SNVS_HP_WRAPPER_IRQHandler
 .text.SNVS_HP_WRAPPER_TZ_IRQHandler
                0x60004a30        0x8 ./startup/startup_mimxrt1021.o
                0x60004a30                SNVS_HP_WRAPPER_TZ_IRQHandler
 .text.SNVS_LP_HP_WRAPPER_IRQHandler
                0x60004a38        0x8 ./startup/startup_mimxrt1021.o
                0x60004a38                SNVS_LP_HP_WRAPPER_IRQHandler
 .text.CSU_IRQHandler
                0x60004a40        0x8 ./startup/startup_mimxrt1021.o
                0x60004a40                CSU_IRQHandler
 .text.DCP_IRQHandler
                0x60004a48        0x8 ./startup/startup_mimxrt1021.o
                0x60004a48                DCP_IRQHandler
 .text.DCP_VMI_IRQHandler
                0x60004a50        0x8 ./startup/startup_mimxrt1021.o
                0x60004a50                DCP_VMI_IRQHandler
 .text.Reserved68_IRQHandler
                0x60004a58        0x8 ./startup/startup_mimxrt1021.o
                0x60004a58                Reserved68_IRQHandler
 .text.TRNG_IRQHandler
                0x60004a60        0x8 ./startup/startup_mimxrt1021.o
                0x60004a60                TRNG_IRQHandler
 .text.Reserved70_IRQHandler
                0x60004a68        0x8 ./startup/startup_mimxrt1021.o
                0x60004a68                Reserved70_IRQHandler
 .text.BEE_IRQHandler
                0x60004a70        0x8 ./startup/startup_mimxrt1021.o
                0x60004a70                BEE_IRQHandler
 .text.SAI1_IRQHandler
                0x60004a78        0x8 ./startup/startup_mimxrt1021.o
                0x60004a78                SAI1_IRQHandler
 .text.SAI2_IRQHandler
                0x60004a80        0x8 ./startup/startup_mimxrt1021.o
                0x60004a80                SAI2_IRQHandler
 .text.SAI3_RX_IRQHandler
                0x60004a88        0x8 ./startup/startup_mimxrt1021.o
                0x60004a88                SAI3_RX_IRQHandler
 .text.SAI3_TX_IRQHandler
                0x60004a90        0x8 ./startup/startup_mimxrt1021.o
                0x60004a90                SAI3_TX_IRQHandler
 .text.SPDIF_IRQHandler
                0x60004a98        0x8 ./startup/startup_mimxrt1021.o
                0x60004a98                SPDIF_IRQHandler
 .text.PMU_IRQHandler
                0x60004aa0        0x8 ./startup/startup_mimxrt1021.o
                0x60004aa0                PMU_IRQHandler
 .text.Reserved78_IRQHandler
                0x60004aa8        0x8 ./startup/startup_mimxrt1021.o
                0x60004aa8                Reserved78_IRQHandler
 .text.TEMP_LOW_HIGH_IRQHandler
                0x60004ab0        0x8 ./startup/startup_mimxrt1021.o
                0x60004ab0                TEMP_LOW_HIGH_IRQHandler
 .text.TEMP_PANIC_IRQHandler
                0x60004ab8        0x8 ./startup/startup_mimxrt1021.o
                0x60004ab8                TEMP_PANIC_IRQHandler
 .text.USB_PHY_IRQHandler
                0x60004ac0        0x8 ./startup/startup_mimxrt1021.o
                0x60004ac0                USB_PHY_IRQHandler
 .text.Reserved82_IRQHandler
                0x60004ac8        0x8 ./startup/startup_mimxrt1021.o
                0x60004ac8                Reserved82_IRQHandler
 .text.ADC1_IRQHandler
                0x60004ad0        0x8 ./startup/startup_mimxrt1021.o
                0x60004ad0                ADC1_IRQHandler
 .text.ADC2_IRQHandler
                0x60004ad8        0x8 ./startup/startup_mimxrt1021.o
                0x60004ad8                ADC2_IRQHandler
 .text.DCDC_IRQHandler
                0x60004ae0        0x8 ./startup/startup_mimxrt1021.o
                0x60004ae0                DCDC_IRQHandler
 .text.Reserved86_IRQHandler
                0x60004ae8        0x8 ./startup/startup_mimxrt1021.o
                0x60004ae8                Reserved86_IRQHandler
 .text.Reserved87_IRQHandler
                0x60004af0        0x8 ./startup/startup_mimxrt1021.o
                0x60004af0                Reserved87_IRQHandler
 .text.GPIO1_INT0_IRQHandler
                0x60004af8        0x8 ./startup/startup_mimxrt1021.o
                0x60004af8                GPIO1_INT0_IRQHandler
 .text.GPIO1_INT1_IRQHandler
                0x60004b00        0x8 ./startup/startup_mimxrt1021.o
                0x60004b00                GPIO1_INT1_IRQHandler
 .text.GPIO1_INT2_IRQHandler
                0x60004b08        0x8 ./startup/startup_mimxrt1021.o
                0x60004b08                GPIO1_INT2_IRQHandler
 .text.GPIO1_INT3_IRQHandler
                0x60004b10        0x8 ./startup/startup_mimxrt1021.o
                0x60004b10                GPIO1_INT3_IRQHandler
 .text.GPIO1_INT4_IRQHandler
                0x60004b18        0x8 ./startup/startup_mimxrt1021.o
                0x60004b18                GPIO1_INT4_IRQHandler
 .text.GPIO1_INT5_IRQHandler
                0x60004b20        0x8 ./startup/startup_mimxrt1021.o
                0x60004b20                GPIO1_INT5_IRQHandler
 .text.GPIO1_INT6_IRQHandler
                0x60004b28        0x8 ./startup/startup_mimxrt1021.o
                0x60004b28                GPIO1_INT6_IRQHandler
 .text.GPIO1_INT7_IRQHandler
                0x60004b30        0x8 ./startup/startup_mimxrt1021.o
                0x60004b30                GPIO1_INT7_IRQHandler
 .text.GPIO1_Combined_0_15_IRQHandler
                0x60004b38        0x8 ./startup/startup_mimxrt1021.o
                0x60004b38                GPIO1_Combined_0_15_IRQHandler
 .text.GPIO1_Combined_16_31_IRQHandler
                0x60004b40        0x8 ./startup/startup_mimxrt1021.o
                0x60004b40                GPIO1_Combined_16_31_IRQHandler
 .text.GPIO2_Combined_0_15_IRQHandler
                0x60004b48        0x8 ./startup/startup_mimxrt1021.o
                0x60004b48                GPIO2_Combined_0_15_IRQHandler
 .text.GPIO2_Combined_16_31_IRQHandler
                0x60004b50        0x8 ./startup/startup_mimxrt1021.o
                0x60004b50                GPIO2_Combined_16_31_IRQHandler
 .text.GPIO3_Combined_0_15_IRQHandler
                0x60004b58        0x8 ./startup/startup_mimxrt1021.o
                0x60004b58                GPIO3_Combined_0_15_IRQHandler
 .text.GPIO3_Combined_16_31_IRQHandler
                0x60004b60        0x8 ./startup/startup_mimxrt1021.o
                0x60004b60                GPIO3_Combined_16_31_IRQHandler
 .text.Reserved102_IRQHandler
                0x60004b68        0x8 ./startup/startup_mimxrt1021.o
                0x60004b68                Reserved102_IRQHandler
 .text.Reserved103_IRQHandler
                0x60004b70        0x8 ./startup/startup_mimxrt1021.o
                0x60004b70                Reserved103_IRQHandler
 .text.GPIO5_Combined_0_15_IRQHandler
                0x60004b78        0x8 ./startup/startup_mimxrt1021.o
                0x60004b78                GPIO5_Combined_0_15_IRQHandler
 .text.GPIO5_Combined_16_31_IRQHandler
                0x60004b80        0x8 ./startup/startup_mimxrt1021.o
                0x60004b80                GPIO5_Combined_16_31_IRQHandler
 .text.FLEXIO1_IRQHandler
                0x60004b88        0x8 ./startup/startup_mimxrt1021.o
                0x60004b88                FLEXIO1_IRQHandler
 .text.Reserved107_IRQHandler
                0x60004b90        0x8 ./startup/startup_mimxrt1021.o
                0x60004b90                Reserved107_IRQHandler
 .text.WDOG1_IRQHandler
                0x60004b98        0x8 ./startup/startup_mimxrt1021.o
                0x60004b98                WDOG1_IRQHandler
 .text.RTWDOG_IRQHandler
                0x60004ba0        0x8 ./startup/startup_mimxrt1021.o
                0x60004ba0                RTWDOG_IRQHandler
 .text.EWM_IRQHandler
                0x60004ba8        0x8 ./startup/startup_mimxrt1021.o
                0x60004ba8                EWM_IRQHandler
 .text.CCM_1_IRQHandler
                0x60004bb0        0x8 ./startup/startup_mimxrt1021.o
                0x60004bb0                CCM_1_IRQHandler
 .text.CCM_2_IRQHandler
                0x60004bb8        0x8 ./startup/startup_mimxrt1021.o
                0x60004bb8                CCM_2_IRQHandler
 .text.GPC_IRQHandler
                0x60004bc0        0x8 ./startup/startup_mimxrt1021.o
                0x60004bc0                GPC_IRQHandler
 .text.SRC_IRQHandler
                0x60004bc8        0x8 ./startup/startup_mimxrt1021.o
                0x60004bc8                SRC_IRQHandler
 .text.Reserved115_IRQHandler
                0x60004bd0        0x8 ./startup/startup_mimxrt1021.o
                0x60004bd0                Reserved115_IRQHandler
 .text.GPT1_IRQHandler
                0x60004bd8        0x8 ./startup/startup_mimxrt1021.o
                0x60004bd8                GPT1_IRQHandler
 .text.GPT2_IRQHandler
                0x60004be0        0x8 ./startup/startup_mimxrt1021.o
                0x60004be0                GPT2_IRQHandler
 .text.PWM1_0_IRQHandler
                0x60004be8        0x8 ./startup/startup_mimxrt1021.o
                0x60004be8                PWM1_0_IRQHandler
 .text.PWM1_1_IRQHandler
                0x60004bf0        0x8 ./startup/startup_mimxrt1021.o
                0x60004bf0                PWM1_1_IRQHandler
 .text.PWM1_2_IRQHandler
                0x60004bf8        0x8 ./startup/startup_mimxrt1021.o
                0x60004bf8                PWM1_2_IRQHandler
 .text.PWM1_3_IRQHandler
                0x60004c00        0x8 ./startup/startup_mimxrt1021.o
                0x60004c00                PWM1_3_IRQHandler
 .text.PWM1_FAULT_IRQHandler
                0x60004c08        0x8 ./startup/startup_mimxrt1021.o
                0x60004c08                PWM1_FAULT_IRQHandler
 .text.Reserved123_IRQHandler
                0x60004c10        0x8 ./startup/startup_mimxrt1021.o
                0x60004c10                Reserved123_IRQHandler
 .text.FLEXSPI_IRQHandler
                0x60004c18        0x8 ./startup/startup_mimxrt1021.o
                0x60004c18                FLEXSPI_IRQHandler
 .text.SEMC_IRQHandler
                0x60004c20        0x8 ./startup/startup_mimxrt1021.o
                0x60004c20                SEMC_IRQHandler
 .text.USDHC1_IRQHandler
                0x60004c28        0x8 ./startup/startup_mimxrt1021.o
                0x60004c28                USDHC1_IRQHandler
 .text.USDHC2_IRQHandler
                0x60004c30        0x8 ./startup/startup_mimxrt1021.o
                0x60004c30                USDHC2_IRQHandler
 .text.Reserved128_IRQHandler
                0x60004c38        0x8 ./startup/startup_mimxrt1021.o
                0x60004c38                Reserved128_IRQHandler
 .text.USB_OTG1_IRQHandler
                0x60004c40        0x8 ./startup/startup_mimxrt1021.o
                0x60004c40                USB_OTG1_IRQHandler
 .text.ENET_IRQHandler
                0x60004c48        0x8 ./startup/startup_mimxrt1021.o
                0x60004c48                ENET_IRQHandler
 .text.ENET_1588_Timer_IRQHandler
                0x60004c50        0x8 ./startup/startup_mimxrt1021.o
                0x60004c50                ENET_1588_Timer_IRQHandler
 .text.XBAR1_IRQ_0_1_IRQHandler
                0x60004c58        0x8 ./startup/startup_mimxrt1021.o
                0x60004c58                XBAR1_IRQ_0_1_IRQHandler
 .text.XBAR1_IRQ_2_3_IRQHandler
                0x60004c60        0x8 ./startup/startup_mimxrt1021.o
                0x60004c60                XBAR1_IRQ_2_3_IRQHandler
 .text.ADC_ETC_IRQ0_IRQHandler
                0x60004c68        0x8 ./startup/startup_mimxrt1021.o
                0x60004c68                ADC_ETC_IRQ0_IRQHandler
 .text.ADC_ETC_IRQ1_IRQHandler
                0x60004c70        0x8 ./startup/startup_mimxrt1021.o
                0x60004c70                ADC_ETC_IRQ1_IRQHandler
 .text.ADC_ETC_IRQ2_IRQHandler
                0x60004c78        0x8 ./startup/startup_mimxrt1021.o
                0x60004c78                ADC_ETC_IRQ2_IRQHandler
 .text.ADC_ETC_ERROR_IRQ_IRQHandler
                0x60004c80        0x8 ./startup/startup_mimxrt1021.o
                0x60004c80                ADC_ETC_ERROR_IRQ_IRQHandler
 .text.PIT_IRQHandler
                0x60004c88        0x8 ./startup/startup_mimxrt1021.o
                0x60004c88                PIT_IRQHandler
 .text.ACMP1_IRQHandler
                0x60004c90        0x8 ./startup/startup_mimxrt1021.o
                0x60004c90                ACMP1_IRQHandler
 .text.ACMP2_IRQHandler
                0x60004c98        0x8 ./startup/startup_mimxrt1021.o
                0x60004c98                ACMP2_IRQHandler
 .text.ACMP3_IRQHandler
                0x60004ca0        0x8 ./startup/startup_mimxrt1021.o
                0x60004ca0                ACMP3_IRQHandler
 .text.ACMP4_IRQHandler
                0x60004ca8        0x8 ./startup/startup_mimxrt1021.o
                0x60004ca8                ACMP4_IRQHandler
 .text.Reserved143_IRQHandler
                0x60004cb0        0x8 ./startup/startup_mimxrt1021.o
                0x60004cb0                Reserved143_IRQHandler
 .text.Reserved144_IRQHandler
                0x60004cb8        0x8 ./startup/startup_mimxrt1021.o
                0x60004cb8                Reserved144_IRQHandler
 .text.ENC1_IRQHandler
                0x60004cc0        0x8 ./startup/startup_mimxrt1021.o
                0x60004cc0                ENC1_IRQHandler
 .text.ENC2_IRQHandler
                0x60004cc8        0x8 ./startup/startup_mimxrt1021.o
                0x60004cc8                ENC2_IRQHandler
 .text.Reserved147_IRQHandler
                0x60004cd0        0x8 ./startup/startup_mimxrt1021.o
                0x60004cd0                Reserved147_IRQHandler
 .text.Reserved148_IRQHandler
                0x60004cd8        0x8 ./startup/startup_mimxrt1021.o
                0x60004cd8                Reserved148_IRQHandler
 .text.TMR1_IRQHandler
                0x60004ce0        0x8 ./startup/startup_mimxrt1021.o
                0x60004ce0                TMR1_IRQHandler
 .text.TMR2_IRQHandler
                0x60004ce8        0x8 ./startup/startup_mimxrt1021.o
                0x60004ce8                TMR2_IRQHandler
 .text.Reserved151_IRQHandler
                0x60004cf0        0x8 ./startup/startup_mimxrt1021.o
                0x60004cf0                Reserved151_IRQHandler
 .text.Reserved152_IRQHandler
                0x60004cf8        0x8 ./startup/startup_mimxrt1021.o
                0x60004cf8                Reserved152_IRQHandler
 .text.PWM2_0_IRQHandler
                0x60004d00        0x8 ./startup/startup_mimxrt1021.o
                0x60004d00                PWM2_0_IRQHandler
 .text.PWM2_1_IRQHandler
                0x60004d08        0x8 ./startup/startup_mimxrt1021.o
                0x60004d08                PWM2_1_IRQHandler
 .text.PWM2_2_IRQHandler
                0x60004d10        0x8 ./startup/startup_mimxrt1021.o
                0x60004d10                PWM2_2_IRQHandler
 .text.PWM2_3_IRQHandler
                0x60004d18        0x8 ./startup/startup_mimxrt1021.o
                0x60004d18                PWM2_3_IRQHandler
 .text.PWM2_FAULT_IRQHandler
                0x60004d20        0x8 ./startup/startup_mimxrt1021.o
                0x60004d20                PWM2_FAULT_IRQHandler
 .text.HardFault_Handler
                0x60004d28       0x2c ./source/semihost_hardfault.o
                0x60004d28                HardFault_Handler
 .text.CLOCK_IsPllBypassed
                0x60004d54       0x32 ./drivers/fsl_clock.o
 .text.CLOCK_IsPllEnabled
                0x60004d86       0x3c ./drivers/fsl_clock.o
 .text.CLOCK_GetPllBypassRefClk
                0x60004dc2       0x34 ./drivers/fsl_clock.o
 .text.CLOCK_EnableClock
                0x60004df6       0x1e ./drivers/fsl_lpuart.o
 .text.LPUART_SoftwareReset
                0x60004e14       0x2c ./drivers/fsl_lpuart.o
 .text.LPUART_GetStatusFlags
                0x60004e40       0x2c ./drivers/fsl_lpuart.o
                0x60004e40                LPUART_GetStatusFlags
 .text.SystemInitHook
                0x60004e6c        0xe ./device/system_MIMXRT1021.o
                0x60004e6c                SystemInitHook
 .text.HAL_UartGetStatus
                0x60004e7a       0x28 ./component/uart/fsl_adapter_lpuart.o
 .text.BOARD_InitDebugConsole
                0x60004ea2       0x22 ./board/board.o
                0x60004ea2                BOARD_InitDebugConsole
 .text.CLOCK_DisableClock
                0x60004ec4       0x1e ./board/clock_config.o
 .text.CLOCK_SetPllBypass
                0x60004ee2       0x4e ./board/clock_config.o
 .text.IOMUXC_SetSaiMClkClockSource
                0x60004f30       0x6c ./board/clock_config.o
 .text.BOARD_InitBootClocks
                0x60004f9c        0xc ./board/clock_config.o
                0x60004f9c                BOARD_InitBootClocks
 .text.CLOCK_EnableClock
                0x60004fa8       0x1e ./board/pin_mux.o
 .text.IOMUXC_SetPinMux
                0x60004fc6       0x3a ./board/pin_mux.o
 .text.IOMUXC_SetPinConfig
                0x60005000       0x26 ./board/pin_mux.o
 .text.__main   0x60005026        0xe c:/nxp/mcuxpressoide_11.3.1_5262/ide/plugins/com.nxp.mcuxpresso.tools.win32_11.3.0.202008311133/tools/bin/../lib/gcc/arm-none-eabi/9.3.1/../../../../arm-none-eabi/lib/thumb/v7e-m+dp/hard\libcr_nohost_nf.a(_cr__main.o)
                0x60005026                __main
 .text.memset   0x60005034        0x4 c:/nxp/mcuxpressoide_11.3.1_5262/ide/plugins/com.nxp.mcuxpresso.tools.win32_11.3.0.202008311133/tools/bin/../lib/gcc/arm-none-eabi/9.3.1/../../../../arm-none-eabi/lib/thumb/v7e-m+dp/hard\libcr_c.a(memset.o)
                0x60005034                memset
 .text.free     0x60005038       0x30 c:/nxp/mcuxpressoide_11.3.1_5262/ide/plugins/com.nxp.mcuxpresso.tools.win32_11.3.0.202008311133/tools/bin/../lib/gcc/arm-none-eabi/9.3.1/../../../../arm-none-eabi/lib/thumb/v7e-m+dp/hard\libcr_c.a(alloc.o)
                0x60005038                free
 .text.setvbuf  0x60005068       0x3e c:/nxp/mcuxpressoide_11.3.1_5262/ide/plugins/com.nxp.mcuxpresso.tools.win32_11.3.0.202008311133/tools/bin/../lib/gcc/arm-none-eabi/9.3.1/../../../../arm-none-eabi/lib/thumb/v7e-m+dp/hard\libcr_c.a(setvbuf.o)
                0x60005068                setvbuf
 .text.strlen   0x600050a6       0x4c c:/nxp/mcuxpressoide_11.3.1_5262/ide/plugins/com.nxp.mcuxpresso.tools.win32_11.3.0.202008311133/tools/bin/../lib/gcc/arm-none-eabi/9.3.1/../../../../arm-none-eabi/lib/thumb/v7e-m+dp/hard\libcr_c.a(strlen.o)
                0x600050a6                strlen
 .text._fdopen  0x600050f2       0x68 c:/nxp/mcuxpressoide_11.3.1_5262/ide/plugins/com.nxp.mcuxpresso.tools.win32_11.3.0.202008311133/tools/bin/../lib/gcc/arm-none-eabi/9.3.1/../../../../arm-none-eabi/lib/thumb/v7e-m+dp/hard\libcr_c.a(_fdopen.o)
                0x600050f2                _fdopen
 .text.fclose   0x6000515a       0x58 c:/nxp/mcuxpressoide_11.3.1_5262/ide/plugins/com.nxp.mcuxpresso.tools.win32_11.3.0.202008311133/tools/bin/../lib/gcc/arm-none-eabi/9.3.1/../../../../arm-none-eabi/lib/thumb/v7e-m+dp/hard\libcr_c.a(fclose.o)
                0x6000515a                fclose
 .text.remove   0x600051b2       0x14 c:/nxp/mcuxpressoide_11.3.1_5262/ide/plugins/com.nxp.mcuxpresso.tools.win32_11.3.0.202008311133/tools/bin/../lib/gcc/arm-none-eabi/9.3.1/../../../../arm-none-eabi/lib/thumb/v7e-m+dp/hard\libcr_c.a(remove.o)
                0x600051b2                remove
 .text._do_fflush
                0x600051c6       0x40 c:/nxp/mcuxpressoide_11.3.1_5262/ide/plugins/com.nxp.mcuxpresso.tools.win32_11.3.0.202008311133/tools/bin/../lib/gcc/arm-none-eabi/9.3.1/../../../../arm-none-eabi/lib/thumb/v7e-m+dp/hard\libcr_c.a(_do_fflush.o)
                0x600051c6                _do_fflush
 .text._fflush  0x60005206       0x52 c:/nxp/mcuxpressoide_11.3.1_5262/ide/plugins/com.nxp.mcuxpresso.tools.win32_11.3.0.202008311133/tools/bin/../lib/gcc/arm-none-eabi/9.3.1/../../../../arm-none-eabi/lib/thumb/v7e-m+dp/hard\libcr_c.a(_fflush.o)
                0x60005206                _fflush
 .text._deferredlazyseek
                0x60005258       0x40 c:/nxp/mcuxpressoide_11.3.1_5262/ide/plugins/com.nxp.mcuxpresso.tools.win32_11.3.0.202008311133/tools/bin/../lib/gcc/arm-none-eabi/9.3.1/../../../../arm-none-eabi/lib/thumb/v7e-m+dp/hard\libcr_c.a(_deferredlazyseek.o)
                0x60005258                _deferredlazyseek
 .text.__aeabi_memset_lowlevel
                0x60005298       0x32 c:/nxp/mcuxpressoide_11.3.1_5262/ide/plugins/com.nxp.mcuxpresso.tools.win32_11.3.0.202008311133/tools/bin/../lib/gcc/arm-none-eabi/9.3.1/thumb/v7e-m+dp/hard\libcr_eabihelpers.a(memcpy.o)
                0x60005298                __aeabi_lowlevel_memset
 .text.__sys_close
                0x600052ca        0x6 c:/nxp/mcuxpressoide_11.3.1_5262/ide/plugins/com.nxp.mcuxpresso.tools.win32_11.3.0.202008311133/tools/bin/../lib/gcc/arm-none-eabi/9.3.1/../../../../arm-none-eabi/lib/thumb/v7e-m+dp/hard\libcr_nohost_nf.a(__sys_close.o)
                0x600052ca                __sys_close
 .text.__sys_flen
                0x600052d0        0x6 c:/nxp/mcuxpressoide_11.3.1_5262/ide/plugins/com.nxp.mcuxpresso.tools.win32_11.3.0.202008311133/tools/bin/../lib/gcc/arm-none-eabi/9.3.1/../../../../arm-none-eabi/lib/thumb/v7e-m+dp/hard\libcr_nohost_nf.a(__sys_flen.o)
                0x600052d0                __sys_flen
 .text.__sys_istty
                0x600052d6        0x6 c:/nxp/mcuxpressoide_11.3.1_5262/ide/plugins/com.nxp.mcuxpresso.tools.win32_11.3.0.202008311133/tools/bin/../lib/gcc/arm-none-eabi/9.3.1/../../../../arm-none-eabi/lib/thumb/v7e-m+dp/hard\libcr_nohost_nf.a(__sys_istty.o)
                0x600052d6                __sys_istty
 .text.__sys_remove
                0x600052dc        0x6 c:/nxp/mcuxpressoide_11.3.1_5262/ide/plugins/com.nxp.mcuxpresso.tools.win32_11.3.0.202008311133/tools/bin/../lib/gcc/arm-none-eabi/9.3.1/../../../../arm-none-eabi/lib/thumb/v7e-m+dp/hard\libcr_nohost_nf.a(__sys_remove.o)
                0x600052dc                __sys_remove
 .text.__sys_seek
                0x600052e2        0x6 c:/nxp/mcuxpressoide_11.3.1_5262/ide/plugins/com.nxp.mcuxpresso.tools.win32_11.3.0.202008311133/tools/bin/../lib/gcc/arm-none-eabi/9.3.1/../../../../arm-none-eabi/lib/thumb/v7e-m+dp/hard\libcr_nohost_nf.a(__sys_seek.o)
                0x600052e2                __sys_seek
 .text.__sys_tmpnam
                0x600052e8        0x6 c:/nxp/mcuxpressoide_11.3.1_5262/ide/plugins/com.nxp.mcuxpresso.tools.win32_11.3.0.202008311133/tools/bin/../lib/gcc/arm-none-eabi/9.3.1/../../../../arm-none-eabi/lib/thumb/v7e-m+dp/hard\libcr_nohost_nf.a(__sys_tmpnam.o)
                0x600052e8                __sys_tmpnam
 .text.__sys_write
                0x600052ee        0x4 c:/nxp/mcuxpressoide_11.3.1_5262/ide/plugins/com.nxp.mcuxpresso.tools.win32_11.3.0.202008311133/tools/bin/../lib/gcc/arm-none-eabi/9.3.1/../../../../arm-none-eabi/lib/thumb/v7e-m+dp/hard\libcr_nohost_nf.a(__sys_write.o)
                0x600052ee                __sys_write
 *(SORT_BY_ALIGNMENT(.rodata) SORT_BY_ALIGNMENT(.rodata.*) SORT_BY_ALIGNMENT(.constdata) SORT_BY_ALIGNMENT(.constdata.*))
 *fill*         0x600052f2        0x2 ff
 .rodata.__assertion_failed.str1.4
                0x600052f4       0x14 ./utilities/fsl_assert.o
 .rodata.main.str1.4
                0x60005308       0x14 ./source/hello_world.o
 .rodata.CLOCK_InitExternalClk.str1.4
                0x6000531c       0x22 ./drivers/fsl_clock.o
 *fill*         0x6000533e        0x2 ff
 .rodata        0x60005340       0xe0 ./drivers/fsl_clock.o
 .rodata.CLOCK_GetPllFreq.str1.4
                0x60005420       0x35 ./drivers/fsl_clock.o
 *fill*         0x60005455        0x3 ff
 .rodata.CLOCK_ControlGate.str1.4
                0x60005458       0x21 ./drivers/fsl_lpuart.o
 *fill*         0x60005479        0x3 ff
 .rodata.s_lpuartBases
                0x6000547c       0x24 ./drivers/fsl_lpuart.o
 .rodata.s_lpuartClock
                0x600054a0       0x12 ./drivers/fsl_lpuart.o
 *fill*         0x600054b2        0x2 ff
 .rodata.LPUART_GetInstance.str1.4
                0x600054b4       0x39 ./drivers/fsl_lpuart.o
 *fill*         0x600054ed        0x3 ff
 .rodata.LPUART_Init.str1.4
                0x600054f0      0x10c ./drivers/fsl_lpuart.o
 .rodata.LPUART_GetDefaultConfig.str1.4
                0x600055fc       0x23 ./drivers/fsl_lpuart.o
 *fill*         0x6000561f        0x1 ff
 .rodata.LPUART_WriteBlocking.str1.4
                0x60005620       0x21 ./drivers/fsl_lpuart.o
 *fill*         0x60005641        0x3 ff
 .rodata.LPUART_ReadBlocking.str1.4
                0x60005644       0x21 ./drivers/fsl_lpuart.o
 *fill*         0x60005665        0x3 ff
 .rodata.s_LpuartAdapterBase
                0x60005668       0x24 ./component/uart/fsl_adapter_lpuart.o
 .rodata.HAL_UartInit.str1.4
                0x6000568c       0xf2 ./component/uart/fsl_adapter_lpuart.o
 *fill*         0x6000577e        0x2 ff
 .rodata.HAL_UartReceiveBlocking.str1.4
                0x60005780       0x6b ./component/uart/fsl_adapter_lpuart.o
 *fill*         0x600057eb        0x1 ff
 .rodata.HAL_UartSendBlocking.str1.4
                0x600057ec       0x6b ./component/uart/fsl_adapter_lpuart.o
 *fill*         0x60005857        0x1 ff
 .rodata.BOARD_ConfigMPU.str1.4
                0x60005858       0x6a ./board/board.o
 *fill*         0x600058c2        0x2 ff
 .rodata.CLOCK_SetMux.str1.4
                0x600058c4       0x90 ./board/clock_config.o
 .rodata.CLOCK_SetDiv.str1.4
                0x60005954       0x90 ./board/clock_config.o
 .rodata.CLOCK_ControlGate.str1.4
                0x600059e4       0x7f ./board/clock_config.o
 *fill*         0x60005a63        0x1 ff
 .rodata.enetPllConfig_BOARD_BootClockRUN
                0x60005a64        0x5 ./board/clock_config.o
                0x60005a64                enetPllConfig_BOARD_BootClockRUN
 .rodata.CLOCK_ControlGate.str1.4
                0x60005a69       0x7f ./board/pin_mux.o
 *fill*         0x60005a69        0x3 ff
 .rodata.__num_Ciob_streams
                0x60005a6c        0x4 c:/nxp/mcuxpressoide_11.3.1_5262/ide/plugins/com.nxp.mcuxpresso.tools.win32_11.3.0.202008311133/tools/bin/../lib/gcc/arm-none-eabi/9.3.1/../../../../arm-none-eabi/lib/thumb/v7e-m+dp/hard\libcr_nohost_nf.a(__ciob.o)
                0x60005a6c                __num_Ciob_streams
 .rodata._initio.str1.1
                0x60005a70        0x4 c:/nxp/mcuxpressoide_11.3.1_5262/ide/plugins/com.nxp.mcuxpresso.tools.win32_11.3.0.202008311133/tools/bin/../lib/gcc/arm-none-eabi/9.3.1/../../../../arm-none-eabi/lib/thumb/v7e-m+dp/hard\libcr_c.a(initio.o)
                0x60005a74                . = ALIGN (0x4)

.glue_7         0x60005a74        0x0
 .glue_7        0x60005a74        0x0 linker stubs

.glue_7t        0x60005a74        0x0
 .glue_7t       0x60005a74        0x0 linker stubs

.vfp11_veneer   0x60005a74        0x0
 .vfp11_veneer  0x60005a74        0x0 linker stubs

.v4_bx          0x60005a74        0x0
 .v4_bx         0x60005a74        0x0 linker stubs

.iplt           0x60005a74        0x0
 .iplt          0x60005a74        0x0 ./xip/evkmimxrt1020_flexspi_nor_config.o

.rel.dyn        0x60005a74        0x0
 .rel.iplt      0x60005a74        0x0 ./xip/evkmimxrt1020_flexspi_nor_config.o

.ARM.extab
 *(SORT_BY_ALIGNMENT(.ARM.extab*) SORT_BY_ALIGNMENT(.gnu.linkonce.armextab.*))

.ARM.exidx      0x60005a74        0x0
                0x60005a74                __exidx_start = .
 *(SORT_BY_ALIGNMENT(.ARM.exidx*) SORT_BY_ALIGNMENT(.gnu.linkonce.armexidx.*))
                0x60005a74                __exidx_end = .
                0x60005a74                _etext = .

.data_RAM2      0x81e00000        0x0 load address 0x60005a74
 FILL mask 0xff
                [!provide]                PROVIDE (__start_data_RAM2 = .)
                [!provide]                PROVIDE (__start_data_NCACHE_REGION = .)
 *(SORT_BY_ALIGNMENT(.ramfunc.$RAM2))
 *(SORT_BY_ALIGNMENT(.ramfunc.$NCACHE_REGION))
 *(SORT_BY_ALIGNMENT(NonCacheable.init))
 *(SORT_BY_ALIGNMENT(.data.$RAM2))
 *(SORT_BY_ALIGNMENT(.data.$NCACHE_REGION))
 *(SORT_BY_ALIGNMENT(.data.$RAM2.*))
 *(SORT_BY_ALIGNMENT(.data.$NCACHE_REGION.*))
                0x81e00000                . = ALIGN (0x4)
                [!provide]                PROVIDE (__end_data_RAM2 = .)
                [!provide]                PROVIDE (__end_data_NCACHE_REGION = .)

.data_RAM3      0x20000000        0x0 load address 0x60005a74
 FILL mask 0xff
                [!provide]                PROVIDE (__start_data_RAM3 = .)
                [!provide]                PROVIDE (__start_data_SRAM_DTC = .)
 *(SORT_BY_ALIGNMENT(.ramfunc.$RAM3))
 *(SORT_BY_ALIGNMENT(.ramfunc.$SRAM_DTC))
 *(SORT_BY_ALIGNMENT(.data.$RAM3))
 *(SORT_BY_ALIGNMENT(.data.$SRAM_DTC))
 *(SORT_BY_ALIGNMENT(.data.$RAM3.*))
 *(SORT_BY_ALIGNMENT(.data.$SRAM_DTC.*))
                0x20000000                . = ALIGN (0x4)
                [!provide]                PROVIDE (__end_data_RAM3 = .)
                [!provide]                PROVIDE (__end_data_SRAM_DTC = .)

.data_RAM4      0x00000000        0x0 load address 0x60005a74
 FILL mask 0xff
                [!provide]                PROVIDE (__start_data_RAM4 = .)
                [!provide]                PROVIDE (__start_data_SRAM_ITC = .)
 *(SORT_BY_ALIGNMENT(.ramfunc.$RAM4))
 *(SORT_BY_ALIGNMENT(.ramfunc.$SRAM_ITC))
 *(SORT_BY_ALIGNMENT(.data.$RAM4))
 *(SORT_BY_ALIGNMENT(.data.$SRAM_ITC))
 *(SORT_BY_ALIGNMENT(.data.$RAM4.*))
 *(SORT_BY_ALIGNMENT(.data.$SRAM_ITC.*))
                0x00000000                . = ALIGN (0x4)
                [!provide]                PROVIDE (__end_data_RAM4 = .)
                [!provide]                PROVIDE (__end_data_SRAM_ITC = .)

.data_RAM5      0x20200000        0x0 load address 0x60005a74
 FILL mask 0xff
                [!provide]                PROVIDE (__start_data_RAM5 = .)
                [!provide]                PROVIDE (__start_data_SRAM_OC = .)
 *(SORT_BY_ALIGNMENT(.ramfunc.$RAM5))
 *(SORT_BY_ALIGNMENT(.ramfunc.$SRAM_OC))
 *(SORT_BY_ALIGNMENT(.data.$RAM5))
 *(SORT_BY_ALIGNMENT(.data.$SRAM_OC))
 *(SORT_BY_ALIGNMENT(.data.$RAM5.*))
 *(SORT_BY_ALIGNMENT(.data.$SRAM_OC.*))
                0x20200000                . = ALIGN (0x4)
                [!provide]                PROVIDE (__end_data_RAM5 = .)
                [!provide]                PROVIDE (__end_data_SRAM_OC = .)

.uninit_RESERVED
                0x80000000        0x0
                0x80000000                _start_uninit_RESERVED = .
 *(SORT_BY_ALIGNMENT(.bss.$RESERVED*))
                0x80000000                . = ALIGN (0x4)
                0x80000000                _end_uninit_RESERVED = .

.data           0x80000000        0x4 load address 0x60005a74
 FILL mask 0xff
                0x80000000                _data = .
                [!provide]                PROVIDE (__start_data_RAM = .)
                [!provide]                PROVIDE (__start_data_BOARD_SDRAM = .)
 *(SORT_BY_ALIGNMENT(vtable))
 *(SORT_BY_ALIGNMENT(.ramfunc*))
 *(SORT_BY_ALIGNMENT(CodeQuickAccess))
 *(SORT_BY_ALIGNMENT(DataQuickAccess))
 *(SORT_BY_ALIGNMENT(RamFunction))
 *(SORT_BY_ALIGNMENT(.data*))
 .data.SystemCoreClock
                0x80000000        0x4 ./device/system_MIMXRT1021.o
                0x80000000                SystemCoreClock
                0x80000004                . = ALIGN (0x4)
                0x80000004                _edata = .
                [!provide]                PROVIDE (__end_data_RAM = .)
                [!provide]                PROVIDE (__end_data_BOARD_SDRAM = .)

.igot.plt       0x80000004        0x0 load address 0x60005a78
 .igot.plt      0x80000004        0x0 ./xip/evkmimxrt1020_flexspi_nor_config.o

.bss_RAM2       0x81e00000        0x0
                [!provide]                PROVIDE (__start_bss_RAM2 = .)
                [!provide]                PROVIDE (__start_bss_NCACHE_REGION = .)
 *(SORT_BY_ALIGNMENT(NonCacheable))
 *(SORT_BY_ALIGNMENT(.bss.$RAM2))
 *(SORT_BY_ALIGNMENT(.bss.$NCACHE_REGION))
 *(SORT_BY_ALIGNMENT(.bss.$RAM2.*))
 *(SORT_BY_ALIGNMENT(.bss.$NCACHE_REGION.*))
                0x81e00000                . = ALIGN ((. != 0x0)?0x4:0x1)
                [!provide]                PROVIDE (__end_bss_RAM2 = .)
                [!provide]                PROVIDE (__end_bss_NCACHE_REGION = .)

.bss_RAM3       0x20000000        0x0
                [!provide]                PROVIDE (__start_bss_RAM3 = .)
                [!provide]                PROVIDE (__start_bss_SRAM_DTC = .)
 *(SORT_BY_ALIGNMENT(.bss.$RAM3))
 *(SORT_BY_ALIGNMENT(.bss.$SRAM_DTC))
 *(SORT_BY_ALIGNMENT(.bss.$RAM3.*))
 *(SORT_BY_ALIGNMENT(.bss.$SRAM_DTC.*))
                0x20000000                . = ALIGN ((. != 0x0)?0x4:0x1)
                [!provide]                PROVIDE (__end_bss_RAM3 = .)
                [!provide]                PROVIDE (__end_bss_SRAM_DTC = .)

.bss_RAM4       0x00000000        0x0
                [!provide]                PROVIDE (__start_bss_RAM4 = .)
                [!provide]                PROVIDE (__start_bss_SRAM_ITC = .)
 *(SORT_BY_ALIGNMENT(.bss.$RAM4))
 *(SORT_BY_ALIGNMENT(.bss.$SRAM_ITC))
 *(SORT_BY_ALIGNMENT(.bss.$RAM4.*))
 *(SORT_BY_ALIGNMENT(.bss.$SRAM_ITC.*))
                0x00000000                . = ALIGN ((. != 0x0)?0x4:0x1)
                [!provide]                PROVIDE (__end_bss_RAM4 = .)
                [!provide]                PROVIDE (__end_bss_SRAM_ITC = .)

.bss_RAM5       0x20200000        0x0
                [!provide]                PROVIDE (__start_bss_RAM5 = .)
                [!provide]                PROVIDE (__start_bss_SRAM_OC = .)
 *(SORT_BY_ALIGNMENT(.bss.$RAM5))
 *(SORT_BY_ALIGNMENT(.bss.$SRAM_OC))
 *(SORT_BY_ALIGNMENT(.bss.$RAM5.*))
 *(SORT_BY_ALIGNMENT(.bss.$SRAM_OC.*))
                0x20200000                . = ALIGN ((. != 0x0)?0x4:0x1)
                [!provide]                PROVIDE (__end_bss_RAM5 = .)
                [!provide]                PROVIDE (__end_bss_SRAM_OC = .)

.bss            0x80000004       0xfc
                0x80000004                _bss = .
                [!provide]                PROVIDE (__start_bss_RAM = .)
                [!provide]                PROVIDE (__start_bss_BOARD_SDRAM = .)
 *(SORT_BY_ALIGNMENT(.bss*))
 .bss.s_debugConsole
                0x80000004       0x14 ./utilities/fsl_debug_console.o
 .bss.g_xtalFreq
                0x80000018        0x4 ./drivers/fsl_clock.o
                0x80000018                g_xtalFreq
 .bss.g_rtcXtalFreq
                0x8000001c        0x4 ./drivers/fsl_clock.o
                0x8000001c                g_rtcXtalFreq
 .bss.s_lpuartHandle
                0x80000020       0x24 ./drivers/fsl_lpuart.o
 .bss.s_lpuartIsr
                0x80000044        0x4 ./drivers/fsl_lpuart.o
 .bss.errno     0x80000048        0x4 c:/nxp/mcuxpressoide_11.3.1_5262/ide/plugins/com.nxp.mcuxpresso.tools.win32_11.3.0.202008311133/tools/bin/../lib/gcc/arm-none-eabi/9.3.1/../../../../arm-none-eabi/lib/thumb/v7e-m+dp/hard\libcr_c.a(errno.o)
                0x80000048                errno
 .bss.__Ciob    0x8000004c       0xb4 c:/nxp/mcuxpressoide_11.3.1_5262/ide/plugins/com.nxp.mcuxpresso.tools.win32_11.3.0.202008311133/tools/bin/../lib/gcc/arm-none-eabi/9.3.1/../../../../arm-none-eabi/lib/thumb/v7e-m+dp/hard\libcr_nohost_nf.a(__ciob.o)
                0x8000004c                __Ciob
 *(SORT_BY_ALIGNMENT(COMMON))
                0x80000100                . = ALIGN (0x4)
                0x80000100                _ebss = .
                [!provide]                PROVIDE (__end_bss_RAM = .)
                [!provide]                PROVIDE (__end_bss_BOARD_SDRAM = .)
                [!provide]                PROVIDE (end = .)

.noinit_RAM2    0x81e00000        0x0
                [!provide]                PROVIDE (__start_noinit_RAM2 = .)
                [!provide]                PROVIDE (__start_noinit_NCACHE_REGION = .)
 *(SORT_BY_ALIGNMENT(.noinit.$RAM2))
 *(SORT_BY_ALIGNMENT(.noinit.$NCACHE_REGION))
 *(SORT_BY_ALIGNMENT(.noinit.$RAM2.*))
 *(SORT_BY_ALIGNMENT(.noinit.$NCACHE_REGION.*))
                0x81e00000                . = ALIGN (0x4)
                [!provide]                PROVIDE (__end_noinit_RAM2 = .)
                [!provide]                PROVIDE (__end_noinit_NCACHE_REGION = .)

.noinit_RAM3    0x20000000        0x0
                [!provide]                PROVIDE (__start_noinit_RAM3 = .)
                [!provide]                PROVIDE (__start_noinit_SRAM_DTC = .)
 *(SORT_BY_ALIGNMENT(.noinit.$RAM3))
 *(SORT_BY_ALIGNMENT(.noinit.$SRAM_DTC))
 *(SORT_BY_ALIGNMENT(.noinit.$RAM3.*))
 *(SORT_BY_ALIGNMENT(.noinit.$SRAM_DTC.*))
                0x20000000                . = ALIGN (0x4)
                [!provide]                PROVIDE (__end_noinit_RAM3 = .)
                [!provide]                PROVIDE (__end_noinit_SRAM_DTC = .)

.noinit_RAM4    0x00000000        0x0
                [!provide]                PROVIDE (__start_noinit_RAM4 = .)
                [!provide]                PROVIDE (__start_noinit_SRAM_ITC = .)
 *(SORT_BY_ALIGNMENT(.noinit.$RAM4))
 *(SORT_BY_ALIGNMENT(.noinit.$SRAM_ITC))
 *(SORT_BY_ALIGNMENT(.noinit.$RAM4.*))
 *(SORT_BY_ALIGNMENT(.noinit.$SRAM_ITC.*))
                0x00000000                . = ALIGN (0x4)
                [!provide]                PROVIDE (__end_noinit_RAM4 = .)
                [!provide]                PROVIDE (__end_noinit_SRAM_ITC = .)

.noinit_RAM5    0x20200000        0x0
                [!provide]                PROVIDE (__start_noinit_RAM5 = .)
                [!provide]                PROVIDE (__start_noinit_SRAM_OC = .)
 *(SORT_BY_ALIGNMENT(.noinit.$RAM5))
 *(SORT_BY_ALIGNMENT(.noinit.$SRAM_OC))
 *(SORT_BY_ALIGNMENT(.noinit.$RAM5.*))
 *(SORT_BY_ALIGNMENT(.noinit.$SRAM_OC.*))
                0x20200000                . = ALIGN (0x4)
                [!provide]                PROVIDE (__end_noinit_RAM5 = .)
                [!provide]                PROVIDE (__end_noinit_SRAM_OC = .)

.noinit         0x80000100        0x0
                0x80000100                _noinit = .
                [!provide]                PROVIDE (__start_noinit_RAM = .)
                [!provide]                PROVIDE (__start_noinit_BOARD_SDRAM = .)
 *(SORT_BY_ALIGNMENT(.noinit*))
                0x80000100                . = ALIGN (0x4)
                0x80000100                _end_noinit = .
                [!provide]                PROVIDE (__end_noinit_RAM = .)
                [!provide]                PROVIDE (__end_noinit_BOARD_SDRAM = .)
                0x00001000                _HeapSize = 0x1000

.heap           0x80000100     0x1000
                0x80000100                _pvHeapStart = .
                0x80001100                . = (. + _HeapSize)
 *fill*         0x80000100     0x1000 
                0x80001100                . = ALIGN (0x4)
                0x80001100                _pvHeapLimit = .
                0x00001000                _StackSize = 0x1000

.heap2stackfill
                0x80001100     0x1000
                0x80002100                . = (. + _StackSize)
 *fill*         0x80001100     0x1000 

.stack          0x81dff000        0x0
                0x81dff000                _vStackBase = .
                0x81dff000                . = ALIGN (0x4)
                0x81e00000                _vStackTop = (. + _StackSize)
                0x60002000                _image_start = LOADADDR (.text)
                0x60005a78                _image_end = (LOADADDR (.data) + SIZEOF (.data))
                0x00003a78                _image_size = (_image_end - _image_start)
OUTPUT(evkmimxrt1020_hello_world.axf elf32-littlearm)
LOAD linker stubs

.debug_info     0x00000000     0xb655
 .debug_info    0x00000000      0x80b ./xip/evkmimxrt1020_flexspi_nor_config.o
 .debug_info    0x0000080b      0x61c ./xip/fsl_flexspi_nor_boot.o
 .debug_info    0x00000e27      0x135 ./utilities/fsl_assert.o
 .debug_info    0x00000f5c      0xc72 ./utilities/fsl_debug_console.o
 .debug_info    0x00001bce      0xd01 ./startup/startup_mimxrt1021.o
 .debug_info    0x000028cf      0x295 ./source/hello_world.o
 .debug_info    0x00002b64       0x3c ./source/semihost_hardfault.o
 .debug_info    0x00002ba0     0x212f ./drivers/fsl_clock.o
 .debug_info    0x00004ccf     0x228c ./drivers/fsl_lpuart.o
 .debug_info    0x00006f5b      0xc94 ./device/system_MIMXRT1021.o
 .debug_info    0x00007bef      0xab8 ./component/uart/fsl_adapter_lpuart.o
 .debug_info    0x000086a7     0x1090 ./board/board.o
 .debug_info    0x00009737     0x16a6 ./board/clock_config.o
 .debug_info    0x0000addd       0xd9 ./board/dcd.o
 .debug_info    0x0000aeb6      0x79f ./board/pin_mux.o

.debug_abbrev   0x00000000     0x1944
 .debug_abbrev  0x00000000      0x14c ./xip/evkmimxrt1020_flexspi_nor_config.o
 .debug_abbrev  0x0000014c      0x13f ./xip/fsl_flexspi_nor_boot.o
 .debug_abbrev  0x0000028b       0xb7 ./utilities/fsl_assert.o
 .debug_abbrev  0x00000342      0x25d ./utilities/fsl_debug_console.o
 .debug_abbrev  0x0000059f      0x147 ./startup/startup_mimxrt1021.o
 .debug_abbrev  0x000006e6       0xff ./source/hello_world.o
 .debug_abbrev  0x000007e5       0x31 ./source/semihost_hardfault.o
 .debug_abbrev  0x00000816      0x35a ./drivers/fsl_clock.o
 .debug_abbrev  0x00000b70      0x354 ./drivers/fsl_lpuart.o
 .debug_abbrev  0x00000ec4      0x1be ./device/system_MIMXRT1021.o
 .debug_abbrev  0x00001082      0x1c3 ./component/uart/fsl_adapter_lpuart.o
 .debug_abbrev  0x00001245      0x2c0 ./board/board.o
 .debug_abbrev  0x00001505      0x218 ./board/clock_config.o
 .debug_abbrev  0x0000171d       0x9f ./board/dcd.o
 .debug_abbrev  0x000017bc      0x188 ./board/pin_mux.o

.debug_aranges  0x00000000      0xa68
 .debug_aranges
                0x00000000       0x18 ./xip/evkmimxrt1020_flexspi_nor_config.o
 .debug_aranges
                0x00000018       0x18 ./xip/fsl_flexspi_nor_boot.o
 .debug_aranges
                0x00000030       0x20 ./utilities/fsl_assert.o
 .debug_aranges
                0x00000050       0x70 ./utilities/fsl_debug_console.o
 .debug_aranges
                0x000000c0      0x4f0 ./startup/startup_mimxrt1021.o
 .debug_aranges
                0x000005b0       0x20 ./source/hello_world.o
 .debug_aranges
                0x000005d0       0x20 ./source/semihost_hardfault.o
 .debug_aranges
                0x000005f0      0x158 ./drivers/fsl_clock.o
 .debug_aranges
                0x00000748      0x170 ./drivers/fsl_lpuart.o
 .debug_aranges
                0x000008b8       0x30 ./device/system_MIMXRT1021.o
 .debug_aranges
                0x000008e8       0x50 ./component/uart/fsl_adapter_lpuart.o
 .debug_aranges
                0x00000938       0x58 ./board/board.o
 .debug_aranges
                0x00000990       0x78 ./board/clock_config.o
 .debug_aranges
                0x00000a08       0x18 ./board/dcd.o
 .debug_aranges
                0x00000a20       0x48 ./board/pin_mux.o

.debug_macro    0x00000000    0x25add
 .debug_macro   0x00000000      0x12c ./xip/evkmimxrt1020_flexspi_nor_config.o
 .debug_macro   0x0000012c      0xb1a ./xip/evkmimxrt1020_flexspi_nor_config.o
 .debug_macro   0x00000c46       0x10 ./xip/evkmimxrt1020_flexspi_nor_config.o
 .debug_macro   0x00000c56      0x12e ./xip/evkmimxrt1020_flexspi_nor_config.o
 .debug_macro   0x00000d84      0x5b3 ./xip/evkmimxrt1020_flexspi_nor_config.o
 .debug_macro   0x00001337       0x22 ./xip/evkmimxrt1020_flexspi_nor_config.o
 .debug_macro   0x00001359       0x16 ./xip/evkmimxrt1020_flexspi_nor_config.o
 .debug_macro   0x0000136f       0x22 ./xip/evkmimxrt1020_flexspi_nor_config.o
 .debug_macro   0x00001391       0x10 ./xip/evkmimxrt1020_flexspi_nor_config.o
 .debug_macro   0x000013a1       0x4d ./xip/evkmimxrt1020_flexspi_nor_config.o
 .debug_macro   0x000013ee       0x1c ./xip/evkmimxrt1020_flexspi_nor_config.o
 .debug_macro   0x0000140a       0x22 ./xip/evkmimxrt1020_flexspi_nor_config.o
 .debug_macro   0x0000142c      0x101 ./xip/evkmimxrt1020_flexspi_nor_config.o
 .debug_macro   0x0000152d     0x1305 ./xip/evkmimxrt1020_flexspi_nor_config.o
 .debug_macro   0x00002832      0x11f ./xip/evkmimxrt1020_flexspi_nor_config.o
 .debug_macro   0x00002951       0x27 ./xip/evkmimxrt1020_flexspi_nor_config.o
 .debug_macro   0x00002978       0x1c ./xip/evkmimxrt1020_flexspi_nor_config.o
 .debug_macro   0x00002994    0x1ff91 ./xip/evkmimxrt1020_flexspi_nor_config.o
 .debug_macro   0x00022925      0x774 ./xip/evkmimxrt1020_flexspi_nor_config.o
 .debug_macro   0x00023099      0x116 ./xip/evkmimxrt1020_flexspi_nor_config.o
 .debug_macro   0x000231af      0x21e ./xip/evkmimxrt1020_flexspi_nor_config.o
 .debug_macro   0x000233cd      0x1a4 ./xip/evkmimxrt1020_flexspi_nor_config.o
 .debug_macro   0x00023571      0x153 ./xip/fsl_flexspi_nor_boot.o
 .debug_macro   0x000236c4      0x106 ./xip/fsl_flexspi_nor_boot.o
 .debug_macro   0x000237ca       0x10 ./xip/fsl_flexspi_nor_boot.o
 .debug_macro   0x000237da      0x166 ./xip/fsl_flexspi_nor_boot.o
 .debug_macro   0x00023940       0x7c ./xip/fsl_flexspi_nor_boot.o
 .debug_macro   0x000239bc      0x11a ./utilities/fsl_assert.o
 .debug_macro   0x00023ad6       0x1c ./utilities/fsl_assert.o
 .debug_macro   0x00023af2       0x34 ./utilities/fsl_assert.o
 .debug_macro   0x00023b26      0x140 ./utilities/fsl_debug_console.o
 .debug_macro   0x00023c66       0x16 ./utilities/fsl_debug_console.o
 .debug_macro   0x00023c7c       0x10 ./utilities/fsl_debug_console.o
 .debug_macro   0x00023c8c       0x28 ./utilities/fsl_debug_console.o
 .debug_macro   0x00023cb4       0xc4 ./utilities/fsl_debug_console.o
 .debug_macro   0x00023d78       0x2e ./utilities/fsl_debug_console.o
 .debug_macro   0x00023da6       0x34 ./utilities/fsl_debug_console.o
 .debug_macro   0x00023dda       0x29 ./startup/startup_mimxrt1021.o
 .debug_macro   0x00023e03      0x154 ./source/hello_world.o
 .debug_macro   0x00023f57       0x2e ./source/hello_world.o
 .debug_macro   0x00023f85      0x10c ./source/hello_world.o
 .debug_macro   0x00024091       0x11 ./source/semihost_hardfault.o
 .debug_macro   0x000240a2      0x117 ./drivers/fsl_clock.o
 .debug_macro   0x000241b9      0x126 ./drivers/fsl_lpuart.o
 .debug_macro   0x000242df       0x10 ./drivers/fsl_lpuart.o
 .debug_macro   0x000242ef       0xa7 ./device/system_MIMXRT1021.o
 .debug_macro   0x00024396      0x139 ./component/uart/fsl_adapter_lpuart.o
 .debug_macro   0x000244cf       0x2e ./component/uart/fsl_adapter_lpuart.o
 .debug_macro   0x000244fd      0x144 ./board/board.o
 .debug_macro   0x00024641     0x11dd ./board/board.o
 .debug_macro   0x0002581e      0x129 ./board/clock_config.o
 .debug_macro   0x00025947       0x51 ./board/dcd.o
 .debug_macro   0x00025998       0x22 ./board/dcd.o
 .debug_macro   0x000259ba      0x123 ./board/pin_mux.o

.debug_line     0x00000000     0x6c5a
 .debug_line    0x00000000      0x3c3 ./xip/evkmimxrt1020_flexspi_nor_config.o
 .debug_line    0x000003c3      0x433 ./xip/fsl_flexspi_nor_boot.o
 .debug_line    0x000007f6      0x3bf ./utilities/fsl_assert.o
 .debug_line    0x00000bb5      0xc82 ./utilities/fsl_debug_console.o
 .debug_line    0x00001837      0xe52 ./startup/startup_mimxrt1021.o
 .debug_line    0x00002689      0x4d1 ./source/hello_world.o
 .debug_line    0x00002b5a       0x59 ./source/semihost_hardfault.o
 .debug_line    0x00002bb3      0xe59 ./drivers/fsl_clock.o
 .debug_line    0x00003a0c     0x1311 ./drivers/fsl_lpuart.o
 .debug_line    0x00004d1d      0x505 ./device/system_MIMXRT1021.o
 .debug_line    0x00005222      0x54b ./component/uart/fsl_adapter_lpuart.o
 .debug_line    0x0000576d      0x7fd ./board/board.o
 .debug_line    0x00005f6a      0x6f7 ./board/clock_config.o
 .debug_line    0x00006661      0x168 ./board/dcd.o
 .debug_line    0x000067c9      0x491 ./board/pin_mux.o

.debug_str      0x00000000   0x12be74
 .debug_str     0x00000000   0x118bd0 ./xip/evkmimxrt1020_flexspi_nor_config.o
                             0x118c67 (size before relaxing)
 .debug_str     0x00118bd0     0x163e ./xip/fsl_flexspi_nor_boot.o
                             0x1195eb (size before relaxing)
 .debug_str     0x0011a20e      0x112 ./utilities/fsl_assert.o
                             0x11781a (size before relaxing)
 .debug_str     0x0011a320      0xd07 ./utilities/fsl_debug_console.o
                             0x118ddb (size before relaxing)
 .debug_str     0x0011b027      0xd38 ./startup/startup_mimxrt1021.o
                               0x3d2c (size before relaxing)
 .debug_str     0x0011bd5f       0xec ./source/hello_world.o
                             0x118b82 (size before relaxing)
 .debug_str     0x0011be4b       0x1f ./source/semihost_hardfault.o
                               0x2faf (size before relaxing)
 .debug_str     0x0011be6a     0x1625 ./drivers/fsl_clock.o
                             0x119782 (size before relaxing)
 .debug_str     0x0011d48f     0x1fa6 ./drivers/fsl_lpuart.o
                             0x11a1aa (size before relaxing)
 .debug_str     0x0011f435      0x207 ./device/system_MIMXRT1021.o
                             0x115544 (size before relaxing)
 .debug_str     0x0011f63c      0x120 ./component/uart/fsl_adapter_lpuart.o
                             0x118946 (size before relaxing)
 .debug_str     0x0011f75c     0xc25b ./board/board.o
                             0x125462 (size before relaxing)
 .debug_str     0x0012b9b7      0x3a2 ./board/clock_config.o
                             0x125a5e (size before relaxing)
 .debug_str     0x0012bd59       0x6c ./board/dcd.o
                               0x4756 (size before relaxing)
 .debug_str     0x0012bdc5       0xaf ./board/pin_mux.o
                             0x12404c (size before relaxing)

.comment        0x00000000       0x4c
 .comment       0x00000000       0x4c ./xip/evkmimxrt1020_flexspi_nor_config.o
                                 0x4d (size before relaxing)
 .comment       0x0000004c       0x4d ./xip/fsl_flexspi_nor_boot.o
 .comment       0x0000004c       0x4d ./utilities/fsl_assert.o
 .comment       0x0000004c       0x4d ./utilities/fsl_debug_console.o
 .comment       0x0000004c       0x4d ./startup/startup_mimxrt1021.o
 .comment       0x0000004c       0x4d ./source/hello_world.o
 .comment       0x0000004c       0x4d ./source/semihost_hardfault.o
 .comment       0x0000004c       0x4d ./drivers/fsl_clock.o
 .comment       0x0000004c       0x4d ./drivers/fsl_lpuart.o
 .comment       0x0000004c       0x4d ./device/system_MIMXRT1021.o
 .comment       0x0000004c       0x4d ./component/uart/fsl_adapter_lpuart.o
 .comment       0x0000004c       0x4d ./board/board.o
 .comment       0x0000004c       0x4d ./board/clock_config.o
 .comment       0x0000004c       0x4d ./board/dcd.o
 .comment       0x0000004c       0x4d ./board/pin_mux.o
 .comment       0x0000004c       0x4d c:/nxp/mcuxpressoide_11.3.1_5262/ide/plugins/com.nxp.mcuxpresso.tools.win32_11.3.0.202008311133/tools/bin/../lib/gcc/arm-none-eabi/9.3.1/../../../../arm-none-eabi/lib/thumb/v7e-m+dp/hard\libcr_nohost_nf.a(_cr__main.o)
 .comment       0x0000004c       0x4d c:/nxp/mcuxpressoide_11.3.1_5262/ide/plugins/com.nxp.mcuxpresso.tools.win32_11.3.0.202008311133/tools/bin/../lib/gcc/arm-none-eabi/9.3.1/../../../../arm-none-eabi/lib/thumb/v7e-m+dp/hard\libcr_c.a(memset.o)
 .comment       0x0000004c       0x4d c:/nxp/mcuxpressoide_11.3.1_5262/ide/plugins/com.nxp.mcuxpresso.tools.win32_11.3.0.202008311133/tools/bin/../lib/gcc/arm-none-eabi/9.3.1/../../../../arm-none-eabi/lib/thumb/v7e-m+dp/hard\libcr_c.a(alloc.o)
 .comment       0x0000004c       0x4d c:/nxp/mcuxpressoide_11.3.1_5262/ide/plugins/com.nxp.mcuxpresso.tools.win32_11.3.0.202008311133/tools/bin/../lib/gcc/arm-none-eabi/9.3.1/../../../../arm-none-eabi/lib/thumb/v7e-m+dp/hard\libcr_c.a(initio.o)
 .comment       0x0000004c       0x4d c:/nxp/mcuxpressoide_11.3.1_5262/ide/plugins/com.nxp.mcuxpresso.tools.win32_11.3.0.202008311133/tools/bin/../lib/gcc/arm-none-eabi/9.3.1/../../../../arm-none-eabi/lib/thumb/v7e-m+dp/hard\libcr_c.a(setvbuf.o)
 .comment       0x0000004c       0x4d c:/nxp/mcuxpressoide_11.3.1_5262/ide/plugins/com.nxp.mcuxpresso.tools.win32_11.3.0.202008311133/tools/bin/../lib/gcc/arm-none-eabi/9.3.1/../../../../arm-none-eabi/lib/thumb/v7e-m+dp/hard\libcr_c.a(strlen.o)
 .comment       0x0000004c       0x4d c:/nxp/mcuxpressoide_11.3.1_5262/ide/plugins/com.nxp.mcuxpresso.tools.win32_11.3.0.202008311133/tools/bin/../lib/gcc/arm-none-eabi/9.3.1/../../../../arm-none-eabi/lib/thumb/v7e-m+dp/hard\libcr_c.a(_fdopen.o)
 .comment       0x0000004c       0x4d c:/nxp/mcuxpressoide_11.3.1_5262/ide/plugins/com.nxp.mcuxpresso.tools.win32_11.3.0.202008311133/tools/bin/../lib/gcc/arm-none-eabi/9.3.1/../../../../arm-none-eabi/lib/thumb/v7e-m+dp/hard\libcr_c.a(errno.o)
 .comment       0x0000004c       0x4d c:/nxp/mcuxpressoide_11.3.1_5262/ide/plugins/com.nxp.mcuxpresso.tools.win32_11.3.0.202008311133/tools/bin/../lib/gcc/arm-none-eabi/9.3.1/../../../../arm-none-eabi/lib/thumb/v7e-m+dp/hard\libcr_c.a(fclose.o)
 .comment       0x0000004c       0x4d c:/nxp/mcuxpressoide_11.3.1_5262/ide/plugins/com.nxp.mcuxpresso.tools.win32_11.3.0.202008311133/tools/bin/../lib/gcc/arm-none-eabi/9.3.1/../../../../arm-none-eabi/lib/thumb/v7e-m+dp/hard\libcr_c.a(fflush.o)
 .comment       0x0000004c       0x4d c:/nxp/mcuxpressoide_11.3.1_5262/ide/plugins/com.nxp.mcuxpresso.tools.win32_11.3.0.202008311133/tools/bin/../lib/gcc/arm-none-eabi/9.3.1/../../../../arm-none-eabi/lib/thumb/v7e-m+dp/hard\libcr_c.a(fseek.o)
 .comment       0x0000004c       0x4d c:/nxp/mcuxpressoide_11.3.1_5262/ide/plugins/com.nxp.mcuxpresso.tools.win32_11.3.0.202008311133/tools/bin/../lib/gcc/arm-none-eabi/9.3.1/../../../../arm-none-eabi/lib/thumb/v7e-m+dp/hard\libcr_c.a(ftell.o)
 .comment       0x0000004c       0x4d c:/nxp/mcuxpressoide_11.3.1_5262/ide/plugins/com.nxp.mcuxpresso.tools.win32_11.3.0.202008311133/tools/bin/../lib/gcc/arm-none-eabi/9.3.1/../../../../arm-none-eabi/lib/thumb/v7e-m+dp/hard\libcr_c.a(remove.o)
 .comment       0x0000004c       0x4d c:/nxp/mcuxpressoide_11.3.1_5262/ide/plugins/com.nxp.mcuxpresso.tools.win32_11.3.0.202008311133/tools/bin/../lib/gcc/arm-none-eabi/9.3.1/../../../../arm-none-eabi/lib/thumb/v7e-m+dp/hard\libcr_c.a(_do_fflush.o)
 .comment       0x0000004c       0x4d c:/nxp/mcuxpressoide_11.3.1_5262/ide/plugins/com.nxp.mcuxpresso.tools.win32_11.3.0.202008311133/tools/bin/../lib/gcc/arm-none-eabi/9.3.1/../../../../arm-none-eabi/lib/thumb/v7e-m+dp/hard\libcr_c.a(_fflush.o)
 .comment       0x0000004c       0x4d c:/nxp/mcuxpressoide_11.3.1_5262/ide/plugins/com.nxp.mcuxpresso.tools.win32_11.3.0.202008311133/tools/bin/../lib/gcc/arm-none-eabi/9.3.1/../../../../arm-none-eabi/lib/thumb/v7e-m+dp/hard\libcr_c.a(_writebuf.o)
 .comment       0x0000004c       0x4d c:/nxp/mcuxpressoide_11.3.1_5262/ide/plugins/com.nxp.mcuxpresso.tools.win32_11.3.0.202008311133/tools/bin/../lib/gcc/arm-none-eabi/9.3.1/../../../../arm-none-eabi/lib/thumb/v7e-m+dp/hard\libcr_c.a(_deferredlazyseek.o)
 .comment       0x0000004c       0x4d c:/nxp/mcuxpressoide_11.3.1_5262/ide/plugins/com.nxp.mcuxpresso.tools.win32_11.3.0.202008311133/tools/bin/../lib/gcc/arm-none-eabi/9.3.1/../../../../arm-none-eabi/lib/thumb/v7e-m+dp/hard\libcr_nohost_nf.a(__ciob.o)
 .comment       0x0000004c       0x4d c:/nxp/mcuxpressoide_11.3.1_5262/ide/plugins/com.nxp.mcuxpresso.tools.win32_11.3.0.202008311133/tools/bin/../lib/gcc/arm-none-eabi/9.3.1/../../../../arm-none-eabi/lib/thumb/v7e-m+dp/hard\libcr_nohost_nf.a(__sys_close.o)
 .comment       0x0000004c       0x4d c:/nxp/mcuxpressoide_11.3.1_5262/ide/plugins/com.nxp.mcuxpresso.tools.win32_11.3.0.202008311133/tools/bin/../lib/gcc/arm-none-eabi/9.3.1/../../../../arm-none-eabi/lib/thumb/v7e-m+dp/hard\libcr_nohost_nf.a(__sys_flen.o)
 .comment       0x0000004c       0x4d c:/nxp/mcuxpressoide_11.3.1_5262/ide/plugins/com.nxp.mcuxpresso.tools.win32_11.3.0.202008311133/tools/bin/../lib/gcc/arm-none-eabi/9.3.1/../../../../arm-none-eabi/lib/thumb/v7e-m+dp/hard\libcr_nohost_nf.a(__sys_istty.o)
 .comment       0x0000004c       0x4d c:/nxp/mcuxpressoide_11.3.1_5262/ide/plugins/com.nxp.mcuxpresso.tools.win32_11.3.0.202008311133/tools/bin/../lib/gcc/arm-none-eabi/9.3.1/../../../../arm-none-eabi/lib/thumb/v7e-m+dp/hard\libcr_nohost_nf.a(__sys_remove.o)
 .comment       0x0000004c       0x4d c:/nxp/mcuxpressoide_11.3.1_5262/ide/plugins/com.nxp.mcuxpresso.tools.win32_11.3.0.202008311133/tools/bin/../lib/gcc/arm-none-eabi/9.3.1/../../../../arm-none-eabi/lib/thumb/v7e-m+dp/hard\libcr_nohost_nf.a(__sys_seek.o)
 .comment       0x0000004c       0x4d c:/nxp/mcuxpressoide_11.3.1_5262/ide/plugins/com.nxp.mcuxpresso.tools.win32_11.3.0.202008311133/tools/bin/../lib/gcc/arm-none-eabi/9.3.1/../../../../arm-none-eabi/lib/thumb/v7e-m+dp/hard\libcr_nohost_nf.a(__sys_tmpnam.o)
 .comment       0x0000004c       0x4d c:/nxp/mcuxpressoide_11.3.1_5262/ide/plugins/com.nxp.mcuxpresso.tools.win32_11.3.0.202008311133/tools/bin/../lib/gcc/arm-none-eabi/9.3.1/../../../../arm-none-eabi/lib/thumb/v7e-m+dp/hard\libcr_nohost_nf.a(__sys_write.o)

.ARM.attributes
                0x00000000       0x35
 .ARM.attributes
                0x00000000       0x37 ./xip/evkmimxrt1020_flexspi_nor_config.o
 .ARM.attributes
                0x00000037       0x37 ./xip/fsl_flexspi_nor_boot.o
 .ARM.attributes
                0x0000006e       0x32 ./utilities/fsl_assert.o
 .ARM.attributes
                0x000000a0       0x32 ./utilities/fsl_debug_console.o
 .ARM.attributes
                0x000000d2       0x32 ./startup/startup_mimxrt1021.o
 .ARM.attributes
                0x00000104       0x32 ./source/hello_world.o
 .ARM.attributes
                0x00000136       0x32 ./source/semihost_hardfault.o
 .ARM.attributes
                0x00000168       0x32 ./drivers/fsl_clock.o
 .ARM.attributes
                0x0000019a       0x32 ./drivers/fsl_lpuart.o
 .ARM.attributes
                0x000001cc       0x32 ./device/system_MIMXRT1021.o
 .ARM.attributes
                0x000001fe       0x32 ./component/uart/fsl_adapter_lpuart.o
 .ARM.attributes
                0x00000230       0x32 ./board/board.o
 .ARM.attributes
                0x00000262       0x32 ./board/clock_config.o
 .ARM.attributes
                0x00000294       0x37 ./board/dcd.o
 .ARM.attributes
                0x000002cb       0x32 ./board/pin_mux.o
 .ARM.attributes
                0x000002fd       0x32 c:/nxp/mcuxpressoide_11.3.1_5262/ide/plugins/com.nxp.mcuxpresso.tools.win32_11.3.0.202008311133/tools/bin/../lib/gcc/arm-none-eabi/9.3.1/../../../../arm-none-eabi/lib/thumb/v7e-m+dp/hard\libcr_nohost_nf.a(_cr__main.o)
 .ARM.attributes
                0x0000032f       0x32 c:/nxp/mcuxpressoide_11.3.1_5262/ide/plugins/com.nxp.mcuxpresso.tools.win32_11.3.0.202008311133/tools/bin/../lib/gcc/arm-none-eabi/9.3.1/../../../../arm-none-eabi/lib/thumb/v7e-m+dp/hard\libcr_c.a(memset.o)
 .ARM.attributes
                0x00000361       0x32 c:/nxp/mcuxpressoide_11.3.1_5262/ide/plugins/com.nxp.mcuxpresso.tools.win32_11.3.0.202008311133/tools/bin/../lib/gcc/arm-none-eabi/9.3.1/../../../../arm-none-eabi/lib/thumb/v7e-m+dp/hard\libcr_c.a(alloc.o)
 .ARM.attributes
                0x00000393       0x32 c:/nxp/mcuxpressoide_11.3.1_5262/ide/plugins/com.nxp.mcuxpresso.tools.win32_11.3.0.202008311133/tools/bin/../lib/gcc/arm-none-eabi/9.3.1/../../../../arm-none-eabi/lib/thumb/v7e-m+dp/hard\libcr_c.a(initio.o)
 .ARM.attributes
                0x000003c5       0x32 c:/nxp/mcuxpressoide_11.3.1_5262/ide/plugins/com.nxp.mcuxpresso.tools.win32_11.3.0.202008311133/tools/bin/../lib/gcc/arm-none-eabi/9.3.1/../../../../arm-none-eabi/lib/thumb/v7e-m+dp/hard\libcr_c.a(setvbuf.o)
 .ARM.attributes
                0x000003f7       0x32 c:/nxp/mcuxpressoide_11.3.1_5262/ide/plugins/com.nxp.mcuxpresso.tools.win32_11.3.0.202008311133/tools/bin/../lib/gcc/arm-none-eabi/9.3.1/../../../../arm-none-eabi/lib/thumb/v7e-m+dp/hard\libcr_c.a(strlen.o)
 .ARM.attributes
                0x00000429       0x32 c:/nxp/mcuxpressoide_11.3.1_5262/ide/plugins/com.nxp.mcuxpresso.tools.win32_11.3.0.202008311133/tools/bin/../lib/gcc/arm-none-eabi/9.3.1/../../../../arm-none-eabi/lib/thumb/v7e-m+dp/hard\libcr_c.a(_fdopen.o)
 .ARM.attributes
                0x0000045b       0x37 c:/nxp/mcuxpressoide_11.3.1_5262/ide/plugins/com.nxp.mcuxpresso.tools.win32_11.3.0.202008311133/tools/bin/../lib/gcc/arm-none-eabi/9.3.1/../../../../arm-none-eabi/lib/thumb/v7e-m+dp/hard\libcr_c.a(errno.o)
 .ARM.attributes
                0x00000492       0x32 c:/nxp/mcuxpressoide_11.3.1_5262/ide/plugins/com.nxp.mcuxpresso.tools.win32_11.3.0.202008311133/tools/bin/../lib/gcc/arm-none-eabi/9.3.1/../../../../arm-none-eabi/lib/thumb/v7e-m+dp/hard\libcr_c.a(fclose.o)
 .ARM.attributes
                0x000004c4       0x32 c:/nxp/mcuxpressoide_11.3.1_5262/ide/plugins/com.nxp.mcuxpresso.tools.win32_11.3.0.202008311133/tools/bin/../lib/gcc/arm-none-eabi/9.3.1/../../../../arm-none-eabi/lib/thumb/v7e-m+dp/hard\libcr_c.a(fflush.o)
 .ARM.attributes
                0x000004f6       0x32 c:/nxp/mcuxpressoide_11.3.1_5262/ide/plugins/com.nxp.mcuxpresso.tools.win32_11.3.0.202008311133/tools/bin/../lib/gcc/arm-none-eabi/9.3.1/../../../../arm-none-eabi/lib/thumb/v7e-m+dp/hard\libcr_c.a(fseek.o)
 .ARM.attributes
                0x00000528       0x32 c:/nxp/mcuxpressoide_11.3.1_5262/ide/plugins/com.nxp.mcuxpresso.tools.win32_11.3.0.202008311133/tools/bin/../lib/gcc/arm-none-eabi/9.3.1/../../../../arm-none-eabi/lib/thumb/v7e-m+dp/hard\libcr_c.a(ftell.o)
 .ARM.attributes
                0x0000055a       0x32 c:/nxp/mcuxpressoide_11.3.1_5262/ide/plugins/com.nxp.mcuxpresso.tools.win32_11.3.0.202008311133/tools/bin/../lib/gcc/arm-none-eabi/9.3.1/../../../../arm-none-eabi/lib/thumb/v7e-m+dp/hard\libcr_c.a(remove.o)
 .ARM.attributes