Archive member included to satisfy reference by file (symbol)

/Applications/MCUXpressoIDE_11.4.0_6237/ide/plugins/com.nxp.mcuxpresso.tools.macosx_11.4.0.202103011116/tools/bin/../lib/gcc/arm-none-eabi/10.2.1/../../../../arm-none-eabi/lib/thumb/v7e-m+dp/hard/libcr_nohost_nf.a(_cr__main.o)
                              ./startup/startup_mimxrt1021.o (__main)
/Applications/MCUXpressoIDE_11.4.0_6237/ide/plugins/com.nxp.mcuxpresso.tools.macosx_11.4.0.202103011116/tools/bin/../lib/gcc/arm-none-eabi/10.2.1/../../../../arm-none-eabi/lib/thumb/v7e-m+dp/hard/libcr_c.a(memcpy.o)
                              ./drivers/fsl_clock.o (memcpy)
/Applications/MCUXpressoIDE_11.4.0_6237/ide/plugins/com.nxp.mcuxpresso.tools.macosx_11.4.0.202103011116/tools/bin/../lib/gcc/arm-none-eabi/10.2.1/../../../../arm-none-eabi/lib/thumb/v7e-m+dp/hard/libcr_c.a(memset.o)
                              ./drivers/fsl_lpuart.o (memset)
/Applications/MCUXpressoIDE_11.4.0_6237/ide/plugins/com.nxp.mcuxpresso.tools.macosx_11.4.0.202103011116/tools/bin/../lib/gcc/arm-none-eabi/10.2.1/../../../../arm-none-eabi/lib/thumb/v7e-m+dp/hard/libcr_c.a(alloc.o)
                              ./drivers/fsl_common.o (malloc)
/Applications/MCUXpressoIDE_11.4.0_6237/ide/plugins/com.nxp.mcuxpresso.tools.macosx_11.4.0.202103011116/tools/bin/../lib/gcc/arm-none-eabi/10.2.1/../../../../arm-none-eabi/lib/thumb/v7e-m+dp/hard/libcr_c.a(initio.o)
                              /Applications/MCUXpressoIDE_11.4.0_6237/ide/plugins/com.nxp.mcuxpresso.tools.macosx_11.4.0.202103011116/tools/bin/../lib/gcc/arm-none-eabi/10.2.1/../../../../arm-none-eabi/lib/thumb/v7e-m+dp/hard/libcr_nohost_nf.a(_cr__main.o) (_initio)
/Applications/MCUXpressoIDE_11.4.0_6237/ide/plugins/com.nxp.mcuxpresso.tools.macosx_11.4.0.202103011116/tools/bin/../lib/gcc/arm-none-eabi/10.2.1/../../../../arm-none-eabi/lib/thumb/v7e-m+dp/hard/libcr_c.a(setvbuf.o)
                              /Applications/MCUXpressoIDE_11.4.0_6237/ide/plugins/com.nxp.mcuxpresso.tools.macosx_11.4.0.202103011116/tools/bin/../lib/gcc/arm-none-eabi/10.2.1/../../../../arm-none-eabi/lib/thumb/v7e-m+dp/hard/libcr_c.a(initio.o) (setvbuf)
/Applications/MCUXpressoIDE_11.4.0_6237/ide/plugins/com.nxp.mcuxpresso.tools.macosx_11.4.0.202103011116/tools/bin/../lib/gcc/arm-none-eabi/10.2.1/../../../../arm-none-eabi/lib/thumb/v7e-m+dp/hard/libcr_c.a(strlen.o)
                              ./utilities/fsl_debug_console.o (strlen)
/Applications/MCUXpressoIDE_11.4.0_6237/ide/plugins/com.nxp.mcuxpresso.tools.macosx_11.4.0.202103011116/tools/bin/../lib/gcc/arm-none-eabi/10.2.1/../../../../arm-none-eabi/lib/thumb/v7e-m+dp/hard/libcr_c.a(__init_alloc.o)
                              /Applications/MCUXpressoIDE_11.4.0_6237/ide/plugins/com.nxp.mcuxpresso.tools.macosx_11.4.0.202103011116/tools/bin/../lib/gcc/arm-none-eabi/10.2.1/../../../../arm-none-eabi/lib/thumb/v7e-m+dp/hard/libcr_c.a(alloc.o) (__heaps)
/Applications/MCUXpressoIDE_11.4.0_6237/ide/plugins/com.nxp.mcuxpresso.tools.macosx_11.4.0.202103011116/tools/bin/../lib/gcc/arm-none-eabi/10.2.1/../../../../arm-none-eabi/lib/thumb/v7e-m+dp/hard/libcr_c.a(_cr_sbrk.o)
                              /Applications/MCUXpressoIDE_11.4.0_6237/ide/plugins/com.nxp.mcuxpresso.tools.macosx_11.4.0.202103011116/tools/bin/../lib/gcc/arm-none-eabi/10.2.1/../../../../arm-none-eabi/lib/thumb/v7e-m+dp/hard/libcr_c.a(alloc.o) (_sbrk)
/Applications/MCUXpressoIDE_11.4.0_6237/ide/plugins/com.nxp.mcuxpresso.tools.macosx_11.4.0.202103011116/tools/bin/../lib/gcc/arm-none-eabi/10.2.1/../../../../arm-none-eabi/lib/thumb/v7e-m+dp/hard/libcr_c.a(_fdopen.o)
                              /Applications/MCUXpressoIDE_11.4.0_6237/ide/plugins/com.nxp.mcuxpresso.tools.macosx_11.4.0.202103011116/tools/bin/../lib/gcc/arm-none-eabi/10.2.1/../../../../arm-none-eabi/lib/thumb/v7e-m+dp/hard/libcr_c.a(initio.o) (_fdopen)
/Applications/MCUXpressoIDE_11.4.0_6237/ide/plugins/com.nxp.mcuxpresso.tools.macosx_11.4.0.202103011116/tools/bin/../lib/gcc/arm-none-eabi/10.2.1/../../../../arm-none-eabi/lib/thumb/v7e-m+dp/hard/libcr_c.a(errno.o)
                              /Applications/MCUXpressoIDE_11.4.0_6237/ide/plugins/com.nxp.mcuxpresso.tools.macosx_11.4.0.202103011116/tools/bin/../lib/gcc/arm-none-eabi/10.2.1/../../../../arm-none-eabi/lib/thumb/v7e-m+dp/hard/libcr_c.a(_cr_sbrk.o) (errno)
/Applications/MCUXpressoIDE_11.4.0_6237/ide/plugins/com.nxp.mcuxpresso.tools.macosx_11.4.0.202103011116/tools/bin/../lib/gcc/arm-none-eabi/10.2.1/../../../../arm-none-eabi/lib/thumb/v7e-m+dp/hard/libcr_c.a(fclose.o)
                              /Applications/MCUXpressoIDE_11.4.0_6237/ide/plugins/com.nxp.mcuxpresso.tools.macosx_11.4.0.202103011116/tools/bin/../lib/gcc/arm-none-eabi/10.2.1/../../../../arm-none-eabi/lib/thumb/v7e-m+dp/hard/libcr_c.a(initio.o) (fclose)
[...]
Memory Configuration

Name             Origin             Length             Attributes
BOARD_FLASH      0x0000000060000000 0x0000000000800000 xr
BOARD_SDRAM      0x0000000080000000 0x0000000001e00000 xrw
NCACHE_REGION    0x0000000081e00000 0x0000000000200000 xrw
SRAM_DTC         0x0000000020000000 0x0000000000010000 xrw
SRAM_ITC         0x0000000000000000 0x0000000000010000 xrw
SRAM_OC          0x0000000020200000 0x0000000000020000 xrw
*default*        0x0000000000000000 0xffffffffffffffff

Linker script and memory map

LOAD ./xip/evkmimxrt1020_flexspi_nor_config.o
LOAD ./xip/fsl_flexspi_nor_boot.o
LOAD ./utilities/fsl_assert.o
LOAD ./utilities/fsl_debug_console.o
LOAD ./startup/startup_mimxrt1021.o
LOAD ./source/hello_world.o
LOAD ./source/semihost_hardfault.o
LOAD ./drivers/fsl_clock.o
LOAD ./drivers/fsl_common.o
LOAD ./drivers/fsl_gpio.o
LOAD ./drivers/fsl_lpuart.o
LOAD ./device/system_MIMXRT1021.o
LOAD ./component/uart/fsl_adapter_lpuart.o
LOAD ./component/lists/fsl_component_generic_list.o
LOAD ./board/board.o
LOAD ./board/clock_config.o
LOAD ./board/dcd.o
LOAD ./board/pin_mux.o
START GROUP
LOAD /Applications/MCUXpressoIDE_11.4.0_6237/ide/plugins/com.nxp.mcuxpresso.tools.macosx_11.4.0.202103011116/tools/bin/../lib/gcc/arm-none-eabi/10.2.1/../../../../arm-none-eabi/lib/thumb/v7e-m+dp/hard/libcr_nohost_nf.a
LOAD /Applications/MCUXpressoIDE_11.4.0_6237/ide/plugins/com.nxp.mcuxpresso.tools.macosx_11.4.0.202103011116/tools/bin/../lib/gcc/arm-none-eabi/10.2.1/../../../../arm-none-eabi/lib/thumb/v7e-m+dp/hard/libcr_c.a
LOAD /Applications/MCUXpressoIDE_11.4.0_6237/ide/plugins/com.nxp.mcuxpresso.tools.macosx_11.4.0.202103011116/tools/bin/../lib/gcc/arm-none-eabi/10.2.1/thumb/v7e-m+dp/hard/libcr_eabihelpers.a
LOAD /Applications/MCUXpressoIDE_11.4.0_6237/ide/plugins/com.nxp.mcuxpresso.tools.macosx_11.4.0.202103011116/tools/bin/../lib/gcc/arm-none-eabi/10.2.1/thumb/v7e-m+dp/hard/libgcc.a
END GROUP
                0x0000000060000000                __base_BOARD_FLASH = 0x60000000
                0x0000000060000000                __base_Flash = 0x60000000
                0x0000000060800000                __top_BOARD_FLASH = 0x60800000
                0x0000000060800000                __top_Flash = 0x60800000
                0x0000000080000000                __base_BOARD_SDRAM = 0x80000000
                0x0000000080000000                __base_RAM = 0x80000000
                0x0000000081e00000                __top_BOARD_SDRAM = 0x81e00000
                0x0000000081e00000                __top_RAM = 0x81e00000
                0x0000000081e00000                __base_NCACHE_REGION = 0x81e00000
                0x0000000081e00000                __base_RAM2 = 0x81e00000
                0x0000000082000000                __top_NCACHE_REGION = 0x82000000
                0x0000000082000000                __top_RAM2 = 0x82000000
                0x0000000020000000                __base_SRAM_DTC = 0x20000000
                0x0000000020000000                __base_RAM3 = 0x20000000
                0x0000000020010000                __top_SRAM_DTC = 0x20010000
                0x0000000020010000                __top_RAM3 = 0x20010000
                0x0000000000000000                __base_SRAM_ITC = 0x0
                0x0000000000000000                __base_RAM4 = 0x0
                0x0000000000010000                __top_SRAM_ITC = 0x10000
                0x0000000000010000                __top_RAM4 = 0x10000
                0x0000000020200000                __base_SRAM_OC = 0x20200000
                0x0000000020200000                __base_RAM5 = 0x20200000
                0x0000000020220000                __top_SRAM_OC = 0x20220000
                0x0000000020220000                __top_RAM5 = 0x20220000

.boot_hdr       0x0000000060000000     0x2000
 FILL mask 0xff
                0x0000000060000000                __boot_hdr_start__ = ABSOLUTE (.)
 *(SORT_BY_ALIGNMENT(.boot_hdr.conf))
 .boot_hdr.conf
                0x0000000060000000      0x200 ./xip/evkmimxrt1020_flexspi_nor_config.o
                0x0000000060000000                qspiflash_config
                0x0000000000001000                . = 0x1000
 *fill*         0x0000000060000200      0xe00 ff
 *(SORT_BY_ALIGNMENT(.boot_hdr.ivt))
 .boot_hdr.ivt  0x0000000060001000       0x20 ./xip/fsl_flexspi_nor_boot.o
                0x0000000060001000                image_vector_table
                0x0000000000001020                . = 0x1020
 *(SORT_BY_ALIGNMENT(.boot_hdr.boot_data))
 .boot_hdr.boot_data
                0x0000000060001020       0x10 ./xip/fsl_flexspi_nor_boot.o
                0x0000000060001020                boot_data
                0x0000000000001030                . = 0x1030
 *(SORT_BY_ALIGNMENT(.boot_hdr.dcd_data))
 .boot_hdr.dcd_data
                0x0000000060001030      0x3e8 ./board/dcd.o
                0x0000000060001030                dcd_data
                0x0000000060001418                __boot_hdr_end__ = ABSOLUTE (.)
                0x0000000000002000                . = 0x2000
 *fill*         0x0000000060001418      0xbe8 ff

.text           0x0000000060002000     0x3abc
 FILL mask 0xff
                0x0000000060002000                __vectors_start__ = ABSOLUTE (.)
 *(SORT_BY_ALIGNMENT(.isr_vector))
 .isr_vector    0x0000000060002000      0x278 ./startup/startup_mimxrt1021.o
                0x0000000060002000                __Vectors
                0x0000000060002000                g_pfnVectors
                0x0000000060002278                . = ALIGN (0x4)
                0x0000000060002278                __section_table_start = .
                0x0000000060002278                __data_section_table = .
                0x0000000060002278        0x4 LONG 0x60005abc LOADADDR (.data)
                0x000000006000227c        0x4 LONG 0x80000000 ADDR (.data)
                0x0000000060002280        0x4 LONG 0x2c SIZEOF (.data)
                0x0000000060002284        0x4 LONG 0x60005abc LOADADDR (.data_RAM2)
                0x0000000060002288        0x4 LONG 0x81e00000 ADDR (.data_RAM2)
                0x000000006000228c        0x4 LONG 0x0 SIZEOF (.data_RAM2)
                0x0000000060002290        0x4 LONG 0x60005abc LOADADDR (.data_RAM3)
                0x0000000060002294        0x4 LONG 0x20000000 ADDR (.data_RAM3)
                0x0000000060002298        0x4 LONG 0x0 SIZEOF (.data_RAM3)
                0x000000006000229c        0x4 LONG 0x60005abc LOADADDR (.data_RAM4)
                0x00000000600022a0        0x4 LONG 0x0 ADDR (.data_RAM4)
                0x00000000600022a4        0x4 LONG 0x0 SIZEOF (.data_RAM4)
                0x00000000600022a8        0x4 LONG 0x60005abc LOADADDR (.data_RAM5)
                0x00000000600022ac        0x4 LONG 0x20200000 ADDR (.data_RAM5)
                0x00000000600022b0        0x4 LONG 0x0 SIZEOF (.data_RAM5)
                0x00000000600022b4                __data_section_table_end = .
                0x00000000600022b4                __bss_section_table = .
                0x00000000600022b4        0x4 LONG 0x8000002c ADDR (.bss)
                0x00000000600022b8        0x4 LONG 0x100 SIZEOF (.bss)
                0x00000000600022bc        0x4 LONG 0x81e00000 ADDR (.bss_RAM2)
                0x00000000600022c0        0x4 LONG 0x0 SIZEOF (.bss_RAM2)
                0x00000000600022c4        0x4 LONG 0x20000000 ADDR (.bss_RAM3)
                0x00000000600022c8        0x4 LONG 0x0 SIZEOF (.bss_RAM3)
                0x00000000600022cc        0x4 LONG 0x0 ADDR (.bss_RAM4)
                0x00000000600022d0        0x4 LONG 0x0 SIZEOF (.bss_RAM4)
                0x00000000600022d4        0x4 LONG 0x20200000 ADDR (.bss_RAM5)
                0x00000000600022d8        0x4 LONG 0x0 SIZEOF (.bss_RAM5)
                0x00000000600022dc                __bss_section_table_end = .
                0x00000000600022dc                __section_table_end = .
 *(SORT_BY_ALIGNMENT(.after_vectors*))
 .after_vectors.reset
                0x00000000600022dc       0x58 ./startup/startup_mimxrt1021.o
                0x00000000600022dc                ResetISR
 .after_vectors.init_data
                0x0000000060002334       0x1e ./startup/startup_mimxrt1021.o
                0x0000000060002334                data_init
 .after_vectors.init_bss
                0x0000000060002352       0x12 ./startup/startup_mimxrt1021.o
                0x0000000060002352                bss_init
 .after_vectors
                0x0000000060002364       0x14 ./startup/startup_mimxrt1021.o
                0x0000000060002364                NMI_Handler
                0x0000000060002368                MemManage_Handler
                0x000000006000236a                BusFault_Handler
                0x000000006000236c                UsageFault_Handler
                0x000000006000236e                SVC_Handler
                0x0000000060002370                DebugMon_Handler
                0x0000000060002372                PendSV_Handler
                0x0000000060002374                SysTick_Handler
                0x0000000060002376                Reserved152_DriverIRQHandler
                0x0000000060002376                DMA13_DMA29_DriverIRQHandler
                0x0000000060002376                FLEXRAM_DriverIRQHandler
                0x0000000060002376                LPSPI4_DriverIRQHandler
                0x0000000060002376                SEMC_DriverIRQHandler
                0x0000000060002376                SPDIF_DriverIRQHandler
                0x0000000060002376                USB_PHY_DriverIRQHandler
                0x0000000060002376                GPIO3_Combined_0_15_DriverIRQHandler
                0x0000000060002376                Reserved82_DriverIRQHandler
                0x0000000060002376                DMA7_DMA23_DriverIRQHandler
                0x0000000060002376                BEE_DriverIRQHandler
                0x0000000060002376                LPI2C3_DriverIRQHandler
                0x0000000060002376                GPR_IRQ_DriverIRQHandler
                0x0000000060002376                Reserved103_DriverIRQHandler
                0x0000000060002376                PWM2_FAULT_DriverIRQHandler
                0x0000000060002376                Reserved56_DriverIRQHandler
                0x0000000060002376                DMA14_DMA30_DriverIRQHandler
                0x0000000060002376                TMR1_DriverIRQHandler
                0x0000000060002376                TRNG_DriverIRQHandler
                0x0000000060002376                ENET_1588_Timer_DriverIRQHandler
                0x0000000060002376                GPIO2_Combined_16_31_DriverIRQHandler
                0x0000000060002376                Reserved143_DriverIRQHandler
                0x0000000060002376                Reserved151_DriverIRQHandler
                0x0000000060002376                DMA0_DMA16_DriverIRQHandler
                0x0000000060002376                IntDefaultHandler
                0x0000000060002376                DMA2_DMA18_DriverIRQHandler
                0x0000000060002376                SRC_DriverIRQHandler
                0x0000000060002376                GPIO1_INT4_DriverIRQHandler
                0x0000000060002376                Reserved144_DriverIRQHandler
                0x0000000060002376                USDHC1_DriverIRQHandler
                0x0000000060002376                SNVS_LP_HP_WRAPPER_DriverIRQHandler
                0x0000000060002376                EWM_DriverIRQHandler
                0x0000000060002376                WDOG1_DriverIRQHandler
                0x0000000060002376                FLEXIO1_DriverIRQHandler
                0x0000000060002376                ENET_DriverIRQHandler
                0x0000000060002376                Reserved78_DriverIRQHandler
                0x0000000060002376                ENC2_DriverIRQHandler
                0x0000000060002376                ADC_ETC_IRQ2_DriverIRQHandler
                0x0000000060002376                GPIO1_Combined_16_31_DriverIRQHandler
                0x0000000060002376                GPIO1_INT7_DriverIRQHandler
                0x0000000060002376                SAI1_DriverIRQHandler
                0x0000000060002376                DCDC_DriverIRQHandler
                0x0000000060002376                DMA12_DMA28_DriverIRQHandler
                0x0000000060002376                ADC_ETC_ERROR_IRQ_DriverIRQHandler
                0x0000000060002376                ACMP2_DriverIRQHandler
                0x0000000060002376                GPIO5_Combined_0_15_DriverIRQHandler
                0x0000000060002376                GPIO1_INT0_DriverIRQHandler
                0x0000000060002376                GPIO1_INT2_DriverIRQHandler
                0x0000000060002376                RTWDOG_DriverIRQHandler
                0x0000000060002376                FLEXSPI_DriverIRQHandler
                0x0000000060002376                GPT2_DriverIRQHandler
                0x0000000060002376                DMA10_DMA26_DriverIRQHandler
                0x0000000060002376                PWM2_1_DriverIRQHandler
                0x0000000060002376                PWM1_1_DriverIRQHandler
                0x0000000060002376                ADC1_DriverIRQHandler
                0x0000000060002376                Reserved148_DriverIRQHandler
                0x0000000060002376                PWM1_0_DriverIRQHandler
                0x0000000060002376                DMA1_DMA17_DriverIRQHandler
                0x0000000060002376                ENC1_DriverIRQHandler
                0x0000000060002376                CAN2_DriverIRQHandler
                0x0000000060002376                DCP_DriverIRQHandler
                0x0000000060002376                CTI0_ERROR_DriverIRQHandler
                0x0000000060002376                DMA8_DMA24_DriverIRQHandler
                0x0000000060002376                GPT1_DriverIRQHandler
                0x0000000060002376                ACMP3_DriverIRQHandler
                0x0000000060002376                DMA6_DMA22_DriverIRQHandler
                0x0000000060002376                CSU_DriverIRQHandler
                0x0000000060002376                GPIO1_INT5_DriverIRQHandler
                0x0000000060002376                TMR2_DriverIRQHandler
                0x0000000060002376                CTI1_ERROR_DriverIRQHandler
                0x0000000060002376                GPIO1_Combined_0_15_DriverIRQHandler
                0x0000000060002376                USDHC2_DriverIRQHandler
                0x0000000060002376                SAI2_DriverIRQHandler
                0x0000000060002376                CORE_DriverIRQHandler
                0x0000000060002376                Reserved147_DriverIRQHandler
                0x0000000060002376                DMA11_DMA27_DriverIRQHandler
                0x0000000060002376                PWM2_3_DriverIRQHandler
                0x0000000060002376                Reserved60_DriverIRQHandler
                0x0000000060002376                XBAR1_IRQ_2_3_DriverIRQHandler
                0x0000000060002376                SNVS_HP_WRAPPER_TZ_DriverIRQHandler
                0x0000000060002376                GPIO3_Combined_16_31_DriverIRQHandler
                0x0000000060002376                PWM1_FAULT_DriverIRQHandler
                0x0000000060002376                LPI2C1_DriverIRQHandler
                0x0000000060002376                PWM2_2_DriverIRQHandler
                0x0000000060002376                Reserved128_DriverIRQHandler
                0x0000000060002376                DMA4_DMA20_DriverIRQHandler
                0x0000000060002376                DMA9_DMA25_DriverIRQHandler
                0x0000000060002376                SNVS_HP_WRAPPER_DriverIRQHandler
                0x0000000060002376                XBAR1_IRQ_0_1_DriverIRQHandler
                0x0000000060002376                ADC_ETC_IRQ1_DriverIRQHandler
                0x0000000060002376                LPSPI1_DriverIRQHandler
                0x0000000060002376                DMA3_DMA19_DriverIRQHandler
                0x0000000060002376                GPIO1_INT3_DriverIRQHandler
                0x0000000060002376                DCP_VMI_DriverIRQHandler
                0x0000000060002376                LPI2C4_DriverIRQHandler
                0x0000000060002376                GPC_DriverIRQHandler
                0x0000000060002376                Reserved123_DriverIRQHandler
                0x0000000060002376                GPIO2_Combined_0_15_DriverIRQHandler
                0x0000000060002376                PWM1_2_DriverIRQHandler
                0x0000000060002376                USB_OTG1_DriverIRQHandler
                0x0000000060002376                TEMP_LOW_HIGH_DriverIRQHandler
                0x0000000060002376                SAI3_TX_DriverIRQHandler
                0x0000000060002376                WDOG2_DriverIRQHandler
                0x0000000060002376                Reserved68_DriverIRQHandler
                0x0000000060002376                PMU_DriverIRQHandler
                0x0000000060002376                Reserved59_DriverIRQHandler
                0x0000000060002376                GPIO5_Combined_16_31_DriverIRQHandler
                0x0000000060002376                DMA5_DMA21_DriverIRQHandler
                0x0000000060002376                CCM_1_DriverIRQHandler
                0x0000000060002376                ADC2_DriverIRQHandler
                0x0000000060002376                Reserved58_DriverIRQHandler
                0x0000000060002376                Reserved115_DriverIRQHandler
                0x0000000060002376                TEMP_PANIC_DriverIRQHandler
                0x0000000060002376                DMA15_DMA31_DriverIRQHandler
                0x0000000060002376                Reserved107_DriverIRQHandler
                0x0000000060002376                LPSPI3_DriverIRQHandler
                0x0000000060002376                PWM1_3_DriverIRQHandler
                0x0000000060002376                Reserved70_DriverIRQHandler
                0x0000000060002376                ACMP1_DriverIRQHandler
                0x0000000060002376                LPI2C2_DriverIRQHandler
                0x0000000060002376                Reserved86_DriverIRQHandler
                0x0000000060002376                DMA_ERROR_DriverIRQHandler
                0x0000000060002376                ADC_ETC_IRQ0_DriverIRQHandler
                0x0000000060002376                CAN1_DriverIRQHandler
                0x0000000060002376                GPIO1_INT6_DriverIRQHandler
                0x0000000060002376                GPIO1_INT1_DriverIRQHandler
                0x0000000060002376                ACMP4_DriverIRQHandler
                0x0000000060002376                PWM2_0_DriverIRQHandler
                0x0000000060002376                Reserved87_DriverIRQHandler
                0x0000000060002376                KPP_DriverIRQHandler
                0x0000000060002376                LPSPI2_DriverIRQHandler
                0x0000000060002376                SAI3_RX_DriverIRQHandler
                0x0000000060002376                CCM_2_DriverIRQHandler
                0x0000000060002376                PIT_DriverIRQHandler
                0x0000000060002376                Reserved102_DriverIRQHandler
 *(SORT_BY_ALIGNMENT(.text*))
 .text.__assertion_failed
                0x0000000060002378       0x18 ./utilities/fsl_assert.o
                0x0000000060002378                __assertion_failed
 .text.DbgConsole_Init
                0x0000000060002390       0x74 ./utilities/fsl_debug_console.o
                0x0000000060002390                DbgConsole_Init
 .text.DbgConsole_Printf
                0x0000000060002404       0x40 ./utilities/fsl_debug_console.o
                0x0000000060002404                DbgConsole_Printf
 .text.DbgConsole_Putchar
                0x0000000060002444       0x30 ./utilities/fsl_debug_console.o
                0x0000000060002444                DbgConsole_Putchar
 .text.DbgConsole_PrintfFormattedData
                0x0000000060002474      0x3bc ./utilities/fsl_debug_console.o
 .text.main     0x0000000060002830       0x7c ./source/hello_world.o
                0x0000000060002830                main
 .text.sendTlm  0x00000000600028ac       0x1c ./source/hello_world.o
                0x00000000600028ac                sendTlm
 .text.writeTlm
                0x00000000600028c8       0x40 ./source/hello_world.o
                0x00000000600028c8                writeTlm
 .text.CLOCK_GetOscFreq
                0x0000000060002908       0x30 ./drivers/fsl_clock.o
 .text.CLOCK_InitExternalClk
                0x0000000060002938       0x6c ./drivers/fsl_clock.o
                0x0000000060002938                CLOCK_InitExternalClk
 .text.CLOCK_SwitchOsc
                0x00000000600029a4       0x34 ./drivers/fsl_clock.o
                0x00000000600029a4                CLOCK_SwitchOsc
 .text.CLOCK_InitRcOsc24M
                0x00000000600029d8       0x24 ./drivers/fsl_clock.o
                0x00000000600029d8                CLOCK_InitRcOsc24M
 .text.CLOCK_DeinitAudioPll
                0x00000000600029fc       0x1c ./drivers/fsl_clock.o
                0x00000000600029fc                CLOCK_DeinitAudioPll
 .text.CLOCK_InitEnetPll
                0x0000000060002a18       0xa4 ./drivers/fsl_clock.o
                0x0000000060002a18                CLOCK_InitEnetPll
 .text.CLOCK_GetPllFreq
                0x0000000060002abc      0x27c ./drivers/fsl_clock.o
                0x0000000060002abc                CLOCK_GetPllFreq
 .text.CLOCK_ControlGate
                0x0000000060002d38       0x64 ./drivers/fsl_lpuart.o
 .text.LPUART_GetInstance
                0x0000000060002d9c       0x4c ./drivers/fsl_lpuart.o
                0x0000000060002d9c                LPUART_GetInstance
 .text.LPUART_Init
                0x0000000060002de8      0x310 ./drivers/fsl_lpuart.o
                0x0000000060002de8                LPUART_Init
 .text.LPUART_GetDefaultConfig
                0x00000000600030f8       0x88 ./drivers/fsl_lpuart.o
                0x00000000600030f8                LPUART_GetDefaultConfig
 .text.LPUART_ClearStatusFlags
                0x0000000060003180       0xa4 ./drivers/fsl_lpuart.o
                0x0000000060003180                LPUART_ClearStatusFlags
 .text.LPUART_WriteBlocking
                0x0000000060003224       0x68 ./drivers/fsl_lpuart.o
                0x0000000060003224                LPUART_WriteBlocking
 .text.LPUART_ReadBlocking
                0x000000006000328c      0x160 ./drivers/fsl_lpuart.o
                0x000000006000328c                LPUART_ReadBlocking
 .text.LPUART1_DriverIRQHandler
                0x00000000600033ec       0x28 ./drivers/fsl_lpuart.o
                0x00000000600033ec                LPUART1_DriverIRQHandler
 .text.LPUART2_DriverIRQHandler
                0x0000000060003414       0x28 ./drivers/fsl_lpuart.o
                0x0000000060003414                LPUART2_DriverIRQHandler
 .text.LPUART3_DriverIRQHandler
                0x000000006000343c       0x28 ./drivers/fsl_lpuart.o
                0x000000006000343c                LPUART3_DriverIRQHandler
 .text.LPUART4_DriverIRQHandler
                0x0000000060003464       0x28 ./drivers/fsl_lpuart.o
                0x0000000060003464                LPUART4_DriverIRQHandler
 .text.LPUART5_DriverIRQHandler
                0x000000006000348c       0x28 ./drivers/fsl_lpuart.o
                0x000000006000348c                LPUART5_DriverIRQHandler
 .text.LPUART6_DriverIRQHandler
                0x00000000600034b4       0x28 ./drivers/fsl_lpuart.o
                0x00000000600034b4                LPUART6_DriverIRQHandler
 .text.LPUART7_DriverIRQHandler
                0x00000000600034dc       0x28 ./drivers/fsl_lpuart.o
                0x00000000600034dc                LPUART7_DriverIRQHandler
 .text.LPUART8_DriverIRQHandler
                0x0000000060003504       0x28 ./drivers/fsl_lpuart.o
                0x0000000060003504                LPUART8_DriverIRQHandler
 .text.SystemInit
                0x000000006000352c      0x1d8 ./device/system_MIMXRT1021.o
                0x000000006000352c                SystemInit
 .text.HAL_UartInit
                0x0000000060003704      0x100 ./component/uart/fsl_adapter_lpuart.o
                0x0000000060003704                HAL_UartInit
 .text.HAL_UartReceiveBlocking
                0x0000000060003804       0x6c ./component/uart/fsl_adapter_lpuart.o
                0x0000000060003804                HAL_UartReceiveBlocking
 .text.HAL_UartSendBlocking
                0x0000000060003870       0x64 ./component/uart/fsl_adapter_lpuart.o
                0x0000000060003870                HAL_UartSendBlocking
 .text.ARM_MPU_Enable
                0x00000000600038d4       0x40 ./board/board.o
 .text.ARM_MPU_Disable
                0x0000000060003914       0x34 ./board/board.o
 .text.CLOCK_GetMux
                0x0000000060003948       0x44 ./board/board.o
 .text.CLOCK_GetDiv
                0x000000006000398c       0x44 ./board/board.o
 .text.CLOCK_GetOscFreq
                0x00000000600039d0       0x30 ./board/board.o
 .text.BOARD_DebugConsoleSrcFreq
                0x0000000060003a00       0x64 ./board/board.o
                0x0000000060003a00                BOARD_DebugConsoleSrcFreq
 .text.BOARD_ConfigMPU
                0x0000000060003a64      0x2e4 ./board/board.o
                0x0000000060003a64                BOARD_ConfigMPU
 .text.CLOCK_SetMux
                0x0000000060003d48       0x9c ./board/clock_config.o
 .text.CLOCK_SetDiv
                0x0000000060003de4       0x9c ./board/clock_config.o
 .text.CLOCK_ControlGate
                0x0000000060003e80       0x64 ./board/clock_config.o
 .text.CLOCK_SetXtalFreq
                0x0000000060003ee4       0x20 ./board/clock_config.o
 .text.CLOCK_SetRtcXtalFreq
                0x0000000060003f04       0x20 ./board/clock_config.o
 .text.IOMUXC_EnableMode
                0x0000000060003f24       0x48 ./board/clock_config.o
 .text.IOMUXC_MQSConfig
                0x0000000060003f6c       0x44 ./board/clock_config.o
 .text.BOARD_BootClockRUN
                0x0000000060003fb0      0x498 ./board/clock_config.o
                0x0000000060003fb0                BOARD_BootClockRUN
 .text.CLOCK_ControlGate
                0x0000000060004448       0x64 ./board/pin_mux.o
 .text.BOARD_InitPins
                0x00000000600044ac       0xac ./board/pin_mux.o
                0x00000000600044ac                BOARD_InitPins
 .text._initio  0x0000000060004558       0x78 /Applications/MCUXpressoIDE_11.4.0_6237/ide/plugins/com.nxp.mcuxpresso.tools.macosx_11.4.0.202103011116/tools/bin/../lib/gcc/arm-none-eabi/10.2.1/../../../../arm-none-eabi/lib/thumb/v7e-m+dp/hard/libcr_c.a(initio.o)
                0x0000000060004558                _initio
 .text.fflush   0x00000000600045d0       0x3c /Applications/MCUXpressoIDE_11.4.0_6237/ide/plugins/com.nxp.mcuxpresso.tools.macosx_11.4.0.202103011116/tools/bin/../lib/gcc/arm-none-eabi/10.2.1/../../../../arm-none-eabi/lib/thumb/v7e-m+dp/hard/libcr_c.a(fflush.o)
                0x00000000600045d0                fflush
 .text.fseek    0x000000006000460c      0x100 /Applications/MCUXpressoIDE_11.4.0_6237/ide/plugins/com.nxp.mcuxpresso.tools.macosx_11.4.0.202103011116/tools/bin/../lib/gcc/arm-none-eabi/10.2.1/../../../../arm-none-eabi/lib/thumb/v7e-m+dp/hard/libcr_c.a(fseek.o)
                0x000000006000460c                fseek
 .text.ftell    0x000000006000470c       0x44 /Applications/MCUXpressoIDE_11.4.0_6237/ide/plugins/com.nxp.mcuxpresso.tools.macosx_11.4.0.202103011116/tools/bin/../lib/gcc/arm-none-eabi/10.2.1/../../../../arm-none-eabi/lib/thumb/v7e-m+dp/hard/libcr_c.a(ftell.o)
                0x000000006000470c                ftell
 .text._Cwritebuf
                0x0000000060004750       0x6c /Applications/MCUXpressoIDE_11.4.0_6237/ide/plugins/com.nxp.mcuxpresso.tools.macosx_11.4.0.202103011116/tools/bin/../lib/gcc/arm-none-eabi/10.2.1/../../../../arm-none-eabi/lib/thumb/v7e-m+dp/hard/libcr_c.a(_writebuf.o)
                0x0000000060004750                _Cwritebuf
 .text.DbgConsole_PrintfPaddingCharacter
                0x00000000600047bc       0x40 ./utilities/fsl_debug_console.o
 .text.DbgConsole_ConvertRadixNumToString
                0x00000000600047fc      0x110 ./utilities/fsl_debug_console.o
 .text.DMA0_DMA16_IRQHandler
                0x000000006000490c        0x8 ./startup/startup_mimxrt1021.o
                0x000000006000490c                DMA0_DMA16_IRQHandler
 .text.DMA1_DMA17_IRQHandler
                0x0000000060004914        0x8 ./startup/startup_mimxrt1021.o
                0x0000000060004914                DMA1_DMA17_IRQHandler
 .text.DMA2_DMA18_IRQHandler
                0x000000006000491c        0x8 ./startup/startup_mimxrt1021.o
                0x000000006000491c                DMA2_DMA18_IRQHandler
 .text.DMA3_DMA19_IRQHandler
                0x0000000060004924        0x8 ./startup/startup_mimxrt1021.o
                0x0000000060004924                DMA3_DMA19_IRQHandler
 .text.DMA4_DMA20_IRQHandler
                0x000000006000492c        0x8 ./startup/startup_mimxrt1021.o
                0x000000006000492c                DMA4_DMA20_IRQHandler
 .text.DMA5_DMA21_IRQHandler
                0x0000000060004934        0x8 ./startup/startup_mimxrt1021.o
                0x0000000060004934                DMA5_DMA21_IRQHandler
 .text.DMA6_DMA22_IRQHandler
                0x000000006000493c        0x8 ./startup/startup_mimxrt1021.o
                0x000000006000493c                DMA6_DMA22_IRQHandler
 .text.DMA7_DMA23_IRQHandler
                0x0000000060004944        0x8 ./startup/startup_mimxrt1021.o
                0x0000000060004944                DMA7_DMA23_IRQHandler
 .text.DMA8_DMA24_IRQHandler
                0x000000006000494c        0x8 ./startup/startup_mimxrt1021.o
                0x000000006000494c                DMA8_DMA24_IRQHandler
 .text.DMA9_DMA25_IRQHandler
                0x0000000060004954        0x8 ./startup/startup_mimxrt1021.o
                0x0000000060004954                DMA9_DMA25_IRQHandler
 .text.DMA10_DMA26_IRQHandler
                0x000000006000495c        0x8 ./startup/startup_mimxrt1021.o
                0x000000006000495c                DMA10_DMA26_IRQHandler
 .text.DMA11_DMA27_IRQHandler
                0x0000000060004964        0x8 ./startup/startup_mimxrt1021.o
                0x0000000060004964                DMA11_DMA27_IRQHandler
 .text.DMA12_DMA28_IRQHandler
                0x000000006000496c        0x8 ./startup/startup_mimxrt1021.o
                0x000000006000496c                DMA12_DMA28_IRQHandler
 .text.DMA13_DMA29_IRQHandler
                0x0000000060004974        0x8 ./startup/startup_mimxrt1021.o
                0x0000000060004974                DMA13_DMA29_IRQHandler
 .text.DMA14_DMA30_IRQHandler
                0x000000006000497c        0x8 ./startup/startup_mimxrt1021.o
                0x000000006000497c                DMA14_DMA30_IRQHandler
 .text.DMA15_DMA31_IRQHandler
                0x0000000060004984        0x8 ./startup/startup_mimxrt1021.o
                0x0000000060004984                DMA15_DMA31_IRQHandler
 .text.DMA_ERROR_IRQHandler
                0x000000006000498c        0x8 ./startup/startup_mimxrt1021.o
                0x000000006000498c                DMA_ERROR_IRQHandler
 .text.CTI0_ERROR_IRQHandler
                0x0000000060004994        0x8 ./startup/startup_mimxrt1021.o
                0x0000000060004994                CTI0_ERROR_IRQHandler
 .text.CTI1_ERROR_IRQHandler
                0x000000006000499c        0x8 ./startup/startup_mimxrt1021.o
                0x000000006000499c                CTI1_ERROR_IRQHandler
 .text.CORE_IRQHandler
                0x00000000600049a4        0x8 ./startup/startup_mimxrt1021.o
                0x00000000600049a4                CORE_IRQHandler
 .text.LPUART1_IRQHandler
                0x00000000600049ac        0x8 ./startup/startup_mimxrt1021.o
                0x00000000600049ac                LPUART1_IRQHandler
 .text.LPUART2_IRQHandler
                0x00000000600049b4        0x8 ./startup/startup_mimxrt1021.o
                0x00000000600049b4                LPUART2_IRQHandler
 .text.LPUART3_IRQHandler
                0x00000000600049bc        0x8 ./startup/startup_mimxrt1021.o
                0x00000000600049bc                LPUART3_IRQHandler
 .text.LPUART4_IRQHandler
                0x00000000600049c4        0x8 ./startup/startup_mimxrt1021.o
                0x00000000600049c4                LPUART4_IRQHandler
 .text.LPUART5_IRQHandler
                0x00000000600049cc        0x8 ./startup/startup_mimxrt1021.o
                0x00000000600049cc                LPUART5_IRQHandler
 .text.LPUART6_IRQHandler
                0x00000000600049d4        0x8 ./startup/startup_mimxrt1021.o
                0x00000000600049d4                LPUART6_IRQHandler
 .text.LPUART7_IRQHandler
                0x00000000600049dc        0x8 ./startup/startup_mimxrt1021.o
                0x00000000600049dc                LPUART7_IRQHandler
 .text.LPUART8_IRQHandler
                0x00000000600049e4        0x8 ./startup/startup_mimxrt1021.o
                0x00000000600049e4                LPUART8_IRQHandler
 .text.LPI2C1_IRQHandler
                0x00000000600049ec        0x8 ./startup/startup_mimxrt1021.o
                0x00000000600049ec                LPI2C1_IRQHandler
 .text.LPI2C2_IRQHandler
                0x00000000600049f4        0x8 ./startup/startup_mimxrt1021.o
                0x00000000600049f4                LPI2C2_IRQHandler
 .text.LPI2C3_IRQHandler
                0x00000000600049fc        0x8 ./startup/startup_mimxrt1021.o
                0x00000000600049fc                LPI2C3_IRQHandler
 .text.LPI2C4_IRQHandler
                0x0000000060004a04        0x8 ./startup/startup_mimxrt1021.o
                0x0000000060004a04                LPI2C4_IRQHandler
 .text.LPSPI1_IRQHandler
                0x0000000060004a0c        0x8 ./startup/startup_mimxrt1021.o
                0x0000000060004a0c                LPSPI1_IRQHandler
 .text.LPSPI2_IRQHandler
                0x0000000060004a14        0x8 ./startup/startup_mimxrt1021.o
                0x0000000060004a14                LPSPI2_IRQHandler
 .text.LPSPI3_IRQHandler
                0x0000000060004a1c        0x8 ./startup/startup_mimxrt1021.o
                0x0000000060004a1c                LPSPI3_IRQHandler
 .text.LPSPI4_IRQHandler
                0x0000000060004a24        0x8 ./startup/startup_mimxrt1021.o
                0x0000000060004a24                LPSPI4_IRQHandler
 .text.CAN1_IRQHandler
                0x0000000060004a2c        0x8 ./startup/startup_mimxrt1021.o
                0x0000000060004a2c                CAN1_IRQHandler
 .text.CAN2_IRQHandler
                0x0000000060004a34        0x8 ./startup/startup_mimxrt1021.o
                0x0000000060004a34                CAN2_IRQHandler
 .text.FLEXRAM_IRQHandler
                0x0000000060004a3c        0x8 ./startup/startup_mimxrt1021.o
                0x0000000060004a3c                FLEXRAM_IRQHandler
 .text.KPP_IRQHandler
                0x0000000060004a44        0x8 ./startup/startup_mimxrt1021.o
                0x0000000060004a44                KPP_IRQHandler
 .text.Reserved56_IRQHandler
                0x0000000060004a4c        0x8 ./startup/startup_mimxrt1021.o
                0x0000000060004a4c                Reserved56_IRQHandler
 .text.GPR_IRQ_IRQHandler
                0x0000000060004a54        0x8 ./startup/startup_mimxrt1021.o
                0x0000000060004a54                GPR_IRQ_IRQHandler
 .text.Reserved58_IRQHandler
                0x0000000060004a5c        0x8 ./startup/startup_mimxrt1021.o
                0x0000000060004a5c                Reserved58_IRQHandler
 .text.Reserved59_IRQHandler
                0x0000000060004a64        0x8 ./startup/startup_mimxrt1021.o
                0x0000000060004a64                Reserved59_IRQHandler
 .text.Reserved60_IRQHandler
                0x0000000060004a6c        0x8 ./startup/startup_mimxrt1021.o
                0x0000000060004a6c                Reserved60_IRQHandler
 .text.WDOG2_IRQHandler
                0x0000000060004a74        0x8 ./startup/startup_mimxrt1021.o
                0x0000000060004a74                WDOG2_IRQHandler
 .text.SNVS_HP_WRAPPER_IRQHandler
                0x0000000060004a7c        0x8 ./startup/startup_mimxrt1021.o
                0x0000000060004a7c                SNVS_HP_WRAPPER_IRQHandler
 .text.SNVS_HP_WRAPPER_TZ_IRQHandler
                0x0000000060004a84        0x8 ./startup/startup_mimxrt1021.o
                0x0000000060004a84                SNVS_HP_WRAPPER_TZ_IRQHandler
 .text.SNVS_LP_HP_WRAPPER_IRQHandler
                0x0000000060004a8c        0x8 ./startup/startup_mimxrt1021.o
                0x0000000060004a8c                SNVS_LP_HP_WRAPPER_IRQHandler
 .text.CSU_IRQHandler
                0x0000000060004a94        0x8 ./startup/startup_mimxrt1021.o
                0x0000000060004a94                CSU_IRQHandler
 .text.DCP_IRQHandler
                0x0000000060004a9c        0x8 ./startup/startup_mimxrt1021.o
                0x0000000060004a9c                DCP_IRQHandler
 .text.DCP_VMI_IRQHandler
                0x0000000060004aa4        0x8 ./startup/startup_mimxrt1021.o
                0x0000000060004aa4                DCP_VMI_IRQHandler
 .text.Reserved68_IRQHandler
                0x0000000060004aac        0x8 ./startup/startup_mimxrt1021.o
                0x0000000060004aac                Reserved68_IRQHandler
 .text.TRNG_IRQHandler
                0x0000000060004ab4        0x8 ./startup/startup_mimxrt1021.o
                0x0000000060004ab4                TRNG_IRQHandler
 .text.Reserved70_IRQHandler
                0x0000000060004abc        0x8 ./startup/startup_mimxrt1021.o
                0x0000000060004abc                Reserved70_IRQHandler
 .text.BEE_IRQHandler
                0x0000000060004ac4        0x8 ./startup/startup_mimxrt1021.o
                0x0000000060004ac4                BEE_IRQHandler
 .text.SAI1_IRQHandler
                0x0000000060004acc        0x8 ./startup/startup_mimxrt1021.o
                0x0000000060004acc                SAI1_IRQHandler
 .text.SAI2_IRQHandler
                0x0000000060004ad4        0x8 ./startup/startup_mimxrt1021.o
                0x0000000060004ad4                SAI2_IRQHandler
 .text.SAI3_RX_IRQHandler
                0x0000000060004adc        0x8 ./startup/startup_mimxrt1021.o
                0x0000000060004adc                SAI3_RX_IRQHandler
 .text.SAI3_TX_IRQHandler
                0x0000000060004ae4        0x8 ./startup/startup_mimxrt1021.o
                0x0000000060004ae4                SAI3_TX_IRQHandler
 .text.SPDIF_IRQHandler
                0x0000000060004aec        0x8 ./startup/startup_mimxrt1021.o
                0x0000000060004aec                SPDIF_IRQHandler
 .text.PMU_IRQHandler
                0x0000000060004af4        0x8 ./startup/startup_mimxrt1021.o
                0x0000000060004af4                PMU_IRQHandler
 .text.Reserved78_IRQHandler
                0x0000000060004afc        0x8 ./startup/startup_mimxrt1021.o
                0x0000000060004afc                Reserved78_IRQHandler
 .text.TEMP_LOW_HIGH_IRQHandler
                0x0000000060004b04        0x8 ./startup/startup_mimxrt1021.o
                0x0000000060004b04                TEMP_LOW_HIGH_IRQHandler
 .text.TEMP_PANIC_IRQHandler
                0x0000000060004b0c        0x8 ./startup/startup_mimxrt1021.o
                0x0000000060004b0c                TEMP_PANIC_IRQHandler
 .text.USB_PHY_IRQHandler
                0x0000000060004b14        0x8 ./startup/startup_mimxrt1021.o
                0x0000000060004b14                USB_PHY_IRQHandler
 .text.Reserved82_IRQHandler
                0x0000000060004b1c        0x8 ./startup/startup_mimxrt1021.o
                0x0000000060004b1c                Reserved82_IRQHandler
 .text.ADC1_IRQHandler
                0x0000000060004b24        0x8 ./startup/startup_mimxrt1021.o
                0x0000000060004b24                ADC1_IRQHandler
 .text.ADC2_IRQHandler
                0x0000000060004b2c        0x8 ./startup/startup_mimxrt1021.o
                0x0000000060004b2c                ADC2_IRQHandler
 .text.DCDC_IRQHandler
                0x0000000060004b34        0x8 ./startup/startup_mimxrt1021.o
                0x0000000060004b34                DCDC_IRQHandler
 .text.Reserved86_IRQHandler
                0x0000000060004b3c        0x8 ./startup/startup_mimxrt1021.o
                0x0000000060004b3c                Reserved86_IRQHandler
 .text.Reserved87_IRQHandler
                0x0000000060004b44        0x8 ./startup/startup_mimxrt1021.o
                0x0000000060004b44                Reserved87_IRQHandler
 .text.GPIO1_INT0_IRQHandler
                0x0000000060004b4c        0x8 ./startup/startup_mimxrt1021.o
                0x0000000060004b4c                GPIO1_INT0_IRQHandler
 .text.GPIO1_INT1_IRQHandler
                0x0000000060004b54        0x8 ./startup/startup_mimxrt1021.o
                0x0000000060004b54                GPIO1_INT1_IRQHandler
 .text.GPIO1_INT2_IRQHandler
                0x0000000060004b5c        0x8 ./startup/startup_mimxrt1021.o
                0x0000000060004b5c                GPIO1_INT2_IRQHandler
 .text.GPIO1_INT3_IRQHandler
                0x0000000060004b64        0x8 ./startup/startup_mimxrt1021.o
                0x0000000060004b64                GPIO1_INT3_IRQHandler
 .text.GPIO1_INT4_IRQHandler
                0x0000000060004b6c        0x8 ./startup/startup_mimxrt1021.o
                0x0000000060004b6c                GPIO1_INT4_IRQHandler
 .text.GPIO1_INT5_IRQHandler
                0x0000000060004b74        0x8 ./startup/startup_mimxrt1021.o
                0x0000000060004b74                GPIO1_INT5_IRQHandler
 .text.GPIO1_INT6_IRQHandler
                0x0000000060004b7c        0x8 ./startup/startup_mimxrt1021.o
                0x0000000060004b7c                GPIO1_INT6_IRQHandler
 .text.GPIO1_INT7_IRQHandler
                0x0000000060004b84        0x8 ./startup/startup_mimxrt1021.o
                0x0000000060004b84                GPIO1_INT7_IRQHandler
 .text.GPIO1_Combined_0_15_IRQHandler
                0x0000000060004b8c        0x8 ./startup/startup_mimxrt1021.o
                0x0000000060004b8c                GPIO1_Combined_0_15_IRQHandler
 .text.GPIO1_Combined_16_31_IRQHandler
                0x0000000060004b94        0x8 ./startup/startup_mimxrt1021.o
                0x0000000060004b94                GPIO1_Combined_16_31_IRQHandler
 .text.GPIO2_Combined_0_15_IRQHandler
                0x0000000060004b9c        0x8 ./startup/startup_mimxrt1021.o
                0x0000000060004b9c                GPIO2_Combined_0_15_IRQHandler
 .text.GPIO2_Combined_16_31_IRQHandler
                0x0000000060004ba4        0x8 ./startup/startup_mimxrt1021.o
                0x0000000060004ba4                GPIO2_Combined_16_31_IRQHandler
 .text.GPIO3_Combined_0_15_IRQHandler
                0x0000000060004bac        0x8 ./startup/startup_mimxrt1021.o
                0x0000000060004bac                GPIO3_Combined_0_15_IRQHandler
 .text.GPIO3_Combined_16_31_IRQHandler
                0x0000000060004bb4        0x8 ./startup/startup_mimxrt1021.o
                0x0000000060004bb4                GPIO3_Combined_16_31_IRQHandler
 .text.Reserved102_IRQHandler
                0x0000000060004bbc        0x8 ./startup/startup_mimxrt1021.o
                0x0000000060004bbc                Reserved102_IRQHandler
 .text.Reserved103_IRQHandler
                0x0000000060004bc4        0x8 ./startup/startup_mimxrt1021.o
                0x0000000060004bc4                Reserved103_IRQHandler
 .text.GPIO5_Combined_0_15_IRQHandler
                0x0000000060004bcc        0x8 ./startup/startup_mimxrt1021.o
                0x0000000060004bcc                GPIO5_Combined_0_15_IRQHandler
 .text.GPIO5_Combined_16_31_IRQHandler
                0x0000000060004bd4        0x8 ./startup/startup_mimxrt1021.o
                0x0000000060004bd4                GPIO5_Combined_16_31_IRQHandler
 .text.FLEXIO1_IRQHandler
                0x0000000060004bdc        0x8 ./startup/startup_mimxrt1021.o
                0x0000000060004bdc                FLEXIO1_IRQHandler
 .text.Reserved107_IRQHandler
                0x0000000060004be4        0x8 ./startup/startup_mimxrt1021.o
                0x0000000060004be4                Reserved107_IRQHandler
 .text.WDOG1_IRQHandler
                0x0000000060004bec        0x8 ./startup/startup_mimxrt1021.o
                0x0000000060004bec                WDOG1_IRQHandler
 .text.RTWDOG_IRQHandler
                0x0000000060004bf4        0x8 ./startup/startup_mimxrt1021.o
                0x0000000060004bf4                RTWDOG_IRQHandler
 .text.EWM_IRQHandler
                0x0000000060004bfc        0x8 ./startup/startup_mimxrt1021.o
                0x0000000060004bfc                EWM_IRQHandler
 .text.CCM_1_IRQHandler
                0x0000000060004c04        0x8 ./startup/startup_mimxrt1021.o
                0x0000000060004c04                CCM_1_IRQHandler
 .text.CCM_2_IRQHandler
                0x0000000060004c0c        0x8 ./startup/startup_mimxrt1021.o
                0x0000000060004c0c                CCM_2_IRQHandler
 .text.GPC_IRQHandler
                0x0000000060004c14        0x8 ./startup/startup_mimxrt1021.o
                0x0000000060004c14                GPC_IRQHandler
 .text.SRC_IRQHandler
                0x0000000060004c1c        0x8 ./startup/startup_mimxrt1021.o
                0x0000000060004c1c                SRC_IRQHandler
 .text.Reserved115_IRQHandler
                0x0000000060004c24        0x8 ./startup/startup_mimxrt1021.o
                0x0000000060004c24                Reserved115_IRQHandler
 .text.GPT1_IRQHandler
                0x0000000060004c2c        0x8 ./startup/startup_mimxrt1021.o
                0x0000000060004c2c                GPT1_IRQHandler
 .text.GPT2_IRQHandler
                0x0000000060004c34        0x8 ./startup/startup_mimxrt1021.o
                0x0000000060004c34                GPT2_IRQHandler
 .text.PWM1_0_IRQHandler
                0x0000000060004c3c        0x8 ./startup/startup_mimxrt1021.o
                0x0000000060004c3c                PWM1_0_IRQHandler
 .text.PWM1_1_IRQHandler
                0x0000000060004c44        0x8 ./startup/startup_mimxrt1021.o
                0x0000000060004c44                PWM1_1_IRQHandler
 .text.PWM1_2_IRQHandler
                0x0000000060004c4c        0x8 ./startup/startup_mimxrt1021.o
                0x0000000060004c4c                PWM1_2_IRQHandler
 .text.PWM1_3_IRQHandler
                0x0000000060004c54        0x8 ./startup/startup_mimxrt1021.o
                0x0000000060004c54                PWM1_3_IRQHandler
 .text.PWM1_FAULT_IRQHandler
                0x0000000060004c5c        0x8 ./startup/startup_mimxrt1021.o
                0x0000000060004c5c                PWM1_FAULT_IRQHandler
 .text.Reserved123_IRQHandler
                0x0000000060004c64        0x8 ./startup/startup_mimxrt1021.o
                0x0000000060004c64                Reserved123_IRQHandler
 .text.FLEXSPI_IRQHandler
                0x0000000060004c6c        0x8 ./startup/startup_mimxrt1021.o
                0x0000000060004c6c                FLEXSPI_IRQHandler
 .text.SEMC_IRQHandler
                0x0000000060004c74        0x8 ./startup/startup_mimxrt1021.o
                0x0000000060004c74                SEMC_IRQHandler
 .text.USDHC1_IRQHandler
                0x0000000060004c7c        0x8 ./startup/startup_mimxrt1021.o
                0x0000000060004c7c                USDHC1_IRQHandler
 .text.USDHC2_IRQHandler
                0x0000000060004c84        0x8 ./startup/startup_mimxrt1021.o
                0x0000000060004c84                USDHC2_IRQHandler
 .text.Reserved128_IRQHandler
                0x0000000060004c8c        0x8 ./startup/startup_mimxrt1021.o
                0x0000000060004c8c                Reserved128_IRQHandler
 .text.USB_OTG1_IRQHandler
                0x0000000060004c94        0x8 ./startup/startup_mimxrt1021.o
                0x0000000060004c94                USB_OTG1_IRQHandler
 .text.ENET_IRQHandler
                0x0000000060004c9c        0x8 ./startup/startup_mimxrt1021.o
                0x0000000060004c9c                ENET_IRQHandler
 .text.ENET_1588_Timer_IRQHandler
                0x0000000060004ca4        0x8 ./startup/startup_mimxrt1021.o
                0x0000000060004ca4                ENET_1588_Timer_IRQHandler
 .text.XBAR1_IRQ_0_1_IRQHandler
                0x0000000060004cac        0x8 ./startup/startup_mimxrt1021.o
                0x0000000060004cac                XBAR1_IRQ_0_1_IRQHandler
 .text.XBAR1_IRQ_2_3_IRQHandler
                0x0000000060004cb4        0x8 ./startup/startup_mimxrt1021.o
                0x0000000060004cb4                XBAR1_IRQ_2_3_IRQHandler
 .text.ADC_ETC_IRQ0_IRQHandler
                0x0000000060004cbc        0x8 ./startup/startup_mimxrt1021.o
                0x0000000060004cbc                ADC_ETC_IRQ0_IRQHandler
 .text.ADC_ETC_IRQ1_IRQHandler
                0x0000000060004cc4        0x8 ./startup/startup_mimxrt1021.o
                0x0000000060004cc4                ADC_ETC_IRQ1_IRQHandler
 .text.ADC_ETC_IRQ2_IRQHandler
                0x0000000060004ccc        0x8 ./startup/startup_mimxrt1021.o
                0x0000000060004ccc                ADC_ETC_IRQ2_IRQHandler
 .text.ADC_ETC_ERROR_IRQ_IRQHandler
                0x0000000060004cd4        0x8 ./startup/startup_mimxrt1021.o
                0x0000000060004cd4                ADC_ETC_ERROR_IRQ_IRQHandler
 .text.PIT_IRQHandler
                0x0000000060004cdc        0x8 ./startup/startup_mimxrt1021.o
                0x0000000060004cdc                PIT_IRQHandler
 .text.ACMP1_IRQHandler
                0x0000000060004ce4        0x8 ./startup/startup_mimxrt1021.o
                0x0000000060004ce4                ACMP1_IRQHandler
 .text.ACMP2_IRQHandler
                0x0000000060004cec        0x8 ./startup/startup_mimxrt1021.o
                0x0000000060004cec                ACMP2_IRQHandler
 .text.ACMP3_IRQHandler
                0x0000000060004cf4        0x8 ./startup/startup_mimxrt1021.o
                0x0000000060004cf4                ACMP3_IRQHandler
 .text.ACMP4_IRQHandler
                0x0000000060004cfc        0x8 ./startup/startup_mimxrt1021.o
                0x0000000060004cfc                ACMP4_IRQHandler
 .text.Reserved143_IRQHandler
                0x0000000060004d04        0x8 ./startup/startup_mimxrt1021.o
                0x0000000060004d04                Reserved143_IRQHandler
 .text.Reserved144_IRQHandler
                0x0000000060004d0c        0x8 ./startup/startup_mimxrt1021.o
                0x0000000060004d0c                Reserved144_IRQHandler
 .text.ENC1_IRQHandler
                0x0000000060004d14        0x8 ./startup/startup_mimxrt1021.o
                0x0000000060004d14                ENC1_IRQHandler
 .text.ENC2_IRQHandler
                0x0000000060004d1c        0x8 ./startup/startup_mimxrt1021.o
                0x0000000060004d1c                ENC2_IRQHandler
 .text.Reserved147_IRQHandler
                0x0000000060004d24        0x8 ./startup/startup_mimxrt1021.o
                0x0000000060004d24                Reserved147_IRQHandler
 .text.Reserved148_IRQHandler
                0x0000000060004d2c        0x8 ./startup/startup_mimxrt1021.o
                0x0000000060004d2c                Reserved148_IRQHandler
 .text.TMR1_IRQHandler
                0x0000000060004d34        0x8 ./startup/startup_mimxrt1021.o
                0x0000000060004d34                TMR1_IRQHandler
 .text.TMR2_IRQHandler
                0x0000000060004d3c        0x8 ./startup/startup_mimxrt1021.o
                0x0000000060004d3c                TMR2_IRQHandler
 .text.Reserved151_IRQHandler
                0x0000000060004d44        0x8 ./startup/startup_mimxrt1021.o
                0x0000000060004d44                Reserved151_IRQHandler
 .text.Reserved152_IRQHandler
                0x0000000060004d4c        0x8 ./startup/startup_mimxrt1021.o
                0x0000000060004d4c                Reserved152_IRQHandler
 .text.PWM2_0_IRQHandler
                0x0000000060004d54        0x8 ./startup/startup_mimxrt1021.o
                0x0000000060004d54                PWM2_0_IRQHandler
 .text.PWM2_1_IRQHandler
                0x0000000060004d5c        0x8 ./startup/startup_mimxrt1021.o
                0x0000000060004d5c                PWM2_1_IRQHandler
 .text.PWM2_2_IRQHandler
                0x0000000060004d64        0x8 ./startup/startup_mimxrt1021.o
                0x0000000060004d64                PWM2_2_IRQHandler
 .text.PWM2_3_IRQHandler
                0x0000000060004d6c        0x8 ./startup/startup_mimxrt1021.o
                0x0000000060004d6c                PWM2_3_IRQHandler
 .text.PWM2_FAULT_IRQHandler
                0x0000000060004d74        0x8 ./startup/startup_mimxrt1021.o
                0x0000000060004d74                PWM2_FAULT_IRQHandler
 .text.delay    0x0000000060004d7c       0x2e ./source/hello_world.o
                0x0000000060004d7c                delay
 .text.HardFault_Handler
                0x0000000060004daa       0x2c ./source/semihost_hardfault.o
                0x0000000060004daa                HardFault_Handler
 .text.CLOCK_IsPllBypassed
                0x0000000060004dd6       0x32 ./drivers/fsl_clock.o
 .text.CLOCK_IsPllEnabled
                0x0000000060004e08       0x3c ./drivers/fsl_clock.o
 .text.CLOCK_GetPllBypassRefClk
                0x0000000060004e44       0x34 ./drivers/fsl_clock.o
 .text.CLOCK_EnableClock
                0x0000000060004e78       0x1e ./drivers/fsl_lpuart.o
 .text.LPUART_SoftwareReset
                0x0000000060004e96       0x2c ./drivers/fsl_lpuart.o
 .text.LPUART_GetStatusFlags
                0x0000000060004ec2       0x2c ./drivers/fsl_lpuart.o
                0x0000000060004ec2                LPUART_GetStatusFlags
 .text.SystemInitHook
                0x0000000060004eee        0xe ./device/system_MIMXRT1021.o
                0x0000000060004eee                SystemInitHook
 .text.HAL_UartGetStatus
                0x0000000060004efc       0x28 ./component/uart/fsl_adapter_lpuart.o
 .text.BOARD_InitDebugConsole
                0x0000000060004f24       0x22 ./board/board.o
                0x0000000060004f24                BOARD_InitDebugConsole
 .text.CLOCK_DisableClock
                0x0000000060004f46       0x1e ./board/clock_config.o
 .text.CLOCK_SetPllBypass
                0x0000000060004f64       0x4e ./board/clock_config.o
 .text.IOMUXC_SetSaiMClkClockSource
                0x0000000060004fb2       0x6c ./board/clock_config.o
 .text.BOARD_InitBootClocks
                0x000000006000501e        0xc ./board/clock_config.o
                0x000000006000501e                BOARD_InitBootClocks
 .text.CLOCK_EnableClock
                0x000000006000502a       0x1e ./board/pin_mux.o
 .text.IOMUXC_SetPinMux
                0x0000000060005048       0x3a ./board/pin_mux.o
 .text.IOMUXC_SetPinConfig
                0x0000000060005082       0x26 ./board/pin_mux.o
 .text.__main   0x00000000600050a8        0xe /Applications/MCUXpressoIDE_11.4.0_6237/ide/plugins/com.nxp.mcuxpresso.tools.macosx_11.4.0.202103011116/tools/bin/../lib/gcc/arm-none-eabi/10.2.1/../../../../arm-none-eabi/lib/thumb/v7e-m+dp/hard/libcr_nohost_nf.a(_cr__main.o)
                0x00000000600050a8                __main
 .text.memset   0x00000000600050b6        0x4 /Applications/MCUXpressoIDE_11.4.0_6237/ide/plugins/com.nxp.mcuxpresso.tools.macosx_11.4.0.202103011116/tools/bin/../lib/gcc/arm-none-eabi/10.2.1/../../../../arm-none-eabi/lib/thumb/v7e-m+dp/hard/libcr_c.a(memset.o)
                0x00000000600050b6                memset
 .text.free     0x00000000600050ba       0x30 /Applications/MCUXpressoIDE_11.4.0_6237/ide/plugins/com.nxp.mcuxpresso.tools.macosx_11.4.0.202103011116/tools/bin/../lib/gcc/arm-none-eabi/10.2.1/../../../../arm-none-eabi/lib/thumb/v7e-m+dp/hard/libcr_c.a(alloc.o)
                0x00000000600050ba                free
 .text.setvbuf  0x00000000600050ea       0x3e /Applications/MCUXpressoIDE_11.4.0_6237/ide/plugins/com.nxp.mcuxpresso.tools.macosx_11.4.0.202103011116/tools/bin/../lib/gcc/arm-none-eabi/10.2.1/../../../../arm-none-eabi/lib/thumb/v7e-m+dp/hard/libcr_c.a(setvbuf.o)
                0x00000000600050ea                setvbuf
 .text.strlen   0x0000000060005128       0x48 /Applications/MCUXpressoIDE_11.4.0_6237/ide/plugins/com.nxp.mcuxpresso.tools.macosx_11.4.0.202103011116/tools/bin/../lib/gcc/arm-none-eabi/10.2.1/../../../../arm-none-eabi/lib/thumb/v7e-m+dp/hard/libcr_c.a(strlen.o)
                0x0000000060005128                strlen
 .text._fdopen  0x0000000060005170       0x68 /Applications/MCUXpressoIDE_11.4.0_6237/ide/plugins/com.nxp.mcuxpresso.tools.macosx_11.4.0.202103011116/tools/bin/../lib/gcc/arm-none-eabi/10.2.1/../../../../arm-none-eabi/lib/thumb/v7e-m+dp/hard/libcr_c.a(_fdopen.o)
                0x0000000060005170                _fdopen
 .text.fclose   0x00000000600051d8       0x58 /Applications/MCUXpressoIDE_11.4.0_6237/ide/plugins/com.nxp.mcuxpresso.tools.macosx_11.4.0.202103011116/tools/bin/../lib/gcc/arm-none-eabi/10.2.1/../../../../arm-none-eabi/lib/thumb/v7e-m+dp/hard/libcr_c.a(fclose.o)
                0x00000000600051d8                fclose
 .text.remove   0x0000000060005230       0x14 /Applications/MCUXpressoIDE_11.4.0_6237/ide/plugins/com.nxp.mcuxpresso.tools.macosx_11.4.0.202103011116/tools/bin/../lib/gcc/arm-none-eabi/10.2.1/../../../../arm-none-eabi/lib/thumb/v7e-m+dp/hard/libcr_c.a(remove.o)
                0x0000000060005230                remove
 .text._do_fflush
                0x0000000060005244       0x40 /Applications/MCUXpressoIDE_11.4.0_6237/ide/plugins/com.nxp.mcuxpresso.tools.macosx_11.4.0.202103011116/tools/bin/../lib/gcc/arm-none-eabi/10.2.1/../../../../arm-none-eabi/lib/thumb/v7e-m+dp/hard/libcr_c.a(_do_fflush.o)
                0x0000000060005244                _do_fflush
 .text._fflush  0x0000000060005284       0x52 /Applications/MCUXpressoIDE_11.4.0_6237/ide/plugins/com.nxp.mcuxpresso.tools.macosx_11.4.0.202103011116/tools/bin/../lib/gcc/arm-none-eabi/10.2.1/../../../../arm-none-eabi/lib/thumb/v7e-m+dp/hard/libcr_c.a(_fflush.o)
                0x0000000060005284                _fflush
 .text._deferredlazyseek
                0x00000000600052d6       0x40 /Applications/MCUXpressoIDE_11.4.0_6237/ide/plugins/com.nxp.mcuxpresso.tools.macosx_11.4.0.202103011116/tools/bin/../lib/gcc/arm-none-eabi/10.2.1/../../../../arm-none-eabi/lib/thumb/v7e-m+dp/hard/libcr_c.a(_deferredlazyseek.o)
                0x00000000600052d6                _deferredlazyseek
 .text.__aeabi_memset_lowlevel
                0x0000000060005316       0x32 /Applications/MCUXpressoIDE_11.4.0_6237/ide/plugins/com.nxp.mcuxpresso.tools.macosx_11.4.0.202103011116/tools/bin/../lib/gcc/arm-none-eabi/10.2.1/thumb/v7e-m+dp/hard/libcr_eabihelpers.a(memcpy.o)
                0x0000000060005316                __aeabi_lowlevel_memset
 .text.__sys_close
                0x0000000060005348        0x6 /Applications/MCUXpressoIDE_11.4.0_6237/ide/plugins/com.nxp.mcuxpresso.tools.macosx_11.4.0.202103011116/tools/bin/../lib/gcc/arm-none-eabi/10.2.1/../../../../arm-none-eabi/lib/thumb/v7e-m+dp/hard/libcr_nohost_nf.a(__sys_close.o)
                0x0000000060005348                __sys_close
 .text.__sys_flen
                0x000000006000534e        0x6 /Applications/MCUXpressoIDE_11.4.0_6237/ide/plugins/com.nxp.mcuxpresso.tools.macosx_11.4.0.202103011116/tools/bin/../lib/gcc/arm-none-eabi/10.2.1/../../../../arm-none-eabi/lib/thumb/v7e-m+dp/hard/libcr_nohost_nf.a(__sys_flen.o)
                0x000000006000534e                __sys_flen
 .text.__sys_istty
                0x0000000060005354        0x6 /Applications/MCUXpressoIDE_11.4.0_6237/ide/plugins/com.nxp.mcuxpresso.tools.macosx_11.4.0.202103011116/tools/bin/../lib/gcc/arm-none-eabi/10.2.1/../../../../arm-none-eabi/lib/thumb/v7e-m+dp/hard/libcr_nohost_nf.a(__sys_istty.o)
                0x0000000060005354                __sys_istty
 .text.__sys_remove
                0x000000006000535a        0x6 /Applications/MCUXpressoIDE_11.4.0_6237/ide/plugins/com.nxp.mcuxpresso.tools.macosx_11.4.0.202103011116/tools/bin/../lib/gcc/arm-none-eabi/10.2.1/../../../../arm-none-eabi/lib/thumb/v7e-m+dp/hard/libcr_nohost_nf.a(__sys_remove.o)
                0x000000006000535a                __sys_remove
 .text.__sys_seek
                0x0000000060005360        0x6 /Applications/MCUXpressoIDE_11.4.0_6237/ide/plugins/com.nxp.mcuxpresso.tools.macosx_11.4.0.202103011116/tools/bin/../lib/gcc/arm-none-eabi/10.2.1/../../../../arm-none-eabi/lib/thumb/v7e-m+dp/hard/libcr_nohost_nf.a(__sys_seek.o)
                0x0000000060005360                __sys_seek
 .text.__sys_tmpnam
                0x0000000060005366        0x6 /Applications/MCUXpressoIDE_11.4.0_6237/ide/plugins/com.nxp.mcuxpresso.tools.macosx_11.4.0.202103011116/tools/bin/../lib/gcc/arm-none-eabi/10.2.1/../../../../arm-none-eabi/lib/thumb/v7e-m+dp/hard/libcr_nohost_nf.a(__sys_tmpnam.o)
                0x0000000060005366                __sys_tmpnam
 .text.__sys_write
                0x000000006000536c        0x4 /Applications/MCUXpressoIDE_11.4.0_6237/ide/plugins/com.nxp.mcuxpresso.tools.macosx_11.4.0.202103011116/tools/bin/../lib/gcc/arm-none-eabi/10.2.1/../../../../arm-none-eabi/lib/thumb/v7e-m+dp/hard/libcr_nohost_nf.a(__sys_write.o)
                0x000000006000536c                __sys_write
 *(SORT_BY_ALIGNMENT(.rodata) SORT_BY_ALIGNMENT(.rodata.*) SORT_BY_ALIGNMENT(.constdata) SORT_BY_ALIGNMENT(.constdata.*))
 .rodata.__assertion_failed.str1.4
                0x0000000060005370       0x14 ./utilities/fsl_assert.o
 .rodata.writeTlm.str1.4
                0x0000000060005384        0x3 ./source/hello_world.o
 *fill*         0x0000000060005387        0x1 ff
 .rodata.CLOCK_InitExternalClk.str1.4
                0x0000000060005388       0x22 ./drivers/fsl_clock.o
 *fill*         0x00000000600053aa        0x2 ff
 .rodata        0x00000000600053ac       0xe0 ./drivers/fsl_clock.o
 .rodata.CLOCK_GetPllFreq.str1.4
                0x000000006000548c       0x35 ./drivers/fsl_clock.o
 *fill*         0x00000000600054c1        0x3 ff
 .rodata.CLOCK_ControlGate.str1.4
                0x00000000600054c4       0x21 ./drivers/fsl_lpuart.o
 *fill*         0x00000000600054e5        0x3 ff
 .rodata.s_lpuartBases
                0x00000000600054e8       0x24 ./drivers/fsl_lpuart.o
 .rodata.s_lpuartClock
                0x000000006000550c       0x12 ./drivers/fsl_lpuart.o
 *fill*         0x000000006000551e        0x2 ff
 .rodata.LPUART_GetInstance.str1.4
                0x0000000060005520       0x39 ./drivers/fsl_lpuart.o
 *fill*         0x0000000060005559        0x3 ff
 .rodata.LPUART_Init.str1.4
                0x000000006000555c      0x10c ./drivers/fsl_lpuart.o
 .rodata.LPUART_GetDefaultConfig.str1.4
                0x0000000060005668       0x23 ./drivers/fsl_lpuart.o
 *fill*         0x000000006000568b        0x1 ff
 .rodata.LPUART_WriteBlocking.str1.4
                0x000000006000568c       0x21 ./drivers/fsl_lpuart.o
 *fill*         0x00000000600056ad        0x3 ff
 .rodata.LPUART_ReadBlocking.str1.4
                0x00000000600056b0       0x21 ./drivers/fsl_lpuart.o
 *fill*         0x00000000600056d1        0x3 ff
 .rodata.s_LpuartAdapterBase
                0x00000000600056d4       0x24 ./component/uart/fsl_adapter_lpuart.o
 .rodata.HAL_UartInit.str1.4
                0x00000000600056f8       0xf2 ./component/uart/fsl_adapter_lpuart.o
 *fill*         0x00000000600057ea        0x2 ff
 .rodata.HAL_UartReceiveBlocking.str1.4
                0x00000000600057ec       0x6b ./component/uart/fsl_adapter_lpuart.o
 *fill*         0x0000000060005857        0x1 ff
 .rodata.HAL_UartSendBlocking.str1.4
                0x0000000060005858       0x6b ./component/uart/fsl_adapter_lpuart.o
 *fill*         0x00000000600058c3        0x1 ff
 .rodata.BOARD_ConfigMPU.str1.4
                0x00000000600058c4       0x6a ./board/board.o
 *fill*         0x000000006000592e        0x2 ff
 .rodata.CLOCK_SetMux.str1.4
                0x0000000060005930       0x84 ./board/clock_config.o
 .rodata.CLOCK_SetDiv.str1.4
                0x00000000600059b4       0x84 ./board/clock_config.o
 .rodata.CLOCK_ControlGate.str1.4
                0x0000000060005a38       0x73 ./board/clock_config.o
 *fill*         0x0000000060005aab        0x1 ff
 .rodata.enetPllConfig_BOARD_BootClockRUN
                0x0000000060005aac        0x5 ./board/clock_config.o
                0x0000000060005aac                enetPllConfig_BOARD_BootClockRUN
 .rodata.CLOCK_ControlGate.str1.4
                0x0000000060005ab1       0x73 ./board/pin_mux.o
 *fill*         0x0000000060005ab1        0x3 ff
 .rodata.__num_Ciob_streams
                0x0000000060005ab4        0x4 /Applications/MCUXpressoIDE_11.4.0_6237/ide/plugins/com.nxp.mcuxpresso.tools.macosx_11.4.0.202103011116/tools/bin/../lib/gcc/arm-none-eabi/10.2.1/../../../../arm-none-eabi/lib/thumb/v7e-m+dp/hard/libcr_nohost_nf.a(__ciob.o)
                0x0000000060005ab4                __num_Ciob_streams
 .rodata._initio.str1.1
                0x0000000060005ab8        0x4 /Applications/MCUXpressoIDE_11.4.0_6237/ide/plugins/com.nxp.mcuxpresso.tools.macosx_11.4.0.202103011116/tools/bin/../lib/gcc/arm-none-eabi/10.2.1/../../../../arm-none-eabi/lib/thumb/v7e-m+dp/hard/libcr_c.a(initio.o)
                0x0000000060005abc                . = ALIGN (0x4)

.glue_7         0x0000000060005abc        0x0
 .glue_7        0x0000000060005abc        0x0 linker stubs

.glue_7t        0x0000000060005abc        0x0
 .glue_7t       0x0000000060005abc        0x0 linker stubs

.vfp11_veneer   0x0000000060005abc        0x0
 .vfp11_veneer  0x0000000060005abc        0x0 linker stubs

.v4_bx          0x0000000060005abc        0x0
 .v4_bx         0x0000000060005abc        0x0 linker stubs

.iplt           0x0000000060005abc        0x0
 .iplt          0x0000000060005abc        0x0 ./xip/fsl_flexspi_nor_boot.o

.rel.dyn        0x0000000060005abc        0x0
 .rel.iplt      0x0000000060005abc        0x0 ./xip/fsl_flexspi_nor_boot.o

.ARM.extab
 *(SORT_BY_ALIGNMENT(.ARM.extab*) SORT_BY_ALIGNMENT(.gnu.linkonce.armextab.*))

.ARM.exidx      0x0000000060005abc        0x0
                0x0000000060005abc                __exidx_start = .
 *(SORT_BY_ALIGNMENT(.ARM.exidx*) SORT_BY_ALIGNMENT(.gnu.linkonce.armexidx.*))
                0x0000000060005abc                __exidx_end = .
                0x0000000060005abc                _etext = .

.data_RAM2      0x0000000081e00000        0x0 load address 0x0000000060005abc
 FILL mask 0xff
                [!provide]                        PROVIDE (__start_data_RAM2 = .)
                [!provide]                        PROVIDE (__start_data_NCACHE_REGION = .)
 *(SORT_BY_ALIGNMENT(.ramfunc.$RAM2))
 *(SORT_BY_ALIGNMENT(.ramfunc.$NCACHE_REGION))
 *(SORT_BY_ALIGNMENT(NonCacheable.init))
 *(SORT_BY_ALIGNMENT(.data.$RAM2))
 *(SORT_BY_ALIGNMENT(.data.$NCACHE_REGION))
 *(SORT_BY_ALIGNMENT(.data.$RAM2.*))
 *(SORT_BY_ALIGNMENT(.data.$NCACHE_REGION.*))
                0x0000000081e00000                . = ALIGN (0x4)
                [!provide]                        PROVIDE (__end_data_RAM2 = .)
                [!provide]                        PROVIDE (__end_data_NCACHE_REGION = .)

.data_RAM3      0x0000000020000000        0x0 load address 0x0000000060005abc
 FILL mask 0xff
                [!provide]                        PROVIDE (__start_data_RAM3 = .)
                [!provide]                        PROVIDE (__start_data_SRAM_DTC = .)
 *(SORT_BY_ALIGNMENT(.ramfunc.$RAM3))
 *(SORT_BY_ALIGNMENT(.ramfunc.$SRAM_DTC))
 *(SORT_BY_ALIGNMENT(.data.$RAM3))
 *(SORT_BY_ALIGNMENT(.data.$SRAM_DTC))
 *(SORT_BY_ALIGNMENT(.data.$RAM3.*))
 *(SORT_BY_ALIGNMENT(.data.$SRAM_DTC.*))
                0x0000000020000000                . = ALIGN (0x4)
                [!provide]                        PROVIDE (__end_data_RAM3 = .)
                [!provide]                        PROVIDE (__end_data_SRAM_DTC = .)

.data_RAM4      0x0000000000000000        0x0 load address 0x0000000060005abc
 FILL mask 0xff
                [!provide]                        PROVIDE (__start_data_RAM4 = .)
                [!provide]                        PROVIDE (__start_data_SRAM_ITC = .)
 *(SORT_BY_ALIGNMENT(.ramfunc.$RAM4))
 *(SORT_BY_ALIGNMENT(.ramfunc.$SRAM_ITC))
 *(SORT_BY_ALIGNMENT(.data.$RAM4))
 *(SORT_BY_ALIGNMENT(.data.$SRAM_ITC))
 *(SORT_BY_ALIGNMENT(.data.$RAM4.*))
 *(SORT_BY_ALIGNMENT(.data.$SRAM_ITC.*))
                0x0000000000000000                . = ALIGN (0x4)
                [!provide]                        PROVIDE (__end_data_RAM4 = .)
                [!provide]                        PROVIDE (__end_data_SRAM_ITC = .)

.data_RAM5      0x0000000020200000        0x0 load address 0x0000000060005abc
 FILL mask 0xff
                [!provide]                        PROVIDE (__start_data_RAM5 = .)
                [!provide]                        PROVIDE (__start_data_SRAM_OC = .)
 *(SORT_BY_ALIGNMENT(.ramfunc.$RAM5))
 *(SORT_BY_ALIGNMENT(.ramfunc.$SRAM_OC))
 *(SORT_BY_ALIGNMENT(.data.$RAM5))
 *(SORT_BY_ALIGNMENT(.data.$SRAM_OC))
 *(SORT_BY_ALIGNMENT(.data.$RAM5.*))
 *(SORT_BY_ALIGNMENT(.data.$SRAM_OC.*))
                0x0000000020200000                . = ALIGN (0x4)
                [!provide]                        PROVIDE (__end_data_RAM5 = .)
                [!provide]                        PROVIDE (__end_data_SRAM_OC = .)

.uninit_RESERVED
                0x0000000080000000        0x0
                0x0000000080000000                _start_uninit_RESERVED = .
 *(SORT_BY_ALIGNMENT(.bss.$RESERVED*))
                0x0000000080000000                . = ALIGN (0x4)
                0x0000000080000000                _end_uninit_RESERVED = .

.data           0x0000000080000000       0x2c load address 0x0000000060005abc
 FILL mask 0xff
                0x0000000080000000                _data = .
                [!provide]                        PROVIDE (__start_data_RAM = .)
                [!provide]                        PROVIDE (__start_data_BOARD_SDRAM = .)
 *(SORT_BY_ALIGNMENT(vtable))
 *(SORT_BY_ALIGNMENT(.ramfunc*))
 *(SORT_BY_ALIGNMENT(CodeQuickAccess))
 *(SORT_BY_ALIGNMENT(DataQuickAccess))
 *(SORT_BY_ALIGNMENT(RamFunction))
 *(SORT_BY_ALIGNMENT(.data*))
 .data.b        0x0000000080000000       0x28 ./source/hello_world.o
                0x0000000080000000                b
 .data.SystemCoreClock
                0x0000000080000028        0x4 ./device/system_MIMXRT1021.o
                0x0000000080000028                SystemCoreClock
                0x000000008000002c                . = ALIGN (0x4)
                0x000000008000002c                _edata = .
                [!provide]                        PROVIDE (__end_data_RAM = .)
                [!provide]                        PROVIDE (__end_data_BOARD_SDRAM = .)

.igot.plt       0x000000008000002c        0x0 load address 0x0000000060005ae8
 .igot.plt      0x000000008000002c        0x0 ./xip/fsl_flexspi_nor_boot.o

.bss_RAM2       0x0000000081e00000        0x0
                [!provide]                        PROVIDE (__start_bss_RAM2 = .)
                [!provide]                        PROVIDE (__start_bss_NCACHE_REGION = .)
 *(SORT_BY_ALIGNMENT(NonCacheable))
 *(SORT_BY_ALIGNMENT(.bss.$RAM2))
 *(SORT_BY_ALIGNMENT(.bss.$NCACHE_REGION))
 *(SORT_BY_ALIGNMENT(.bss.$RAM2.*))
 *(SORT_BY_ALIGNMENT(.bss.$NCACHE_REGION.*))
                0x0000000081e00000                . = ALIGN ((. != 0x0)?0x4:0x1)
                [!provide]                        PROVIDE (__end_bss_RAM2 = .)
                [!provide]                        PROVIDE (__end_bss_NCACHE_REGION = .)

.bss_RAM3       0x0000000020000000        0x0
                [!provide]                        PROVIDE (__start_bss_RAM3 = .)
                [!provide]                        PROVIDE (__start_bss_SRAM_DTC = .)
 *(SORT_BY_ALIGNMENT(.bss.$RAM3))
 *(SORT_BY_ALIGNMENT(.bss.$SRAM_DTC))
 *(SORT_BY_ALIGNMENT(.bss.$RAM3.*))
 *(SORT_BY_ALIGNMENT(.bss.$SRAM_DTC.*))
                0x0000000020000000                . = ALIGN ((. != 0x0)?0x4:0x1)
                [!provide]                        PROVIDE (__end_bss_RAM3 = .)
                [!provide]                        PROVIDE (__end_bss_SRAM_DTC = .)

.bss_RAM4       0x0000000000000000        0x0
                [!provide]                        PROVIDE (__start_bss_RAM4 = .)
                [!provide]                        PROVIDE (__start_bss_SRAM_ITC = .)
 *(SORT_BY_ALIGNMENT(.bss.$RAM4))
 *(SORT_BY_ALIGNMENT(.bss.$SRAM_ITC))
 *(SORT_BY_ALIGNMENT(.bss.$RAM4.*))
 *(SORT_BY_ALIGNMENT(.bss.$SRAM_ITC.*))
                0x0000000000000000                . = ALIGN ((. != 0x0)?0x4:0x1)
                [!provide]                        PROVIDE (__end_bss_RAM4 = .)
                [!provide]                        PROVIDE (__end_bss_SRAM_ITC = .)

.bss_RAM5       0x0000000020200000        0x0
                [!provide]                        PROVIDE (__start_bss_RAM5 = .)
                [!provide]                        PROVIDE (__start_bss_SRAM_OC = .)
 *(SORT_BY_ALIGNMENT(.bss.$RAM5))
 *(SORT_BY_ALIGNMENT(.bss.$SRAM_OC))
 *(SORT_BY_ALIGNMENT(.bss.$RAM5.*))
 *(SORT_BY_ALIGNMENT(.bss.$SRAM_OC.*))
                0x0000000020200000                . = ALIGN ((. != 0x0)?0x4:0x1)
                [!provide]                        PROVIDE (__end_bss_RAM5 = .)
                [!provide]                        PROVIDE (__end_bss_SRAM_OC = .)

.bss            0x000000008000002c      0x100
                0x000000008000002c                _bss = .
                [!provide]                        PROVIDE (__start_bss_RAM = .)
                [!provide]                        PROVIDE (__start_bss_BOARD_SDRAM = .)
 *(SORT_BY_ALIGNMENT(.bss*))
 .bss.s_debugConsole
                0x000000008000002c       0x14 ./utilities/fsl_debug_console.o
 .bss.mySoh     0x0000000080000040        0x3 ./source/hello_world.o
                0x0000000080000040                mySoh
 *fill*         0x0000000080000043        0x1 
 .bss.g_xtalFreq
                0x0000000080000044        0x4 ./drivers/fsl_clock.o
                0x0000000080000044                g_xtalFreq
 .bss.g_rtcXtalFreq
                0x0000000080000048        0x4 ./drivers/fsl_clock.o
                0x0000000080000048                g_rtcXtalFreq
 .bss.s_lpuartHandle
                0x000000008000004c       0x24 ./drivers/fsl_lpuart.o
 .bss.s_lpuartIsr
                0x0000000080000070        0x4 ./drivers/fsl_lpuart.o
 .bss.errno     0x0000000080000074        0x4 /Applications/MCUXpressoIDE_11.4.0_6237/ide/plugins/com.nxp.mcuxpresso.tools.macosx_11.4.0.202103011116/tools/bin/../lib/gcc/arm-none-eabi/10.2.1/../../../../arm-none-eabi/lib/thumb/v7e-m+dp/hard/libcr_c.a(errno.o)
                0x0000000080000074                errno
 .bss.__Ciob    0x0000000080000078       0xb4 /Applications/MCUXpressoIDE_11.4.0_6237/ide/plugins/com.nxp.mcuxpresso.tools.macosx_11.4.0.202103011116/tools/bin/../lib/gcc/arm-none-eabi/10.2.1/../../../../arm-none-eabi/lib/thumb/v7e-m+dp/hard/libcr_nohost_nf.a(__ciob.o)
                0x0000000080000078                __Ciob
 *(SORT_BY_ALIGNMENT(COMMON))
                0x000000008000012c                . = ALIGN (0x4)
                0x000000008000012c                _ebss = .
                [!provide]                        PROVIDE (__end_bss_RAM = .)
                [!provide]                        PROVIDE (__end_bss_BOARD_SDRAM = .)
                [!provide]                        PROVIDE (end = .)

.noinit_RAM2    0x0000000081e00000        0x0
                [!provide]                        PROVIDE (__start_noinit_RAM2 = .)
                [!provide]                        PROVIDE (__start_noinit_NCACHE_REGION = .)
 *(SORT_BY_ALIGNMENT(.noinit.$RAM2))
 *(SORT_BY_ALIGNMENT(.noinit.$NCACHE_REGION))
 *(SORT_BY_ALIGNMENT(.noinit.$RAM2.*))
 *(SORT_BY_ALIGNMENT(.noinit.$NCACHE_REGION.*))
                0x0000000081e00000                . = ALIGN (0x4)
                [!provide]                        PROVIDE (__end_noinit_RAM2 = .)
                [!provide]                        PROVIDE (__end_noinit_NCACHE_REGION = .)

.noinit_RAM3    0x0000000020000000        0x0
                [!provide]                        PROVIDE (__start_noinit_RAM3 = .)
                [!provide]                        PROVIDE (__start_noinit_SRAM_DTC = .)
 *(SORT_BY_ALIGNMENT(.noinit.$RAM3))
 *(SORT_BY_ALIGNMENT(.noinit.$SRAM_DTC))
 *(SORT_BY_ALIGNMENT(.noinit.$RAM3.*))
 *(SORT_BY_ALIGNMENT(.noinit.$SRAM_DTC.*))
                0x0000000020000000                . = ALIGN (0x4)
                [!provide]                        PROVIDE (__end_noinit_RAM3 = .)
                [!provide]                        PROVIDE (__end_noinit_SRAM_DTC = .)

.noinit_RAM4    0x0000000000000000        0x0
                [!provide]                        PROVIDE (__start_noinit_RAM4 = .)
                [!provide]                        PROVIDE (__start_noinit_SRAM_ITC = .)
 *(SORT_BY_ALIGNMENT(.noinit.$RAM4))
 *(SORT_BY_ALIGNMENT(.noinit.$SRAM_ITC))
 *(SORT_BY_ALIGNMENT(.noinit.$RAM4.*))
 *(SORT_BY_ALIGNMENT(.noinit.$SRAM_ITC.*))
                0x0000000000000000                . = ALIGN (0x4)
                [!provide]                        PROVIDE (__end_noinit_RAM4 = .)
                [!provide]                        PROVIDE (__end_noinit_SRAM_ITC = .)

.noinit_RAM5    0x0000000020200000        0x0
                [!provide]                        PROVIDE (__start_noinit_RAM5 = .)
                [!provide]                        PROVIDE (__start_noinit_SRAM_OC = .)
 *(SORT_BY_ALIGNMENT(.noinit.$RAM5))
 *(SORT_BY_ALIGNMENT(.noinit.$SRAM_OC))
 *(SORT_BY_ALIGNMENT(.noinit.$RAM5.*))
 *(SORT_BY_ALIGNMENT(.noinit.$SRAM_OC.*))
                0x0000000020200000                . = ALIGN (0x4)
                [!provide]                        PROVIDE (__end_noinit_RAM5 = .)
                [!provide]                        PROVIDE (__end_noinit_SRAM_OC = .)

.noinit         0x000000008000012c        0x0
                0x000000008000012c                _noinit = .
                [!provide]                        PROVIDE (__start_noinit_RAM = .)
                [!provide]                        PROVIDE (__start_noinit_BOARD_SDRAM = .)
 *(SORT_BY_ALIGNMENT(.noinit*))
                0x000000008000012c                . = ALIGN (0x4)
                0x000000008000012c                _end_noinit = .
                [!provide]                        PROVIDE (__end_noinit_RAM = .)
                [!provide]                        PROVIDE (__end_noinit_BOARD_SDRAM = .)
                0x0000000000001000                _HeapSize = 0x1000

.heap           0x000000008000012c     0x1000
                0x000000008000012c                _pvHeapStart = .
                0x000000008000112c                . = (. + _HeapSize)
 *fill*         0x000000008000012c     0x1000 
                0x000000008000112c                . = ALIGN (0x4)
                0x000000008000112c                _pvHeapLimit = .
                0x0000000000001000                _StackSize = 0x1000

.heap2stackfill
                0x000000008000112c     0x1000
                0x000000008000212c                . = (. + _StackSize)
 *fill*         0x000000008000112c     0x1000 

.stack          0x0000000081dff000        0x0
                0x0000000081dff000                _vStackBase = .
                0x0000000081dff000                . = ALIGN (0x4)
                0x0000000081e00000                _vStackTop = (. + _StackSize)
                0x0000000060002000                _image_start = LOADADDR (.text)
                0x0000000060005ae8                _image_end = (LOADADDR (.data) + SIZEOF (.data))
                0x0000000000003ae8                _image_size = (_image_end - _image_start)
OUTPUT(evkmimxrt1020_hello_world.axf elf32-littlearm)
LOAD linker stubs

.debug_info     0x0000000000000000     0xb15f
 .debug_info    0x0000000000000000      0x78c ./xip/evkmimxrt1020_flexspi_nor_config.o
 .debug_info    0x000000000000078c      0x446 ./xip/fsl_flexspi_nor_boot.o
 .debug_info    0x0000000000000bd2       0xaa ./utilities/fsl_assert.o
 .debug_info    0x0000000000000c7c      0xbff ./utilities/fsl_debug_console.o
 .debug_info    0x000000000000187b      0xd0d ./startup/startup_mimxrt1021.o
 .debug_info    0x0000000000002588      0x547 ./source/hello_world.o
 .debug_info    0x0000000000002acf       0x3c ./source/semihost_hardfault.o
 .debug_info    0x0000000000002b0b     0x20cd ./drivers/fsl_clock.o
 .debug_info    0x0000000000004bd8     0x221e ./drivers/fsl_lpuart.o
 .debug_info    0x0000000000006df6      0xc3e ./device/system_MIMXRT1021.o
 .debug_info    0x0000000000007a34      0xa4a ./component/uart/fsl_adapter_lpuart.o
 .debug_info    0x000000000000847e      0xecb ./board/board.o
 .debug_info    0x0000000000009349     0x1650 ./board/clock_config.o
 .debug_info    0x000000000000a999       0xa1 ./board/dcd.o
 .debug_info    0x000000000000aa3a      0x725 ./board/pin_mux.o

.debug_abbrev   0x0000000000000000     0x173f
 .debug_abbrev  0x0000000000000000      0x10a ./xip/evkmimxrt1020_flexspi_nor_config.o
 .debug_abbrev  0x000000000000010a       0xd3 ./xip/fsl_flexspi_nor_boot.o
 .debug_abbrev  0x00000000000001dd       0x66 ./utilities/fsl_assert.o
 .debug_abbrev  0x0000000000000243      0x224 ./utilities/fsl_debug_console.o
 .debug_abbrev  0x0000000000000467      0x152 ./startup/startup_mimxrt1021.o
 .debug_abbrev  0x00000000000005b9      0x192 ./source/hello_world.o
 .debug_abbrev  0x000000000000074b       0x31 ./source/semihost_hardfault.o
 .debug_abbrev  0x000000000000077c      0x33b ./drivers/fsl_clock.o
 .debug_abbrev  0x0000000000000ab7      0x322 ./drivers/fsl_lpuart.o
 .debug_abbrev  0x0000000000000dd9      0x19b ./device/system_MIMXRT1021.o
 .debug_abbrev  0x0000000000000f74      0x191 ./component/uart/fsl_adapter_lpuart.o
 .debug_abbrev  0x0000000000001105      0x287 ./board/board.o
 .debug_abbrev  0x000000000000138c      0x1f9 ./board/clock_config.o
 .debug_abbrev  0x0000000000001585       0x64 ./board/dcd.o
 .debug_abbrev  0x00000000000015e9      0x156 ./board/pin_mux.o

.debug_aranges  0x0000000000000000      0xa88
 .debug_aranges
                0x0000000000000000       0x18 ./xip/evkmimxrt1020_flexspi_nor_config.o
 .debug_aranges
                0x0000000000000018       0x18 ./xip/fsl_flexspi_nor_boot.o
 .debug_aranges
                0x0000000000000030       0x20 ./utilities/fsl_assert.o
 .debug_aranges
                0x0000000000000050       0x70 ./utilities/fsl_debug_console.o
 .debug_aranges
                0x00000000000000c0      0x4f0 ./startup/startup_mimxrt1021.o
 .debug_aranges
                0x00000000000005b0       0x40 ./source/hello_world.o
 .debug_aranges
                0x00000000000005f0       0x20 ./source/semihost_hardfault.o
 .debug_aranges
                0x0000000000000610      0x158 ./drivers/fsl_clock.o
 .debug_aranges
                0x0000000000000768      0x170 ./drivers/fsl_lpuart.o
 .debug_aranges
                0x00000000000008d8       0x30 ./device/system_MIMXRT1021.o
 .debug_aranges
                0x0000000000000908       0x50 ./component/uart/fsl_adapter_lpuart.o
 .debug_aranges
                0x0000000000000958       0x58 ./board/board.o
 .debug_aranges
                0x00000000000009b0       0x78 ./board/clock_config.o
 .debug_aranges
                0x0000000000000a28       0x18 ./board/dcd.o
 .debug_aranges
                0x0000000000000a40       0x48 ./board/pin_mux.o

.debug_macro    0x0000000000000000    0x25aa7
 .debug_macro   0x0000000000000000      0x12c ./xip/evkmimxrt1020_flexspi_nor_config.o
 .debug_macro   0x000000000000012c      0xaea ./xip/evkmimxrt1020_flexspi_nor_config.o
 .debug_macro   0x0000000000000c16       0x10 ./xip/evkmimxrt1020_flexspi_nor_config.o
 .debug_macro   0x0000000000000c26      0x12e ./xip/evkmimxrt1020_flexspi_nor_config.o
 .debug_macro   0x0000000000000d54      0x5b3 ./xip/evkmimxrt1020_flexspi_nor_config.o
 .debug_macro   0x0000000000001307       0x22 ./xip/evkmimxrt1020_flexspi_nor_config.o
 .debug_macro   0x0000000000001329       0x16 ./xip/evkmimxrt1020_flexspi_nor_config.o
 .debug_macro   0x000000000000133f       0x22 ./xip/evkmimxrt1020_flexspi_nor_config.o
 .debug_macro   0x0000000000001361       0x10 ./xip/evkmimxrt1020_flexspi_nor_config.o
 .debug_macro   0x0000000000001371       0x4d ./xip/evkmimxrt1020_flexspi_nor_config.o
 .debug_macro   0x00000000000013be       0x1c ./xip/evkmimxrt1020_flexspi_nor_config.o
 .debug_macro   0x00000000000013da       0x22 ./xip/evkmimxrt1020_flexspi_nor_config.o
 .debug_macro   0x00000000000013fc       0xfb ./xip/evkmimxrt1020_flexspi_nor_config.o
 .debug_macro   0x00000000000014f7     0x1305 ./xip/evkmimxrt1020_flexspi_nor_config.o
 .debug_macro   0x00000000000027fc      0x11f ./xip/evkmimxrt1020_flexspi_nor_config.o
 .debug_macro   0x000000000000291b       0x27 ./xip/evkmimxrt1020_flexspi_nor_config.o
 .debug_macro   0x0000000000002942       0x1c ./xip/evkmimxrt1020_flexspi_nor_config.o
 .debug_macro   0x000000000000295e    0x1ff91 ./xip/evkmimxrt1020_flexspi_nor_config.o
 .debug_macro   0x00000000000228ef      0x774 ./xip/evkmimxrt1020_flexspi_nor_config.o
 .debug_macro   0x0000000000023063      0x116 ./xip/evkmimxrt1020_flexspi_nor_config.o
 .debug_macro   0x0000000000023179      0x21e ./xip/evkmimxrt1020_flexspi_nor_config.o
 .debug_macro   0x0000000000023397      0x1a4 ./xip/evkmimxrt1020_flexspi_nor_config.o
 .debug_macro   0x000000000002353b      0x153 ./xip/fsl_flexspi_nor_boot.o
 .debug_macro   0x000000000002368e      0x106 ./xip/fsl_flexspi_nor_boot.o
 .debug_macro   0x0000000000023794       0x10 ./xip/fsl_flexspi_nor_boot.o
 .debug_macro   0x00000000000237a4      0x166 ./xip/fsl_flexspi_nor_boot.o
 .debug_macro   0x000000000002390a       0x7c ./xip/fsl_flexspi_nor_boot.o
 .debug_macro   0x0000000000023986      0x11a ./utilities/fsl_assert.o
 .debug_macro   0x0000000000023aa0       0x1c ./utilities/fsl_assert.o
 .debug_macro   0x0000000000023abc       0x34 ./utilities/fsl_assert.o
 .debug_macro   0x0000000000023af0      0x140 ./utilities/fsl_debug_console.o
 .debug_macro   0x0000000000023c30       0x16 ./utilities/fsl_debug_console.o
 .debug_macro   0x0000000000023c46       0x10 ./utilities/fsl_debug_console.o
 .debug_macro   0x0000000000023c56       0x28 ./utilities/fsl_debug_console.o
 .debug_macro   0x0000000000023c7e       0xc4 ./utilities/fsl_debug_console.o
 .debug_macro   0x0000000000023d42       0x2e ./utilities/fsl_debug_console.o
 .debug_macro   0x0000000000023d70       0x34 ./utilities/fsl_debug_console.o
 .debug_macro   0x0000000000023da4       0x29 ./startup/startup_mimxrt1021.o
 .debug_macro   0x0000000000023dcd      0x154 ./source/hello_world.o
 .debug_macro   0x0000000000023f21       0x2e ./source/hello_world.o
 .debug_macro   0x0000000000023f4f      0x10c ./source/hello_world.o
 .debug_macro   0x000000000002405b       0x11 ./source/semihost_hardfault.o
 .debug_macro   0x000000000002406c      0x117 ./drivers/fsl_clock.o
 .debug_macro   0x0000000000024183      0x126 ./drivers/fsl_lpuart.o
 .debug_macro   0x00000000000242a9       0x10 ./drivers/fsl_lpuart.o
 .debug_macro   0x00000000000242b9       0xa7 ./device/system_MIMXRT1021.o
 .debug_macro   0x0000000000024360      0x139 ./component/uart/fsl_adapter_lpuart.o
 .debug_macro   0x0000000000024499       0x2e ./component/uart/fsl_adapter_lpuart.o
 .debug_macro   0x00000000000244c7      0x144 ./board/board.o
 .debug_macro   0x000000000002460b     0x11dd ./board/board.o
 .debug_macro   0x00000000000257e8      0x129 ./board/clock_config.o
 .debug_macro   0x0000000000025911       0x51 ./board/dcd.o
 .debug_macro   0x0000000000025962       0x22 ./board/dcd.o
 .debug_macro   0x0000000000025984      0x123 ./board/pin_mux.o

.debug_line     0x0000000000000000     0x6c58
 .debug_line    0x0000000000000000      0x3af ./xip/evkmimxrt1020_flexspi_nor_config.o
 .debug_line    0x00000000000003af      0x413 ./xip/fsl_flexspi_nor_boot.o
 .debug_line    0x00000000000007c2      0x3ab ./utilities/fsl_assert.o
 .debug_line    0x0000000000000b6d      0xc62 ./utilities/fsl_debug_console.o
 .debug_line    0x00000000000017cf      0xe55 ./startup/startup_mimxrt1021.o
 .debug_line    0x0000000000002624      0x58c ./source/hello_world.o
 .debug_line    0x0000000000002bb0       0x59 ./source/semihost_hardfault.o
 .debug_line    0x0000000000002c09      0xe51 ./drivers/fsl_clock.o
 .debug_line    0x0000000000003a5a     0x1309 ./drivers/fsl_lpuart.o
 .debug_line    0x0000000000004d63      0x509 ./device/system_MIMXRT1021.o
 .debug_line    0x000000000000526c      0x537 ./component/uart/fsl_adapter_lpuart.o
 .debug_line    0x00000000000057a3      0x7dd ./board/board.o
 .debug_line    0x0000000000005f80      0x6e3 ./board/clock_config.o
 .debug_line    0x0000000000006663      0x178 ./board/dcd.o
 .debug_line    0x00000000000067db      0x47d ./board/pin_mux.o

.debug_str      0x0000000000000000   0x12bd64
 .debug_str     0x0000000000000000   0x118a65 ./xip/evkmimxrt1020_flexspi_nor_config.o
                                     0x118af4 (size before relaxing)
 .debug_str     0x0000000000118a65     0x14e0 ./xip/fsl_flexspi_nor_boot.o
                                     0x119311 (size before relaxing)
 .debug_str     0x0000000000119f45      0x112 ./utilities/fsl_assert.o
                                     0x11769e (size before relaxing)
 .debug_str     0x000000000011a057      0xd07 ./utilities/fsl_debug_console.o
                                     0x118c70 (size before relaxing)
 .debug_str     0x000000000011ad5e      0xd24 ./startup/startup_mimxrt1021.o
                                       0x3c2e (size before relaxing)
 .debug_str     0x000000000011ba82      0x147 ./source/hello_world.o
                                     0x119181 (size before relaxing)
 .debug_str     0x000000000011bbc9       0x1f ./source/semihost_hardfault.o
                                       0x2ec5 (size before relaxing)
 .debug_str     0x000000000011bbe8     0x173a ./drivers/fsl_clock.o
                                     0x119628 (size before relaxing)
 .debug_str     0x000000000011d322     0x1f9a ./drivers/fsl_lpuart.o
                                     0x11a03f (size before relaxing)
 .debug_str     0x000000000011f2bc      0x20e ./device/system_MIMXRT1021.o
                                     0x1153fa (size before relaxing)
 .debug_str     0x000000000011f4ca      0x120 ./component/uart/fsl_adapter_lpuart.o
                                     0x1187db (size before relaxing)
 .debug_str     0x000000000011f5ea     0xc25b ./board/board.o
                                     0x125193 (size before relaxing)
 .debug_str     0x000000000012b845      0x404 ./board/clock_config.o
                                     0x125914 (size before relaxing)
 .debug_str     0x000000000012bc49       0x6c ./board/dcd.o
                                       0x4636 (size before relaxing)
 .debug_str     0x000000000012bcb5       0xaf ./board/pin_mux.o
                                     0x123ed9 (size before relaxing)

.comment        0x0000000000000000       0x4d
 .comment       0x0000000000000000       0x4d ./xip/evkmimxrt1020_flexspi_nor_config.o
                                         0x4e (size before relaxing)
 .comment       0x000000000000004d       0x4e ./xip/fsl_flexspi_nor_boot.o
 .comment       0x000000000000004d       0x4e ./utilities/fsl_assert.o
 .comment       0x000000000000004d       0x4e ./utilities/fsl_debug_console.o
 .comment       0x000000000000004d       0x4e ./startup/startup_mimxrt1021.o
 .comment       0x000000000000004d       0x4e ./source/hello_world.o
 .comment       0x000000000000004d       0x4e ./source/semihost_hardfault.o
 .comment       0x000000000000004d       0x4e ./drivers/fsl_clock.o
 .comment       0x000000000000004d       0x4e ./drivers/fsl_lpuart.o
 .comment       0x000000000000004d       0x4e ./device/system_MIMXRT1021.o
 .comment       0x000000000000004d       0x4e ./component/uart/fsl_adapter_lpuart.o
 .comment       0x000000000000004d       0x4e ./board/board.o
 .comment       0x000000000000004d       0x4e ./board/clock_config.o
 .comment       0x000000000000004d       0x4e ./board/dcd.o
 .comment       0x000000000000004d       0x4e ./board/pin_mux.o
 .comment       0x000000000000004d       0x4e /Applications/MCUXpressoIDE_11.4.0_6237/ide/plugins/com.nxp.mcuxpresso.tools.macosx_11.4.0.202103011116/tools/bin/../lib/gcc/arm-none-eabi/10.2.1/../../../../arm-none-eabi/lib/thumb/v7e-m+dp/hard/libcr_nohost_nf.a(_cr__main.o)
 .comment       0x000000000000004d       0x4e /Applications/MCUXpressoIDE_11.4.0_6237/ide/plugins/com.nxp.mcuxpresso.tools.macosx_11.4.0.202103011116/tools/bin/../lib/gcc/arm-none-eabi/10.2.1/../../../../arm-none-eabi/lib/thumb/v7e-m+dp/hard/libcr_c.a(memset.o)
 .comment       0x000000000000004d       0x4e /Applications/MCUXpressoIDE_11.4.0_6237/ide/plugins/com.nxp.mcuxpresso.tools.macosx_11.4.0.202103011116/tools/bin/../lib/gcc/arm-none-eabi/10.2.1/../../../../arm-none-eabi/lib/thumb/v7e-m+dp/hard/libcr_c.a(alloc.o)
 .comment       0x000000000000004d       0x4e /Applications/MCUXpressoIDE_11.4.0_6237/ide/plugins/com.nxp.mcuxpresso.tools.macosx_11.4.0.202103011116/tools/bin/../lib/gcc/arm-none-eabi/10.2.1/../../../../arm-none-eabi/lib/thumb/v7e-m+dp/hard/libcr_c.a(initio.o)
 .comment       0x000000000000004d       0x4e /Applications/MCUXpressoIDE_11.4.0_6237/ide/plugins/com.nxp.mcuxpresso.tools.macosx_11.4.0.202103011116/tools/bin/../lib/gcc/arm-none-eabi/10.2.1/../../../../arm-none-eabi/lib/thumb/v7e-m+dp/hard/libcr_c.a(setvbuf.o)
 .comment       0x000000000000004d       0x4e /Applications/MCUXpressoIDE_11.4.0_6237/ide/plugins/com.nxp.mcuxpresso.tools.macosx_11.4.0.202103011116/tools/bin/../lib/gcc/arm-none-eabi/10.2.1/../../../../arm-none-eabi/lib/thumb/v7e-m+dp/hard/libcr_c.a(strlen.o)
 .comment       0x000000000000004d       0x4e /Applications/MCUXpressoIDE_11.4.0_6237/ide/plugins/com.nxp.mcuxpresso.tools.macosx_11.4.0.202103011116/tools/bin/../lib/gcc/arm-none-eabi/10.2.1/../../../../arm-none-eabi/lib/thumb/v7e-m+dp/hard/libcr_c.a(_fdopen.o)