Archive member included to satisfy reference by file (symbol)

c:/nxp/mcuxpressoide_11.3.1_5262/ide/plugins/com.nxp.mcuxpresso.tools.win32_11.3.0.202008311133/tools/bin/../lib/gcc/arm-none-eabi/9.3.1/../../../../arm-none-eabi/lib/thumb/v7e-m+dp/hard\libcr_nohost_nf.a(_cr__main.o)
                              ./startup/startup_mimxrt1021.o (__main)
c:/nxp/mcuxpressoide_11.3.1_5262/ide/plugins/com.nxp.mcuxpresso.tools.win32_11.3.0.202008311133/tools/bin/../lib/gcc/arm-none-eabi/9.3.1/../../../../arm-none-eabi/lib/thumb/v7e-m+dp/hard\libcr_c.a(memcpy.o)
                              ./drivers/fsl_clock.o (memcpy)
c:/nxp/mcuxpressoide_11.3.1_5262/ide/plugins/com.nxp.mcuxpresso.tools.win32_11.3.0.202008311133/tools/bin/../lib/gcc/arm-none-eabi/9.3.1/../../../../arm-none-eabi/lib/thumb/v7e-m+dp/hard\libcr_c.a(memset.o)
                              ./drivers/fsl_lpuart.o (memset)
c:/nxp/mcuxpressoide_11.3.1_5262/ide/plugins/com.nxp.mcuxpresso.tools.win32_11.3.0.202008311133/tools/bin/../lib/gcc/arm-none-eabi/9.3.1/../../../../arm-none-eabi/lib/thumb/v7e-m+dp/hard\libcr_c.a(alloc.o)
                              ./drivers/fsl_common.o (malloc)
c:/nxp/mcuxpressoide_11.3.1_5262/ide/plugins/com.nxp.mcuxpresso.tools.win32_11.3.0.202008311133/tools/bin/../lib/gcc/arm-none-eabi/9.3.1/../../../../arm-none-eabi/lib/thumb/v7e-m+dp/hard\libcr_c.a(initio.o)
                              c:/nxp/mcuxpressoide_11.3.1_5262/ide/plugins/com.nxp.mcuxpresso.tools.win32_11.3.0.202008311133/tools/bin/../lib/gcc/arm-none-eabi/9.3.1/../../../../arm-none-eabi/lib/thumb/v7e-m+dp/hard\libcr_nohost_nf.a(_cr__main.o) (_initio)
c:/nxp/mcuxpressoide_11.3.1_5262/ide/plugins/com.nxp.mcuxpresso.tools.win32_11.3.0.202008311133/tools/bin/../lib/gcc/arm-none-eabi/9.3.1/../../../../arm-none-eabi/lib/thumb/v7e-m+dp/hard\libcr_c.a(setvbuf.o)
                              c:/nxp/mcuxpressoide_11.3.1_5262/ide/plugins/com.nxp.mcuxpresso.tools.win32_11.3.0.202008311133/tools/bin/../lib/gcc/arm-none-eabi/9.3.1/../../../../arm-none-eabi/lib/thumb/v7e-m+dp/hard\libcr_c.a(initio.o) (setvbuf)
c:/nxp/mcuxpressoide_11.3.1_5262/ide/plugins/com.nxp.mcuxpresso.tools.win32_11.3.0.202008311133/tools/bin/../lib/gcc/arm-none-eabi/9.3.1/../../../../arm-none-eabi/lib/thumb/v7e-m+dp/hard\libcr_c.a(strlen.o)
                              ./utilities/fsl_debug_console.o (strlen)
c:/nxp/mcuxpressoide_11.3.1_5262/ide/plugins/com.nxp.mcuxpresso.tools.win32_11.3.0.202008311133/tools/bin/../lib/gcc/arm-none-eabi/9.3.1/../../../../arm-none-eabi/lib/thumb/v7e-m+dp/hard\libcr_c.a(__init_alloc.o)
                              c:/nxp/mcuxpressoide_11.3.1_5262/ide/plugins/com.nxp.mcuxpresso.tools.win32_11.3.0.202008311133/tools/bin/../lib/gcc/arm-none-eabi/9.3.1/../../../../arm-none-eabi/lib/thumb/v7e-m+dp/hard\libcr_c.a(alloc.o) (__heaps)
c:/nxp/mcuxpressoide_11.3.1_5262/ide/plugins/com.nxp.mcuxpresso.tools.win32_11.3.0.202008311133/tools/bin/../lib/gcc/arm-none-eabi/9.3.1/../../../../arm-none-eabi/lib/thumb/v7e-m+dp/hard\libcr_c.a(_cr_sbrk.o)
                              c:/nxp/mcuxpressoide_11.3.1_5262/ide/plugins/com.nxp.mcuxpresso.tools.win32_11.3.0.202008311133/tools/bin/../lib/gcc/arm-none-eabi/9.3.1/../../../../arm-none-eabi/lib/thumb/v7e-m+dp/hard\libcr_c.a(alloc.o) (_sbrk)
c:/nxp/mcuxpressoide_11.3.1_5262/ide/plugins/com.nxp.mcuxpresso.tools.win32_11.3.0.202008311133/tools/bin/../lib/gcc/arm-none-eabi/9.3.1/../../../../arm-none-eabi/lib/thumb/v7e-m+dp/hard\libcr_c.a(_fdopen.o)
                              c:/nxp/mcuxpressoide_11.3.1_5262/ide/plugins/com.nxp.mcuxpresso.tools.win32_11.3.0.202008311133/tools/bin/../lib/gcc/arm-none-eabi/9.3.1/../../../../arm-none-eabi/lib/thumb/v7e-m+dp/hard\libcr_c.a(initio.o) (_fdopen)
c:/nxp/mcuxpressoide_11.3.1_5262/ide/plugins/com.nxp.mcuxpresso.tools.win32_11.3.0.202008311133/tools/bin/../lib/gcc/arm-none-eabi/9.3.1/../../../../arm-none-eabi/lib/thumb/v7e-m+dp/hard\libcr_c.a(errno.o)
                              c:/nxp/mcuxpressoide_11.3.1_5262/ide/plugins/com.nxp.mcuxpresso.tools.win32_11.3.0.202008311133/tools/bin/../lib/gcc/arm-none-eabi/9.3.1/../../../../arm-none-eabi/lib/thumb/v7e-m+dp/hard\libcr_c.a(_cr_sbrk.o) (errno)
c:/nxp/mcuxpressoide_11.3.1_5262/ide/plugins/com.nxp.mcuxpresso.tools.win32_11.3.0.202008311133/tools/bin/../lib/gcc/arm-none-eabi/9.3.1/../../../../arm-none-eabi/lib/thumb/v7e-m+dp/hard\libcr_c.a(fclose.o)
                              c:/nxp/mcuxpressoide_11.3.1_5262/ide/plugins/com.nxp.mcuxpresso.tools.win32_11.3.0.202008311133/tools/bin/../lib/gcc/arm-none-eabi/9.3.1/../../../../arm-none-eabi/lib/thumb/v7e-m+dp/hard\libcr_c.a(initio.o) (fclose)
c:/nxp/mcuxpressoide_11.3.1_5262/ide/plugins/com.nxp.mcuxpresso.tools.win32_11.3.0.202008311133/tools/bin/../lib/gcc/arm-none-eabi/9.3.1/../../../../arm-none-eabi/lib/thumb/v7e-m+dp/hard\libcr_c.a(fflush.o)
[...]
Memory Configuration

Name             Origin             Length             Attributes
BOARD_FLASH      0x60000000         0x00800000         xr
BOARD_SDRAM      0x80000000         0x01e00000         xrw
NCACHE_REGION    0x81e00000         0x00200000         xrw
SRAM_DTC         0x20000000         0x00010000         xrw
SRAM_ITC         0x00000000         0x00010000         xrw
SRAM_OC          0x20200000         0x00020000         xrw
*default*        0x00000000         0xffffffff

Linker script and memory map

LOAD ./xip/evkmimxrt1020_flexspi_nor_config.o
LOAD ./xip/fsl_flexspi_nor_boot.o
LOAD ./utilities/fsl_assert.o
LOAD ./utilities/fsl_debug_console.o
LOAD ./startup/startup_mimxrt1021.o
LOAD ./source/hello_world.o
LOAD ./source/semihost_hardfault.o
LOAD ./drivers/fsl_clock.o
LOAD ./drivers/fsl_common.o
LOAD ./drivers/fsl_gpio.o
LOAD ./drivers/fsl_lpuart.o
LOAD ./device/system_MIMXRT1021.o
LOAD ./component/uart/fsl_adapter_lpuart.o
LOAD ./component/lists/fsl_component_generic_list.o
LOAD ./board/board.o
LOAD ./board/clock_config.o
LOAD ./board/dcd.o
LOAD ./board/pin_mux.o
START GROUP
LOAD c:/nxp/mcuxpressoide_11.3.1_5262/ide/plugins/com.nxp.mcuxpresso.tools.win32_11.3.0.202008311133/tools/bin/../lib/gcc/arm-none-eabi/9.3.1/../../../../arm-none-eabi/lib/thumb/v7e-m+dp/hard\libcr_nohost_nf.a
LOAD c:/nxp/mcuxpressoide_11.3.1_5262/ide/plugins/com.nxp.mcuxpresso.tools.win32_11.3.0.202008311133/tools/bin/../lib/gcc/arm-none-eabi/9.3.1/../../../../arm-none-eabi/lib/thumb/v7e-m+dp/hard\libcr_c.a
LOAD c:/nxp/mcuxpressoide_11.3.1_5262/ide/plugins/com.nxp.mcuxpresso.tools.win32_11.3.0.202008311133/tools/bin/../lib/gcc/arm-none-eabi/9.3.1/thumb/v7e-m+dp/hard\libcr_eabihelpers.a
LOAD c:/nxp/mcuxpressoide_11.3.1_5262/ide/plugins/com.nxp.mcuxpresso.tools.win32_11.3.0.202008311133/tools/bin/../lib/gcc/arm-none-eabi/9.3.1/thumb/v7e-m+dp/hard\libgcc.a
END GROUP
                0x60000000                __base_BOARD_FLASH = 0x60000000
                0x60000000                __base_Flash = 0x60000000
                0x60800000                __top_BOARD_FLASH = 0x60800000
                0x60800000                __top_Flash = 0x60800000
                0x80000000                __base_BOARD_SDRAM = 0x80000000
                0x80000000                __base_RAM = 0x80000000
                0x81e00000                __top_BOARD_SDRAM = 0x81e00000
                0x81e00000                __top_RAM = 0x81e00000
                0x81e00000                __base_NCACHE_REGION = 0x81e00000
                0x81e00000                __base_RAM2 = 0x81e00000
                0x82000000                __top_NCACHE_REGION = 0x82000000
                0x82000000                __top_RAM2 = 0x82000000
                0x20000000                __base_SRAM_DTC = 0x20000000
                0x20000000                __base_RAM3 = 0x20000000
                0x20010000                __top_SRAM_DTC = 0x20010000
                0x20010000                __top_RAM3 = 0x20010000
                0x00000000                __base_SRAM_ITC = 0x0
                0x00000000                __base_RAM4 = 0x0
                0x00010000                __top_SRAM_ITC = 0x10000
                0x00010000                __top_RAM4 = 0x10000
                0x20200000                __base_SRAM_OC = 0x20200000
                0x20200000                __base_RAM5 = 0x20200000
                0x20220000                __top_SRAM_OC = 0x20220000
                0x20220000                __top_RAM5 = 0x20220000

.boot_hdr       0x60000000     0x2000
 FILL mask 0xff
                0x60000000                __boot_hdr_start__ = ABSOLUTE (.)
 *(SORT_BY_ALIGNMENT(.boot_hdr.conf))
 .boot_hdr.conf
                0x60000000      0x200 ./xip/evkmimxrt1020_flexspi_nor_config.o
                0x60000000                qspiflash_config
                0x00001000                . = 0x1000
 *fill*         0x60000200      0xe00 ff
 *(SORT_BY_ALIGNMENT(.boot_hdr.ivt))
 .boot_hdr.ivt  0x60001000       0x20 ./xip/fsl_flexspi_nor_boot.o
                0x60001000                image_vector_table
                0x00001020                . = 0x1020
 *(SORT_BY_ALIGNMENT(.boot_hdr.boot_data))
 .boot_hdr.boot_data
                0x60001020       0x10 ./xip/fsl_flexspi_nor_boot.o
                0x60001020                boot_data
                0x00001030                . = 0x1030
 *(SORT_BY_ALIGNMENT(.boot_hdr.dcd_data))
 .boot_hdr.dcd_data
                0x60001030      0x3e8 ./board/dcd.o
                0x60001030                dcd_data
                0x60001418                __boot_hdr_end__ = ABSOLUTE (.)
                0x00002000                . = 0x2000
 *fill*         0x60001418      0xbe8 ff

.text           0x60002000     0x3b3c
 FILL mask 0xff
                0x60002000                __vectors_start__ = ABSOLUTE (.)
 *(SORT_BY_ALIGNMENT(.isr_vector))
 .isr_vector    0x60002000      0x278 ./startup/startup_mimxrt1021.o
                0x60002000                g_pfnVectors
                0x60002000                __Vectors
                0x60002278                . = ALIGN (0x4)
                0x60002278                __section_table_start = .
                0x60002278                __data_section_table = .
                0x60002278        0x4 LONG 0x60005b3c LOADADDR (.data)
                0x6000227c        0x4 LONG 0x80000000 ADDR (.data)
                0x60002280        0x4 LONG 0x3c SIZEOF (.data)
                0x60002284        0x4 LONG 0x60005b3c LOADADDR (.data_RAM2)
                0x60002288        0x4 LONG 0x81e00000 ADDR (.data_RAM2)
                0x6000228c        0x4 LONG 0x0 SIZEOF (.data_RAM2)
                0x60002290        0x4 LONG 0x60005b3c LOADADDR (.data_RAM3)
                0x60002294        0x4 LONG 0x20000000 ADDR (.data_RAM3)
                0x60002298        0x4 LONG 0x0 SIZEOF (.data_RAM3)
                0x6000229c        0x4 LONG 0x60005b3c LOADADDR (.data_RAM4)
                0x600022a0        0x4 LONG 0x0 ADDR (.data_RAM4)
                0x600022a4        0x4 LONG 0x0 SIZEOF (.data_RAM4)
                0x600022a8        0x4 LONG 0x60005b3c LOADADDR (.data_RAM5)
                0x600022ac        0x4 LONG 0x20200000 ADDR (.data_RAM5)
                0x600022b0        0x4 LONG 0x0 SIZEOF (.data_RAM5)
                0x600022b4                __data_section_table_end = .
                0x600022b4                __bss_section_table = .
                0x600022b4        0x4 LONG 0x8000003c ADDR (.bss)
                0x600022b8        0x4 LONG 0x100 SIZEOF (.bss)
                0x600022bc        0x4 LONG 0x81e00000 ADDR (.bss_RAM2)
                0x600022c0        0x4 LONG 0x0 SIZEOF (.bss_RAM2)
                0x600022c4        0x4 LONG 0x20000000 ADDR (.bss_RAM3)
                0x600022c8        0x4 LONG 0x0 SIZEOF (.bss_RAM3)
                0x600022cc        0x4 LONG 0x0 ADDR (.bss_RAM4)
                0x600022d0        0x4 LONG 0x0 SIZEOF (.bss_RAM4)
                0x600022d4        0x4 LONG 0x20200000 ADDR (.bss_RAM5)
                0x600022d8        0x4 LONG 0x0 SIZEOF (.bss_RAM5)
                0x600022dc                __bss_section_table_end = .
                0x600022dc                __section_table_end = .
 *(SORT_BY_ALIGNMENT(.after_vectors*))
 .after_vectors.reset
                0x600022dc       0x58 ./startup/startup_mimxrt1021.o
                0x600022dc                ResetISR
 .after_vectors.init_data
                0x60002334       0x1e ./startup/startup_mimxrt1021.o
                0x60002334                data_init
 .after_vectors.init_bss
                0x60002352       0x12 ./startup/startup_mimxrt1021.o
                0x60002352                bss_init
 .after_vectors
                0x60002364       0x14 ./startup/startup_mimxrt1021.o
                0x60002364                NMI_Handler
                0x60002368                MemManage_Handler
                0x6000236a                BusFault_Handler
                0x6000236c                UsageFault_Handler
                0x6000236e                SVC_Handler
                0x60002370                DebugMon_Handler
                0x60002372                PendSV_Handler
                0x60002374                SysTick_Handler
                0x60002376                Reserved102_DriverIRQHandler
                0x60002376                Reserved152_DriverIRQHandler
                0x60002376                DMA13_DMA29_DriverIRQHandler
                0x60002376                CCM_2_DriverIRQHandler
                0x60002376                LPSPI4_DriverIRQHandler
                0x60002376                SEMC_DriverIRQHandler
                0x60002376                SPDIF_DriverIRQHandler
                0x60002376                PIT_DriverIRQHandler
                0x60002376                FLEXRAM_DriverIRQHandler
                0x60002376                SAI3_RX_DriverIRQHandler
                0x60002376                USB_PHY_DriverIRQHandler
                0x60002376                GPIO3_Combined_0_15_DriverIRQHandler
                0x60002376                Reserved82_DriverIRQHandler
                0x60002376                DMA7_DMA23_DriverIRQHandler
                0x60002376                BEE_DriverIRQHandler
                0x60002376                LPI2C3_DriverIRQHandler
                0x60002376                GPR_IRQ_DriverIRQHandler
                0x60002376                Reserved103_DriverIRQHandler
                0x60002376                PWM2_FAULT_DriverIRQHandler
                0x60002376                Reserved56_DriverIRQHandler
                0x60002376                DMA14_DMA30_DriverIRQHandler
                0x60002376                TMR1_DriverIRQHandler
                0x60002376                TRNG_DriverIRQHandler
                0x60002376                ENET_1588_Timer_DriverIRQHandler
                0x60002376                GPIO2_Combined_16_31_DriverIRQHandler
                0x60002376                Reserved143_DriverIRQHandler
                0x60002376                LPSPI2_DriverIRQHandler
                0x60002376                Reserved151_DriverIRQHandler
                0x60002376                DMA0_DMA16_DriverIRQHandler
                0x60002376                IntDefaultHandler
                0x60002376                DMA2_DMA18_DriverIRQHandler
                0x60002376                SRC_DriverIRQHandler
                0x60002376                GPIO1_INT4_DriverIRQHandler
                0x60002376                Reserved144_DriverIRQHandler
                0x60002376                USDHC1_DriverIRQHandler
                0x60002376                SNVS_LP_HP_WRAPPER_DriverIRQHandler
                0x60002376                EWM_DriverIRQHandler
                0x60002376                KPP_DriverIRQHandler
                0x60002376                FLEXIO1_DriverIRQHandler
                0x60002376                ENET_DriverIRQHandler
                0x60002376                Reserved78_DriverIRQHandler
                0x60002376                ENC2_DriverIRQHandler
                0x60002376                ADC_ETC_IRQ2_DriverIRQHandler
                0x60002376                GPIO1_Combined_16_31_DriverIRQHandler
                0x60002376                GPIO1_INT7_DriverIRQHandler
                0x60002376                SAI1_DriverIRQHandler
                0x60002376                DCDC_DriverIRQHandler
                0x60002376                DMA12_DMA28_DriverIRQHandler
                0x60002376                ADC_ETC_ERROR_IRQ_DriverIRQHandler
                0x60002376                ACMP2_DriverIRQHandler
                0x60002376                GPIO5_Combined_0_15_DriverIRQHandler
                0x60002376                GPIO1_INT0_DriverIRQHandler
                0x60002376                GPIO1_INT2_DriverIRQHandler
                0x60002376                RTWDOG_DriverIRQHandler
                0x60002376                FLEXSPI_DriverIRQHandler
                0x60002376                GPT2_DriverIRQHandler
                0x60002376                DMA10_DMA26_DriverIRQHandler
                0x60002376                PWM2_1_DriverIRQHandler
                0x60002376                PWM1_1_DriverIRQHandler
                0x60002376                ADC1_DriverIRQHandler
                0x60002376                Reserved148_DriverIRQHandler
                0x60002376                PWM1_0_DriverIRQHandler
                0x60002376                DMA1_DMA17_DriverIRQHandler
                0x60002376                ENC1_DriverIRQHandler
                0x60002376                CAN2_DriverIRQHandler
                0x60002376                DCP_DriverIRQHandler
                0x60002376                CTI0_ERROR_DriverIRQHandler
                0x60002376                DMA8_DMA24_DriverIRQHandler
                0x60002376                GPT1_DriverIRQHandler
                0x60002376                ACMP3_DriverIRQHandler
                0x60002376                DMA6_DMA22_DriverIRQHandler
                0x60002376                CSU_DriverIRQHandler
                0x60002376                GPIO1_INT5_DriverIRQHandler
                0x60002376                TMR2_DriverIRQHandler
                0x60002376                CTI1_ERROR_DriverIRQHandler
                0x60002376                GPIO1_Combined_0_15_DriverIRQHandler
                0x60002376                USDHC2_DriverIRQHandler
                0x60002376                Reserved87_DriverIRQHandler
                0x60002376                SAI2_DriverIRQHandler
                0x60002376                CORE_DriverIRQHandler
                0x60002376                Reserved147_DriverIRQHandler
                0x60002376                WDOG1_DriverIRQHandler
                0x60002376                DMA11_DMA27_DriverIRQHandler
                0x60002376                PWM2_3_DriverIRQHandler
                0x60002376                Reserved60_DriverIRQHandler
                0x60002376                XBAR1_IRQ_2_3_DriverIRQHandler
                0x60002376                SNVS_HP_WRAPPER_TZ_DriverIRQHandler
                0x60002376                GPIO3_Combined_16_31_DriverIRQHandler
                0x60002376                PWM1_FAULT_DriverIRQHandler
                0x60002376                LPI2C1_DriverIRQHandler
                0x60002376                PWM2_2_DriverIRQHandler
                0x60002376                Reserved128_DriverIRQHandler
                0x60002376                DMA4_DMA20_DriverIRQHandler
                0x60002376                DMA9_DMA25_DriverIRQHandler
                0x60002376                SNVS_HP_WRAPPER_DriverIRQHandler
                0x60002376                XBAR1_IRQ_0_1_DriverIRQHandler
                0x60002376                ADC_ETC_IRQ1_DriverIRQHandler
                0x60002376                LPSPI1_DriverIRQHandler
                0x60002376                DMA3_DMA19_DriverIRQHandler
                0x60002376                GPIO1_INT3_DriverIRQHandler
                0x60002376                DCP_VMI_DriverIRQHandler
                0x60002376                LPI2C4_DriverIRQHandler
                0x60002376                GPC_DriverIRQHandler
                0x60002376                Reserved123_DriverIRQHandler
                0x60002376                GPIO2_Combined_0_15_DriverIRQHandler
                0x60002376                PWM1_2_DriverIRQHandler
                0x60002376                USB_OTG1_DriverIRQHandler
                0x60002376                TEMP_LOW_HIGH_DriverIRQHandler
                0x60002376                SAI3_TX_DriverIRQHandler
                0x60002376                WDOG2_DriverIRQHandler
                0x60002376                Reserved68_DriverIRQHandler
                0x60002376                PMU_DriverIRQHandler
                0x60002376                Reserved59_DriverIRQHandler
                0x60002376                GPIO5_Combined_16_31_DriverIRQHandler
                0x60002376                DMA5_DMA21_DriverIRQHandler
                0x60002376                CCM_1_DriverIRQHandler
                0x60002376                ADC2_DriverIRQHandler
                0x60002376                Reserved58_DriverIRQHandler
                0x60002376                Reserved115_DriverIRQHandler
                0x60002376                TEMP_PANIC_DriverIRQHandler
                0x60002376                ACMP4_DriverIRQHandler
                0x60002376                DMA15_DMA31_DriverIRQHandler
                0x60002376                Reserved107_DriverIRQHandler
                0x60002376                LPSPI3_DriverIRQHandler
                0x60002376                PWM1_3_DriverIRQHandler
                0x60002376                Reserved70_DriverIRQHandler
                0x60002376                ACMP1_DriverIRQHandler
                0x60002376                LPI2C2_DriverIRQHandler
                0x60002376                Reserved86_DriverIRQHandler
                0x60002376                DMA_ERROR_DriverIRQHandler
                0x60002376                ADC_ETC_IRQ0_DriverIRQHandler
                0x60002376                CAN1_DriverIRQHandler
                0x60002376                GPIO1_INT6_DriverIRQHandler
                0x60002376                GPIO1_INT1_DriverIRQHandler
                0x60002376                PWM2_0_DriverIRQHandler
 *(SORT_BY_ALIGNMENT(.text*))
 .text.main     0x60002378       0xa4 ./source/hello_world.o
                0x60002378                main
 .text.__assertion_failed
                0x6000241c       0x18 ./utilities/fsl_assert.o
                0x6000241c                __assertion_failed
 .text.DbgConsole_Init
                0x60002434       0x74 ./utilities/fsl_debug_console.o
                0x60002434                DbgConsole_Init
 .text.DbgConsole_Printf
                0x600024a8       0x40 ./utilities/fsl_debug_console.o
                0x600024a8                DbgConsole_Printf
 .text.DbgConsole_Putchar
                0x600024e8       0x30 ./utilities/fsl_debug_console.o
                0x600024e8                DbgConsole_Putchar
 .text.DbgConsole_PrintfFormattedData
                0x60002518      0x3bc ./utilities/fsl_debug_console.o
 .text.sendTlm  0x600028d4       0x8c ./source/hello_world.o
                0x600028d4                sendTlm
 .text.writeTlm
                0x60002960       0x58 ./source/hello_world.o
                0x60002960                writeTlm
 .text.CLOCK_GetOscFreq
                0x600029b8       0x30 ./drivers/fsl_clock.o
 .text.CLOCK_InitExternalClk
                0x600029e8       0x6c ./drivers/fsl_clock.o
                0x600029e8                CLOCK_InitExternalClk
 .text.CLOCK_SwitchOsc
                0x60002a54       0x34 ./drivers/fsl_clock.o
                0x60002a54                CLOCK_SwitchOsc
 .text.CLOCK_InitRcOsc24M
                0x60002a88       0x24 ./drivers/fsl_clock.o
                0x60002a88                CLOCK_InitRcOsc24M
 .text.CLOCK_DeinitAudioPll
                0x60002aac       0x1c ./drivers/fsl_clock.o
                0x60002aac                CLOCK_DeinitAudioPll
 .text.CLOCK_InitEnetPll
                0x60002ac8       0xa4 ./drivers/fsl_clock.o
                0x60002ac8                CLOCK_InitEnetPll
 .text.CLOCK_GetPllFreq
                0x60002b6c      0x27c ./drivers/fsl_clock.o
                0x60002b6c                CLOCK_GetPllFreq
 .text.CLOCK_ControlGate
                0x60002de8       0x64 ./drivers/fsl_lpuart.o
 .text.LPUART_GetInstance
                0x60002e4c       0x4c ./drivers/fsl_lpuart.o
                0x60002e4c                LPUART_GetInstance
 .text.LPUART_Init
                0x60002e98      0x310 ./drivers/fsl_lpuart.o
                0x60002e98                LPUART_Init
 .text.LPUART_GetDefaultConfig
                0x600031a8       0x88 ./drivers/fsl_lpuart.o
                0x600031a8                LPUART_GetDefaultConfig
 .text.LPUART_ClearStatusFlags
                0x60003230       0xa4 ./drivers/fsl_lpuart.o
                0x60003230                LPUART_ClearStatusFlags
 .text.LPUART_WriteBlocking
                0x600032d4       0x68 ./drivers/fsl_lpuart.o
                0x600032d4                LPUART_WriteBlocking
 .text.LPUART_ReadBlocking
                0x6000333c      0x160 ./drivers/fsl_lpuart.o
                0x6000333c                LPUART_ReadBlocking
 .text.LPUART1_DriverIRQHandler
                0x6000349c       0x28 ./drivers/fsl_lpuart.o
                0x6000349c                LPUART1_DriverIRQHandler
 .text.LPUART2_DriverIRQHandler
                0x600034c4       0x28 ./drivers/fsl_lpuart.o
                0x600034c4                LPUART2_DriverIRQHandler
 .text.LPUART3_DriverIRQHandler
                0x600034ec       0x28 ./drivers/fsl_lpuart.o
                0x600034ec                LPUART3_DriverIRQHandler
 .text.LPUART4_DriverIRQHandler
                0x60003514       0x28 ./drivers/fsl_lpuart.o
                0x60003514                LPUART4_DriverIRQHandler
 .text.LPUART5_DriverIRQHandler
                0x6000353c       0x28 ./drivers/fsl_lpuart.o
                0x6000353c                LPUART5_DriverIRQHandler
 .text.LPUART6_DriverIRQHandler
                0x60003564       0x28 ./drivers/fsl_lpuart.o
                0x60003564                LPUART6_DriverIRQHandler
 .text.LPUART7_DriverIRQHandler
                0x6000358c       0x28 ./drivers/fsl_lpuart.o
                0x6000358c                LPUART7_DriverIRQHandler
 .text.LPUART8_DriverIRQHandler
                0x600035b4       0x28 ./drivers/fsl_lpuart.o
                0x600035b4                LPUART8_DriverIRQHandler
 .text.SystemInit
                0x600035dc      0x1d8 ./device/system_MIMXRT1021.o
                0x600035dc                SystemInit
 .text.HAL_UartInit
                0x600037b4      0x100 ./component/uart/fsl_adapter_lpuart.o
                0x600037b4                HAL_UartInit
 .text.HAL_UartReceiveBlocking
                0x600038b4       0x6c ./component/uart/fsl_adapter_lpuart.o
                0x600038b4                HAL_UartReceiveBlocking
 .text.HAL_UartSendBlocking
                0x60003920       0x64 ./component/uart/fsl_adapter_lpuart.o
                0x60003920                HAL_UartSendBlocking
 .text.ARM_MPU_Enable
                0x60003984       0x40 ./board/board.o
 .text.ARM_MPU_Disable
                0x600039c4       0x34 ./board/board.o
 .text.CLOCK_GetMux
                0x600039f8       0x44 ./board/board.o
 .text.CLOCK_GetDiv
                0x60003a3c       0x44 ./board/board.o
 .text.CLOCK_GetOscFreq
                0x60003a80       0x30 ./board/board.o
 .text.BOARD_DebugConsoleSrcFreq
                0x60003ab0       0x64 ./board/board.o
                0x60003ab0                BOARD_DebugConsoleSrcFreq
 .text.BOARD_ConfigMPU
                0x60003b14      0x2e4 ./board/board.o
                0x60003b14                BOARD_ConfigMPU
 .text.CLOCK_SetMux
                0x60003df8       0x9c ./board/clock_config.o
 .text.CLOCK_SetDiv
                0x60003e94       0x9c ./board/clock_config.o
 .text.CLOCK_ControlGate
                0x60003f30       0x64 ./board/clock_config.o
 .text.CLOCK_SetXtalFreq
                0x60003f94       0x20 ./board/clock_config.o
 .text.CLOCK_SetRtcXtalFreq
                0x60003fb4       0x20 ./board/clock_config.o
 .text.IOMUXC_EnableMode
                0x60003fd4       0x48 ./board/clock_config.o
 .text.IOMUXC_MQSConfig
                0x6000401c       0x44 ./board/clock_config.o
 .text.BOARD_BootClockRUN
                0x60004060      0x498 ./board/clock_config.o
                0x60004060                BOARD_BootClockRUN
 .text.CLOCK_ControlGate
                0x600044f8       0x64 ./board/pin_mux.o
 .text.BOARD_InitPins
                0x6000455c       0xac ./board/pin_mux.o
                0x6000455c                BOARD_InitPins
 .text._initio  0x60004608       0x78 c:/nxp/mcuxpressoide_11.3.1_5262/ide/plugins/com.nxp.mcuxpresso.tools.win32_11.3.0.202008311133/tools/bin/../lib/gcc/arm-none-eabi/9.3.1/../../../../arm-none-eabi/lib/thumb/v7e-m+dp/hard\libcr_c.a(initio.o)
                0x60004608                _initio
 .text.fflush   0x60004680       0x44 c:/nxp/mcuxpressoide_11.3.1_5262/ide/plugins/com.nxp.mcuxpresso.tools.win32_11.3.0.202008311133/tools/bin/../lib/gcc/arm-none-eabi/9.3.1/../../../../arm-none-eabi/lib/thumb/v7e-m+dp/hard\libcr_c.a(fflush.o)
                0x60004680                fflush
 .text.fseek    0x600046c4      0x100 c:/nxp/mcuxpressoide_11.3.1_5262/ide/plugins/com.nxp.mcuxpresso.tools.win32_11.3.0.202008311133/tools/bin/../lib/gcc/arm-none-eabi/9.3.1/../../../../arm-none-eabi/lib/thumb/v7e-m+dp/hard\libcr_c.a(fseek.o)
                0x600046c4                fseek
 .text.ftell    0x600047c4       0x44 c:/nxp/mcuxpressoide_11.3.1_5262/ide/plugins/com.nxp.mcuxpresso.tools.win32_11.3.0.202008311133/tools/bin/../lib/gcc/arm-none-eabi/9.3.1/../../../../arm-none-eabi/lib/thumb/v7e-m+dp/hard\libcr_c.a(ftell.o)
                0x600047c4                ftell
 .text._Cwritebuf
                0x60004808       0x6c c:/nxp/mcuxpressoide_11.3.1_5262/ide/plugins/com.nxp.mcuxpresso.tools.win32_11.3.0.202008311133/tools/bin/../lib/gcc/arm-none-eabi/9.3.1/../../../../arm-none-eabi/lib/thumb/v7e-m+dp/hard\libcr_c.a(_writebuf.o)
                0x60004808                _Cwritebuf
 .text.DbgConsole_PrintfPaddingCharacter
                0x60004874       0x40 ./utilities/fsl_debug_console.o
 .text.DbgConsole_ConvertRadixNumToString
                0x600048b4      0x110 ./utilities/fsl_debug_console.o
 .text.DMA0_DMA16_IRQHandler
                0x600049c4        0x8 ./startup/startup_mimxrt1021.o
                0x600049c4                DMA0_DMA16_IRQHandler
 .text.DMA1_DMA17_IRQHandler
                0x600049cc        0x8 ./startup/startup_mimxrt1021.o
                0x600049cc                DMA1_DMA17_IRQHandler
 .text.DMA2_DMA18_IRQHandler
                0x600049d4        0x8 ./startup/startup_mimxrt1021.o
                0x600049d4                DMA2_DMA18_IRQHandler
 .text.DMA3_DMA19_IRQHandler
                0x600049dc        0x8 ./startup/startup_mimxrt1021.o
                0x600049dc                DMA3_DMA19_IRQHandler
 .text.DMA4_DMA20_IRQHandler
                0x600049e4        0x8 ./startup/startup_mimxrt1021.o
                0x600049e4                DMA4_DMA20_IRQHandler
 .text.DMA5_DMA21_IRQHandler
                0x600049ec        0x8 ./startup/startup_mimxrt1021.o
                0x600049ec                DMA5_DMA21_IRQHandler
 .text.DMA6_DMA22_IRQHandler
                0x600049f4        0x8 ./startup/startup_mimxrt1021.o
                0x600049f4                DMA6_DMA22_IRQHandler
 .text.DMA7_DMA23_IRQHandler
                0x600049fc        0x8 ./startup/startup_mimxrt1021.o
                0x600049fc                DMA7_DMA23_IRQHandler
 .text.DMA8_DMA24_IRQHandler
                0x60004a04        0x8 ./startup/startup_mimxrt1021.o
                0x60004a04                DMA8_DMA24_IRQHandler
 .text.DMA9_DMA25_IRQHandler
                0x60004a0c        0x8 ./startup/startup_mimxrt1021.o
                0x60004a0c                DMA9_DMA25_IRQHandler
 .text.DMA10_DMA26_IRQHandler
                0x60004a14        0x8 ./startup/startup_mimxrt1021.o
                0x60004a14                DMA10_DMA26_IRQHandler
 .text.DMA11_DMA27_IRQHandler
                0x60004a1c        0x8 ./startup/startup_mimxrt1021.o
                0x60004a1c                DMA11_DMA27_IRQHandler
 .text.DMA12_DMA28_IRQHandler
                0x60004a24        0x8 ./startup/startup_mimxrt1021.o
                0x60004a24                DMA12_DMA28_IRQHandler
 .text.DMA13_DMA29_IRQHandler
                0x60004a2c        0x8 ./startup/startup_mimxrt1021.o
                0x60004a2c                DMA13_DMA29_IRQHandler
 .text.DMA14_DMA30_IRQHandler
                0x60004a34        0x8 ./startup/startup_mimxrt1021.o
                0x60004a34                DMA14_DMA30_IRQHandler
 .text.DMA15_DMA31_IRQHandler
                0x60004a3c        0x8 ./startup/startup_mimxrt1021.o
                0x60004a3c                DMA15_DMA31_IRQHandler
 .text.DMA_ERROR_IRQHandler
                0x60004a44        0x8 ./startup/startup_mimxrt1021.o
                0x60004a44                DMA_ERROR_IRQHandler
 .text.CTI0_ERROR_IRQHandler
                0x60004a4c        0x8 ./startup/startup_mimxrt1021.o
                0x60004a4c                CTI0_ERROR_IRQHandler
 .text.CTI1_ERROR_IRQHandler
                0x60004a54        0x8 ./startup/startup_mimxrt1021.o
                0x60004a54                CTI1_ERROR_IRQHandler
 .text.CORE_IRQHandler
                0x60004a5c        0x8 ./startup/startup_mimxrt1021.o
                0x60004a5c                CORE_IRQHandler
 .text.LPUART1_IRQHandler
                0x60004a64        0x8 ./startup/startup_mimxrt1021.o
                0x60004a64                LPUART1_IRQHandler
 .text.LPUART2_IRQHandler
                0x60004a6c        0x8 ./startup/startup_mimxrt1021.o
                0x60004a6c                LPUART2_IRQHandler
 .text.LPUART3_IRQHandler
                0x60004a74        0x8 ./startup/startup_mimxrt1021.o
                0x60004a74                LPUART3_IRQHandler
 .text.LPUART4_IRQHandler
                0x60004a7c        0x8 ./startup/startup_mimxrt1021.o
                0x60004a7c                LPUART4_IRQHandler
 .text.LPUART5_IRQHandler
                0x60004a84        0x8 ./startup/startup_mimxrt1021.o
                0x60004a84                LPUART5_IRQHandler
 .text.LPUART6_IRQHandler
                0x60004a8c        0x8 ./startup/startup_mimxrt1021.o
                0x60004a8c                LPUART6_IRQHandler
 .text.LPUART7_IRQHandler
                0x60004a94        0x8 ./startup/startup_mimxrt1021.o
                0x60004a94                LPUART7_IRQHandler
 .text.LPUART8_IRQHandler
                0x60004a9c        0x8 ./startup/startup_mimxrt1021.o
                0x60004a9c                LPUART8_IRQHandler
 .text.LPI2C1_IRQHandler
                0x60004aa4        0x8 ./startup/startup_mimxrt1021.o
                0x60004aa4                LPI2C1_IRQHandler
 .text.LPI2C2_IRQHandler
                0x60004aac        0x8 ./startup/startup_mimxrt1021.o
                0x60004aac                LPI2C2_IRQHandler
 .text.LPI2C3_IRQHandler
                0x60004ab4        0x8 ./startup/startup_mimxrt1021.o
                0x60004ab4                LPI2C3_IRQHandler
 .text.LPI2C4_IRQHandler
                0x60004abc        0x8 ./startup/startup_mimxrt1021.o
                0x60004abc                LPI2C4_IRQHandler
 .text.LPSPI1_IRQHandler
                0x60004ac4        0x8 ./startup/startup_mimxrt1021.o
                0x60004ac4                LPSPI1_IRQHandler
 .text.LPSPI2_IRQHandler
                0x60004acc        0x8 ./startup/startup_mimxrt1021.o
                0x60004acc                LPSPI2_IRQHandler
 .text.LPSPI3_IRQHandler
                0x60004ad4        0x8 ./startup/startup_mimxrt1021.o
                0x60004ad4                LPSPI3_IRQHandler
 .text.LPSPI4_IRQHandler
                0x60004adc        0x8 ./startup/startup_mimxrt1021.o
                0x60004adc                LPSPI4_IRQHandler
 .text.CAN1_IRQHandler
                0x60004ae4        0x8 ./startup/startup_mimxrt1021.o
                0x60004ae4                CAN1_IRQHandler
 .text.CAN2_IRQHandler
                0x60004aec        0x8 ./startup/startup_mimxrt1021.o
                0x60004aec                CAN2_IRQHandler
 .text.FLEXRAM_IRQHandler
                0x60004af4        0x8 ./startup/startup_mimxrt1021.o
                0x60004af4                FLEXRAM_IRQHandler
 .text.KPP_IRQHandler
                0x60004afc        0x8 ./startup/startup_mimxrt1021.o
                0x60004afc                KPP_IRQHandler
 .text.Reserved56_IRQHandler
                0x60004b04        0x8 ./startup/startup_mimxrt1021.o
                0x60004b04                Reserved56_IRQHandler
 .text.GPR_IRQ_IRQHandler
                0x60004b0c        0x8 ./startup/startup_mimxrt1021.o
                0x60004b0c                GPR_IRQ_IRQHandler
 .text.Reserved58_IRQHandler
                0x60004b14        0x8 ./startup/startup_mimxrt1021.o
                0x60004b14                Reserved58_IRQHandler
 .text.Reserved59_IRQHandler
                0x60004b1c        0x8 ./startup/startup_mimxrt1021.o
                0x60004b1c                Reserved59_IRQHandler
 .text.Reserved60_IRQHandler
                0x60004b24        0x8 ./startup/startup_mimxrt1021.o
                0x60004b24                Reserved60_IRQHandler
 .text.WDOG2_IRQHandler
                0x60004b2c        0x8 ./startup/startup_mimxrt1021.o
                0x60004b2c                WDOG2_IRQHandler
 .text.SNVS_HP_WRAPPER_IRQHandler
                0x60004b34        0x8 ./startup/startup_mimxrt1021.o
                0x60004b34                SNVS_HP_WRAPPER_IRQHandler
 .text.SNVS_HP_WRAPPER_TZ_IRQHandler
                0x60004b3c        0x8 ./startup/startup_mimxrt1021.o
                0x60004b3c                SNVS_HP_WRAPPER_TZ_IRQHandler
 .text.SNVS_LP_HP_WRAPPER_IRQHandler
                0x60004b44        0x8 ./startup/startup_mimxrt1021.o
                0x60004b44                SNVS_LP_HP_WRAPPER_IRQHandler
 .text.CSU_IRQHandler
                0x60004b4c        0x8 ./startup/startup_mimxrt1021.o
                0x60004b4c                CSU_IRQHandler
 .text.DCP_IRQHandler
                0x60004b54        0x8 ./startup/startup_mimxrt1021.o
                0x60004b54                DCP_IRQHandler
 .text.DCP_VMI_IRQHandler
                0x60004b5c        0x8 ./startup/startup_mimxrt1021.o
                0x60004b5c                DCP_VMI_IRQHandler
 .text.Reserved68_IRQHandler
                0x60004b64        0x8 ./startup/startup_mimxrt1021.o
                0x60004b64                Reserved68_IRQHandler
 .text.TRNG_IRQHandler
                0x60004b6c        0x8 ./startup/startup_mimxrt1021.o
                0x60004b6c                TRNG_IRQHandler
 .text.Reserved70_IRQHandler
                0x60004b74        0x8 ./startup/startup_mimxrt1021.o
                0x60004b74                Reserved70_IRQHandler
 .text.BEE_IRQHandler
                0x60004b7c        0x8 ./startup/startup_mimxrt1021.o
                0x60004b7c                BEE_IRQHandler
 .text.SAI1_IRQHandler
                0x60004b84        0x8 ./startup/startup_mimxrt1021.o
                0x60004b84                SAI1_IRQHandler
 .text.SAI2_IRQHandler
                0x60004b8c        0x8 ./startup/startup_mimxrt1021.o
                0x60004b8c                SAI2_IRQHandler
 .text.SAI3_RX_IRQHandler
                0x60004b94        0x8 ./startup/startup_mimxrt1021.o
                0x60004b94                SAI3_RX_IRQHandler
 .text.SAI3_TX_IRQHandler
                0x60004b9c        0x8 ./startup/startup_mimxrt1021.o
                0x60004b9c                SAI3_TX_IRQHandler
 .text.SPDIF_IRQHandler
                0x60004ba4        0x8 ./startup/startup_mimxrt1021.o
                0x60004ba4                SPDIF_IRQHandler
 .text.PMU_IRQHandler
                0x60004bac        0x8 ./startup/startup_mimxrt1021.o
                0x60004bac                PMU_IRQHandler
 .text.Reserved78_IRQHandler
                0x60004bb4        0x8 ./startup/startup_mimxrt1021.o
                0x60004bb4                Reserved78_IRQHandler
 .text.TEMP_LOW_HIGH_IRQHandler
                0x60004bbc        0x8 ./startup/startup_mimxrt1021.o
                0x60004bbc                TEMP_LOW_HIGH_IRQHandler
 .text.TEMP_PANIC_IRQHandler
                0x60004bc4        0x8 ./startup/startup_mimxrt1021.o
                0x60004bc4                TEMP_PANIC_IRQHandler
 .text.USB_PHY_IRQHandler
                0x60004bcc        0x8 ./startup/startup_mimxrt1021.o
                0x60004bcc                USB_PHY_IRQHandler
 .text.Reserved82_IRQHandler
                0x60004bd4        0x8 ./startup/startup_mimxrt1021.o
                0x60004bd4                Reserved82_IRQHandler
 .text.ADC1_IRQHandler
                0x60004bdc        0x8 ./startup/startup_mimxrt1021.o
                0x60004bdc                ADC1_IRQHandler
 .text.ADC2_IRQHandler
                0x60004be4        0x8 ./startup/startup_mimxrt1021.o
                0x60004be4                ADC2_IRQHandler
 .text.DCDC_IRQHandler
                0x60004bec        0x8 ./startup/startup_mimxrt1021.o
                0x60004bec                DCDC_IRQHandler
 .text.Reserved86_IRQHandler
                0x60004bf4        0x8 ./startup/startup_mimxrt1021.o
                0x60004bf4                Reserved86_IRQHandler
 .text.Reserved87_IRQHandler
                0x60004bfc        0x8 ./startup/startup_mimxrt1021.o
                0x60004bfc                Reserved87_IRQHandler
 .text.GPIO1_INT0_IRQHandler
                0x60004c04        0x8 ./startup/startup_mimxrt1021.o
                0x60004c04                GPIO1_INT0_IRQHandler
 .text.GPIO1_INT1_IRQHandler
                0x60004c0c        0x8 ./startup/startup_mimxrt1021.o
                0x60004c0c                GPIO1_INT1_IRQHandler
 .text.GPIO1_INT2_IRQHandler
                0x60004c14        0x8 ./startup/startup_mimxrt1021.o
                0x60004c14                GPIO1_INT2_IRQHandler
 .text.GPIO1_INT3_IRQHandler
                0x60004c1c        0x8 ./startup/startup_mimxrt1021.o
                0x60004c1c                GPIO1_INT3_IRQHandler
 .text.GPIO1_INT4_IRQHandler
                0x60004c24        0x8 ./startup/startup_mimxrt1021.o
                0x60004c24                GPIO1_INT4_IRQHandler
 .text.GPIO1_INT5_IRQHandler
                0x60004c2c        0x8 ./startup/startup_mimxrt1021.o
                0x60004c2c                GPIO1_INT5_IRQHandler
 .text.GPIO1_INT6_IRQHandler
                0x60004c34        0x8 ./startup/startup_mimxrt1021.o
                0x60004c34                GPIO1_INT6_IRQHandler
 .text.GPIO1_INT7_IRQHandler
                0x60004c3c        0x8 ./startup/startup_mimxrt1021.o
                0x60004c3c                GPIO1_INT7_IRQHandler
 .text.GPIO1_Combined_0_15_IRQHandler
                0x60004c44        0x8 ./startup/startup_mimxrt1021.o
                0x60004c44                GPIO1_Combined_0_15_IRQHandler
 .text.GPIO1_Combined_16_31_IRQHandler
                0x60004c4c        0x8 ./startup/startup_mimxrt1021.o
                0x60004c4c                GPIO1_Combined_16_31_IRQHandler
 .text.GPIO2_Combined_0_15_IRQHandler
                0x60004c54        0x8 ./startup/startup_mimxrt1021.o
                0x60004c54                GPIO2_Combined_0_15_IRQHandler
 .text.GPIO2_Combined_16_31_IRQHandler
                0x60004c5c        0x8 ./startup/startup_mimxrt1021.o
                0x60004c5c                GPIO2_Combined_16_31_IRQHandler
 .text.GPIO3_Combined_0_15_IRQHandler
                0x60004c64        0x8 ./startup/startup_mimxrt1021.o
                0x60004c64                GPIO3_Combined_0_15_IRQHandler
 .text.GPIO3_Combined_16_31_IRQHandler
                0x60004c6c        0x8 ./startup/startup_mimxrt1021.o
                0x60004c6c                GPIO3_Combined_16_31_IRQHandler
 .text.Reserved102_IRQHandler
                0x60004c74        0x8 ./startup/startup_mimxrt1021.o
                0x60004c74                Reserved102_IRQHandler
 .text.Reserved103_IRQHandler
                0x60004c7c        0x8 ./startup/startup_mimxrt1021.o
                0x60004c7c                Reserved103_IRQHandler
 .text.GPIO5_Combined_0_15_IRQHandler
                0x60004c84        0x8 ./startup/startup_mimxrt1021.o
                0x60004c84                GPIO5_Combined_0_15_IRQHandler
 .text.GPIO5_Combined_16_31_IRQHandler
                0x60004c8c        0x8 ./startup/startup_mimxrt1021.o
                0x60004c8c                GPIO5_Combined_16_31_IRQHandler
 .text.FLEXIO1_IRQHandler
                0x60004c94        0x8 ./startup/startup_mimxrt1021.o
                0x60004c94                FLEXIO1_IRQHandler
 .text.Reserved107_IRQHandler
                0x60004c9c        0x8 ./startup/startup_mimxrt1021.o
                0x60004c9c                Reserved107_IRQHandler
 .text.WDOG1_IRQHandler
                0x60004ca4        0x8 ./startup/startup_mimxrt1021.o
                0x60004ca4                WDOG1_IRQHandler
 .text.RTWDOG_IRQHandler
                0x60004cac        0x8 ./startup/startup_mimxrt1021.o
                0x60004cac                RTWDOG_IRQHandler
 .text.EWM_IRQHandler
                0x60004cb4        0x8 ./startup/startup_mimxrt1021.o
                0x60004cb4                EWM_IRQHandler
 .text.CCM_1_IRQHandler
                0x60004cbc        0x8 ./startup/startup_mimxrt1021.o
                0x60004cbc                CCM_1_IRQHandler
 .text.CCM_2_IRQHandler
                0x60004cc4        0x8 ./startup/startup_mimxrt1021.o
                0x60004cc4                CCM_2_IRQHandler
 .text.GPC_IRQHandler
                0x60004ccc        0x8 ./startup/startup_mimxrt1021.o
                0x60004ccc                GPC_IRQHandler
 .text.SRC_IRQHandler
                0x60004cd4        0x8 ./startup/startup_mimxrt1021.o
                0x60004cd4                SRC_IRQHandler
 .text.Reserved115_IRQHandler
                0x60004cdc        0x8 ./startup/startup_mimxrt1021.o
                0x60004cdc                Reserved115_IRQHandler
 .text.GPT1_IRQHandler
                0x60004ce4        0x8 ./startup/startup_mimxrt1021.o
                0x60004ce4                GPT1_IRQHandler
 .text.GPT2_IRQHandler
                0x60004cec        0x8 ./startup/startup_mimxrt1021.o
                0x60004cec                GPT2_IRQHandler
 .text.PWM1_0_IRQHandler
                0x60004cf4        0x8 ./startup/startup_mimxrt1021.o
                0x60004cf4                PWM1_0_IRQHandler
 .text.PWM1_1_IRQHandler
                0x60004cfc        0x8 ./startup/startup_mimxrt1021.o
                0x60004cfc                PWM1_1_IRQHandler
 .text.PWM1_2_IRQHandler
                0x60004d04        0x8 ./startup/startup_mimxrt1021.o
                0x60004d04                PWM1_2_IRQHandler
 .text.PWM1_3_IRQHandler
                0x60004d0c        0x8 ./startup/startup_mimxrt1021.o
                0x60004d0c                PWM1_3_IRQHandler
 .text.PWM1_FAULT_IRQHandler
                0x60004d14        0x8 ./startup/startup_mimxrt1021.o
                0x60004d14                PWM1_FAULT_IRQHandler
 .text.Reserved123_IRQHandler
                0x60004d1c        0x8 ./startup/startup_mimxrt1021.o
                0x60004d1c                Reserved123_IRQHandler
 .text.FLEXSPI_IRQHandler
                0x60004d24        0x8 ./startup/startup_mimxrt1021.o
                0x60004d24                FLEXSPI_IRQHandler
 .text.SEMC_IRQHandler
                0x60004d2c        0x8 ./startup/startup_mimxrt1021.o
                0x60004d2c                SEMC_IRQHandler
 .text.USDHC1_IRQHandler
                0x60004d34        0x8 ./startup/startup_mimxrt1021.o
                0x60004d34                USDHC1_IRQHandler
 .text.USDHC2_IRQHandler
                0x60004d3c        0x8 ./startup/startup_mimxrt1021.o
                0x60004d3c                USDHC2_IRQHandler
 .text.Reserved128_IRQHandler
                0x60004d44        0x8 ./startup/startup_mimxrt1021.o
                0x60004d44                Reserved128_IRQHandler
 .text.USB_OTG1_IRQHandler
                0x60004d4c        0x8 ./startup/startup_mimxrt1021.o
                0x60004d4c                USB_OTG1_IRQHandler
 .text.ENET_IRQHandler
                0x60004d54        0x8 ./startup/startup_mimxrt1021.o
                0x60004d54                ENET_IRQHandler
 .text.ENET_1588_Timer_IRQHandler
                0x60004d5c        0x8 ./startup/startup_mimxrt1021.o
                0x60004d5c                ENET_1588_Timer_IRQHandler
 .text.XBAR1_IRQ_0_1_IRQHandler
                0x60004d64        0x8 ./startup/startup_mimxrt1021.o
                0x60004d64                XBAR1_IRQ_0_1_IRQHandler
 .text.XBAR1_IRQ_2_3_IRQHandler
                0x60004d6c        0x8 ./startup/startup_mimxrt1021.o
                0x60004d6c                XBAR1_IRQ_2_3_IRQHandler
 .text.ADC_ETC_IRQ0_IRQHandler
                0x60004d74        0x8 ./startup/startup_mimxrt1021.o
                0x60004d74                ADC_ETC_IRQ0_IRQHandler
 .text.ADC_ETC_IRQ1_IRQHandler
                0x60004d7c        0x8 ./startup/startup_mimxrt1021.o
                0x60004d7c                ADC_ETC_IRQ1_IRQHandler
 .text.ADC_ETC_IRQ2_IRQHandler
                0x60004d84        0x8 ./startup/startup_mimxrt1021.o
                0x60004d84                ADC_ETC_IRQ2_IRQHandler
 .text.ADC_ETC_ERROR_IRQ_IRQHandler
                0x60004d8c        0x8 ./startup/startup_mimxrt1021.o
                0x60004d8c                ADC_ETC_ERROR_IRQ_IRQHandler
 .text.PIT_IRQHandler
                0x60004d94        0x8 ./startup/startup_mimxrt1021.o
                0x60004d94                PIT_IRQHandler
 .text.ACMP1_IRQHandler
                0x60004d9c        0x8 ./startup/startup_mimxrt1021.o
                0x60004d9c                ACMP1_IRQHandler
 .text.ACMP2_IRQHandler
                0x60004da4        0x8 ./startup/startup_mimxrt1021.o
                0x60004da4                ACMP2_IRQHandler
 .text.ACMP3_IRQHandler
                0x60004dac        0x8 ./startup/startup_mimxrt1021.o
                0x60004dac                ACMP3_IRQHandler
 .text.ACMP4_IRQHandler
                0x60004db4        0x8 ./startup/startup_mimxrt1021.o
                0x60004db4                ACMP4_IRQHandler
 .text.Reserved143_IRQHandler
                0x60004dbc        0x8 ./startup/startup_mimxrt1021.o
                0x60004dbc                Reserved143_IRQHandler
 .text.Reserved144_IRQHandler
                0x60004dc4        0x8 ./startup/startup_mimxrt1021.o
                0x60004dc4                Reserved144_IRQHandler
 .text.ENC1_IRQHandler
                0x60004dcc        0x8 ./startup/startup_mimxrt1021.o
                0x60004dcc                ENC1_IRQHandler
 .text.ENC2_IRQHandler
                0x60004dd4        0x8 ./startup/startup_mimxrt1021.o
                0x60004dd4                ENC2_IRQHandler
 .text.Reserved147_IRQHandler
                0x60004ddc        0x8 ./startup/startup_mimxrt1021.o
                0x60004ddc                Reserved147_IRQHandler
 .text.Reserved148_IRQHandler
                0x60004de4        0x8 ./startup/startup_mimxrt1021.o
                0x60004de4                Reserved148_IRQHandler
 .text.TMR1_IRQHandler
                0x60004dec        0x8 ./startup/startup_mimxrt1021.o
                0x60004dec                TMR1_IRQHandler
 .text.TMR2_IRQHandler
                0x60004df4        0x8 ./startup/startup_mimxrt1021.o
                0x60004df4                TMR2_IRQHandler
 .text.Reserved151_IRQHandler
                0x60004dfc        0x8 ./startup/startup_mimxrt1021.o
                0x60004dfc                Reserved151_IRQHandler
 .text.Reserved152_IRQHandler
                0x60004e04        0x8 ./startup/startup_mimxrt1021.o
                0x60004e04                Reserved152_IRQHandler
 .text.PWM2_0_IRQHandler
                0x60004e0c        0x8 ./startup/startup_mimxrt1021.o
                0x60004e0c                PWM2_0_IRQHandler
 .text.PWM2_1_IRQHandler
                0x60004e14        0x8 ./startup/startup_mimxrt1021.o
                0x60004e14                PWM2_1_IRQHandler
 .text.PWM2_2_IRQHandler
                0x60004e1c        0x8 ./startup/startup_mimxrt1021.o
                0x60004e1c                PWM2_2_IRQHandler
 .text.PWM2_3_IRQHandler
                0x60004e24        0x8 ./startup/startup_mimxrt1021.o
                0x60004e24                PWM2_3_IRQHandler
 .text.PWM2_FAULT_IRQHandler
                0x60004e2c        0x8 ./startup/startup_mimxrt1021.o
                0x60004e2c                PWM2_FAULT_IRQHandler
 .text.delay    0x60004e34       0x2e ./source/hello_world.o
                0x60004e34                delay
 .text.HardFault_Handler
                0x60004e62       0x2c ./source/semihost_hardfault.o
                0x60004e62                HardFault_Handler
 .text.CLOCK_IsPllBypassed
                0x60004e8e       0x32 ./drivers/fsl_clock.o
 .text.CLOCK_IsPllEnabled
                0x60004ec0       0x3c ./drivers/fsl_clock.o
 .text.CLOCK_GetPllBypassRefClk
                0x60004efc       0x34 ./drivers/fsl_clock.o
 .text.CLOCK_EnableClock
                0x60004f30       0x1e ./drivers/fsl_lpuart.o
 .text.LPUART_SoftwareReset
                0x60004f4e       0x2c ./drivers/fsl_lpuart.o
 .text.LPUART_GetStatusFlags
                0x60004f7a       0x2c ./drivers/fsl_lpuart.o
                0x60004f7a                LPUART_GetStatusFlags
 .text.SystemInitHook
                0x60004fa6        0xe ./device/system_MIMXRT1021.o
                0x60004fa6                SystemInitHook
 .text.HAL_UartGetStatus
                0x60004fb4       0x28 ./component/uart/fsl_adapter_lpuart.o
 .text.BOARD_InitDebugConsole
                0x60004fdc       0x22 ./board/board.o
                0x60004fdc                BOARD_InitDebugConsole
 .text.CLOCK_DisableClock
                0x60004ffe       0x1e ./board/clock_config.o
 .text.CLOCK_SetPllBypass
                0x6000501c       0x4e ./board/clock_config.o
 .text.IOMUXC_SetSaiMClkClockSource
                0x6000506a       0x6c ./board/clock_config.o
 .text.BOARD_InitBootClocks
                0x600050d6        0xc ./board/clock_config.o
                0x600050d6                BOARD_InitBootClocks
 .text.CLOCK_EnableClock
                0x600050e2       0x1e ./board/pin_mux.o
 .text.IOMUXC_SetPinMux
                0x60005100       0x3a ./board/pin_mux.o
 .text.IOMUXC_SetPinConfig
                0x6000513a       0x26 ./board/pin_mux.o
 .text.__main   0x60005160        0xe c:/nxp/mcuxpressoide_11.3.1_5262/ide/plugins/com.nxp.mcuxpresso.tools.win32_11.3.0.202008311133/tools/bin/../lib/gcc/arm-none-eabi/9.3.1/../../../../arm-none-eabi/lib/thumb/v7e-m+dp/hard\libcr_nohost_nf.a(_cr__main.o)
                0x60005160                __main
 .text.memset   0x6000516e        0x4 c:/nxp/mcuxpressoide_11.3.1_5262/ide/plugins/com.nxp.mcuxpresso.tools.win32_11.3.0.202008311133/tools/bin/../lib/gcc/arm-none-eabi/9.3.1/../../../../arm-none-eabi/lib/thumb/v7e-m+dp/hard\libcr_c.a(memset.o)
                0x6000516e                memset
 .text.free     0x60005172       0x30 c:/nxp/mcuxpressoide_11.3.1_5262/ide/plugins/com.nxp.mcuxpresso.tools.win32_11.3.0.202008311133/tools/bin/../lib/gcc/arm-none-eabi/9.3.1/../../../../arm-none-eabi/lib/thumb/v7e-m+dp/hard\libcr_c.a(alloc.o)
                0x60005172                free
 .text.setvbuf  0x600051a2       0x3e c:/nxp/mcuxpressoide_11.3.1_5262/ide/plugins/com.nxp.mcuxpresso.tools.win32_11.3.0.202008311133/tools/bin/../lib/gcc/arm-none-eabi/9.3.1/../../../../arm-none-eabi/lib/thumb/v7e-m+dp/hard\libcr_c.a(setvbuf.o)
                0x600051a2                setvbuf
 .text.strlen   0x600051e0       0x4c c:/nxp/mcuxpressoide_11.3.1_5262/ide/plugins/com.nxp.mcuxpresso.tools.win32_11.3.0.202008311133/tools/bin/../lib/gcc/arm-none-eabi/9.3.1/../../../../arm-none-eabi/lib/thumb/v7e-m+dp/hard\libcr_c.a(strlen.o)
                0x600051e0                strlen
 .text._fdopen  0x6000522c       0x68 c:/nxp/mcuxpressoide_11.3.1_5262/ide/plugins/com.nxp.mcuxpresso.tools.win32_11.3.0.202008311133/tools/bin/../lib/gcc/arm-none-eabi/9.3.1/../../../../arm-none-eabi/lib/thumb/v7e-m+dp/hard\libcr_c.a(_fdopen.o)
                0x6000522c                _fdopen
 .text.fclose   0x60005294       0x58 c:/nxp/mcuxpressoide_11.3.1_5262/ide/plugins/com.nxp.mcuxpresso.tools.win32_11.3.0.202008311133/tools/bin/../lib/gcc/arm-none-eabi/9.3.1/../../../../arm-none-eabi/lib/thumb/v7e-m+dp/hard\libcr_c.a(fclose.o)
                0x60005294                fclose
 .text.remove   0x600052ec       0x14 c:/nxp/mcuxpressoide_11.3.1_5262/ide/plugins/com.nxp.mcuxpresso.tools.win32_11.3.0.202008311133/tools/bin/../lib/gcc/arm-none-eabi/9.3.1/../../../../arm-none-eabi/lib/thumb/v7e-m+dp/hard\libcr_c.a(remove.o)
                0x600052ec                remove
 .text._do_fflush
                0x60005300       0x40 c:/nxp/mcuxpressoide_11.3.1_5262/ide/plugins/com.nxp.mcuxpresso.tools.win32_11.3.0.202008311133/tools/bin/../lib/gcc/arm-none-eabi/9.3.1/../../../../arm-none-eabi/lib/thumb/v7e-m+dp/hard\libcr_c.a(_do_fflush.o)
                0x60005300                _do_fflush
 .text._fflush  0x60005340       0x52 c:/nxp/mcuxpressoide_11.3.1_5262/ide/plugins/com.nxp.mcuxpresso.tools.win32_11.3.0.202008311133/tools/bin/../lib/gcc/arm-none-eabi/9.3.1/../../../../arm-none-eabi/lib/thumb/v7e-m+dp/hard\libcr_c.a(_fflush.o)
                0x60005340                _fflush
 .text._deferredlazyseek
                0x60005392       0x40 c:/nxp/mcuxpressoide_11.3.1_5262/ide/plugins/com.nxp.mcuxpresso.tools.win32_11.3.0.202008311133/tools/bin/../lib/gcc/arm-none-eabi/9.3.1/../../../../arm-none-eabi/lib/thumb/v7e-m+dp/hard\libcr_c.a(_deferredlazyseek.o)
                0x60005392                _deferredlazyseek
 .text.__aeabi_memset_lowlevel
                0x600053d2       0x32 c:/nxp/mcuxpressoide_11.3.1_5262/ide/plugins/com.nxp.mcuxpresso.tools.win32_11.3.0.202008311133/tools/bin/../lib/gcc/arm-none-eabi/9.3.1/thumb/v7e-m+dp/hard\libcr_eabihelpers.a(memcpy.o)
                0x600053d2                __aeabi_lowlevel_memset
 .text.__sys_close
                0x60005404        0x6 c:/nxp/mcuxpressoide_11.3.1_5262/ide/plugins/com.nxp.mcuxpresso.tools.win32_11.3.0.202008311133/tools/bin/../lib/gcc/arm-none-eabi/9.3.1/../../../../arm-none-eabi/lib/thumb/v7e-m+dp/hard\libcr_nohost_nf.a(__sys_close.o)
                0x60005404                __sys_close
 .text.__sys_flen
                0x6000540a        0x6 c:/nxp/mcuxpressoide_11.3.1_5262/ide/plugins/com.nxp.mcuxpresso.tools.win32_11.3.0.202008311133/tools/bin/../lib/gcc/arm-none-eabi/9.3.1/../../../../arm-none-eabi/lib/thumb/v7e-m+dp/hard\libcr_nohost_nf.a(__sys_flen.o)
                0x6000540a                __sys_flen
 .text.__sys_istty
                0x60005410        0x6 c:/nxp/mcuxpressoide_11.3.1_5262/ide/plugins/com.nxp.mcuxpresso.tools.win32_11.3.0.202008311133/tools/bin/../lib/gcc/arm-none-eabi/9.3.1/../../../../arm-none-eabi/lib/thumb/v7e-m+dp/hard\libcr_nohost_nf.a(__sys_istty.o)
                0x60005410                __sys_istty
 .text.__sys_remove
                0x60005416        0x6 c:/nxp/mcuxpressoide_11.3.1_5262/ide/plugins/com.nxp.mcuxpresso.tools.win32_11.3.0.202008311133/tools/bin/../lib/gcc/arm-none-eabi/9.3.1/../../../../arm-none-eabi/lib/thumb/v7e-m+dp/hard\libcr_nohost_nf.a(__sys_remove.o)
                0x60005416                __sys_remove
 .text.__sys_seek
                0x6000541c        0x6 c:/nxp/mcuxpressoide_11.3.1_5262/ide/plugins/com.nxp.mcuxpresso.tools.win32_11.3.0.202008311133/tools/bin/../lib/gcc/arm-none-eabi/9.3.1/../../../../arm-none-eabi/lib/thumb/v7e-m+dp/hard\libcr_nohost_nf.a(__sys_seek.o)
                0x6000541c                __sys_seek
 .text.__sys_tmpnam
                0x60005422        0x6 c:/nxp/mcuxpressoide_11.3.1_5262/ide/plugins/com.nxp.mcuxpresso.tools.win32_11.3.0.202008311133/tools/bin/../lib/gcc/arm-none-eabi/9.3.1/../../../../arm-none-eabi/lib/thumb/v7e-m+dp/hard\libcr_nohost_nf.a(__sys_tmpnam.o)
                0x60005422                __sys_tmpnam
 .text.__sys_write
                0x60005428        0x4 c:/nxp/mcuxpressoide_11.3.1_5262/ide/plugins/com.nxp.mcuxpresso.tools.win32_11.3.0.202008311133/tools/bin/../lib/gcc/arm-none-eabi/9.3.1/../../../../arm-none-eabi/lib/thumb/v7e-m+dp/hard\libcr_nohost_nf.a(__sys_write.o)
                0x60005428                __sys_write
 *(SORT_BY_ALIGNMENT(.rodata) SORT_BY_ALIGNMENT(.rodata.*) SORT_BY_ALIGNMENT(.constdata) SORT_BY_ALIGNMENT(.constdata.*))
 .rodata.__assertion_failed.str1.4
                0x6000542c       0x14 ./utilities/fsl_assert.o
 .rodata.sendTlm.str1.4
                0x60005440        0xb ./source/hello_world.o
 *fill*         0x6000544b        0x1 ff
 .rodata.writeTlm.str1.4
                0x6000544c        0x4 ./source/hello_world.o
 .rodata.CLOCK_InitExternalClk.str1.4
                0x60005450       0x22 ./drivers/fsl_clock.o
 *fill*         0x60005472        0x2 ff
 .rodata        0x60005474       0xe0 ./drivers/fsl_clock.o
 .rodata.CLOCK_GetPllFreq.str1.4
                0x60005554       0x35 ./drivers/fsl_clock.o
 *fill*         0x60005589        0x3 ff
 .rodata.CLOCK_ControlGate.str1.4
                0x6000558c       0x21 ./drivers/fsl_lpuart.o
 *fill*         0x600055ad        0x3 ff
 .rodata.s_lpuartBases
                0x600055b0       0x24 ./drivers/fsl_lpuart.o
 .rodata.s_lpuartClock
                0x600055d4       0x12 ./drivers/fsl_lpuart.o
 *fill*         0x600055e6        0x2 ff
 .rodata.LPUART_GetInstance.str1.4
                0x600055e8       0x39 ./drivers/fsl_lpuart.o
 *fill*         0x60005621        0x3 ff
 .rodata.LPUART_Init.str1.4
                0x60005624      0x10c ./drivers/fsl_lpuart.o
 .rodata.LPUART_GetDefaultConfig.str1.4
                0x60005730       0x23 ./drivers/fsl_lpuart.o
 *fill*         0x60005753        0x1 ff
 .rodata.LPUART_WriteBlocking.str1.4
                0x60005754       0x21 ./drivers/fsl_lpuart.o
 *fill*         0x60005775        0x3 ff
 .rodata.LPUART_ReadBlocking.str1.4
                0x60005778       0x21 ./drivers/fsl_lpuart.o
 *fill*         0x60005799        0x3 ff
 .rodata.s_LpuartAdapterBase
                0x6000579c       0x24 ./component/uart/fsl_adapter_lpuart.o
 .rodata.HAL_UartInit.str1.4
                0x600057c0       0xf2 ./component/uart/fsl_adapter_lpuart.o
 *fill*         0x600058b2        0x2 ff
 .rodata.HAL_UartReceiveBlocking.str1.4
                0x600058b4       0x6b ./component/uart/fsl_adapter_lpuart.o
 *fill*         0x6000591f        0x1 ff
 .rodata.HAL_UartSendBlocking.str1.4
                0x60005920       0x6b ./component/uart/fsl_adapter_lpuart.o
 *fill*         0x6000598b        0x1 ff
 .rodata.BOARD_ConfigMPU.str1.4
                0x6000598c       0x6a ./board/board.o
 *fill*         0x600059f6        0x2 ff
 .rodata.CLOCK_SetMux.str1.4
                0x600059f8       0x6b ./board/clock_config.o
 *fill*         0x60005a63        0x1 ff
 .rodata.CLOCK_SetDiv.str1.4
                0x60005a64       0x6b ./board/clock_config.o
 *fill*         0x60005acf        0x1 ff
 .rodata.CLOCK_ControlGate.str1.4
                0x60005ad0       0x5a ./board/clock_config.o
 *fill*         0x60005b2a        0x2 ff
 .rodata.enetPllConfig_BOARD_BootClockRUN
                0x60005b2c        0x5 ./board/clock_config.o
                0x60005b2c                enetPllConfig_BOARD_BootClockRUN
 .rodata.CLOCK_ControlGate.str1.4
                0x60005b31       0x5a ./board/pin_mux.o
 *fill*         0x60005b31        0x3 ff
 .rodata.__num_Ciob_streams
                0x60005b34        0x4 c:/nxp/mcuxpressoide_11.3.1_5262/ide/plugins/com.nxp.mcuxpresso.tools.win32_11.3.0.202008311133/tools/bin/../lib/gcc/arm-none-eabi/9.3.1/../../../../arm-none-eabi/lib/thumb/v7e-m+dp/hard\libcr_nohost_nf.a(__ciob.o)
                0x60005b34                __num_Ciob_streams
 .rodata._initio.str1.1
                0x60005b38        0x4 c:/nxp/mcuxpressoide_11.3.1_5262/ide/plugins/com.nxp.mcuxpresso.tools.win32_11.3.0.202008311133/tools/bin/../lib/gcc/arm-none-eabi/9.3.1/../../../../arm-none-eabi/lib/thumb/v7e-m+dp/hard\libcr_c.a(initio.o)
                0x60005b3c                . = ALIGN (0x4)

.glue_7         0x60005b3c        0x0
 .glue_7        0x60005b3c        0x0 linker stubs

.glue_7t        0x60005b3c        0x0
 .glue_7t       0x60005b3c        0x0 linker stubs

.vfp11_veneer   0x60005b3c        0x0
 .vfp11_veneer  0x60005b3c        0x0 linker stubs

.v4_bx          0x60005b3c        0x0
 .v4_bx         0x60005b3c        0x0 linker stubs

.iplt           0x60005b3c        0x0
 .iplt          0x60005b3c        0x0 ./xip/evkmimxrt1020_flexspi_nor_config.o

.rel.dyn        0x60005b3c        0x0
 .rel.iplt      0x60005b3c        0x0 ./xip/evkmimxrt1020_flexspi_nor_config.o

.ARM.extab
 *(SORT_BY_ALIGNMENT(.ARM.extab*) SORT_BY_ALIGNMENT(.gnu.linkonce.armextab.*))

.ARM.exidx      0x60005b3c        0x0
                0x60005b3c                __exidx_start = .
 *(SORT_BY_ALIGNMENT(.ARM.exidx*) SORT_BY_ALIGNMENT(.gnu.linkonce.armexidx.*))
                0x60005b3c                __exidx_end = .
                0x60005b3c                _etext = .

.data_RAM2      0x81e00000        0x0 load address 0x60005b3c
 FILL mask 0xff
                [!provide]                PROVIDE (__start_data_RAM2 = .)
                [!provide]                PROVIDE (__start_data_NCACHE_REGION = .)
 *(SORT_BY_ALIGNMENT(.ramfunc.$RAM2))
 *(SORT_BY_ALIGNMENT(.ramfunc.$NCACHE_REGION))
 *(SORT_BY_ALIGNMENT(NonCacheable.init))
 *(SORT_BY_ALIGNMENT(.data.$RAM2))
 *(SORT_BY_ALIGNMENT(.data.$NCACHE_REGION))
 *(SORT_BY_ALIGNMENT(.data.$RAM2.*))
 *(SORT_BY_ALIGNMENT(.data.$NCACHE_REGION.*))
                0x81e00000                . = ALIGN (0x4)
                [!provide]                PROVIDE (__end_data_RAM2 = .)
                [!provide]                PROVIDE (__end_data_NCACHE_REGION = .)

.data_RAM3      0x20000000        0x0 load address 0x60005b3c
 FILL mask 0xff
                [!provide]                PROVIDE (__start_data_RAM3 = .)
                [!provide]                PROVIDE (__start_data_SRAM_DTC = .)
 *(SORT_BY_ALIGNMENT(.ramfunc.$RAM3))
 *(SORT_BY_ALIGNMENT(.ramfunc.$SRAM_DTC))
 *(SORT_BY_ALIGNMENT(.data.$RAM3))
 *(SORT_BY_ALIGNMENT(.data.$SRAM_DTC))
 *(SORT_BY_ALIGNMENT(.data.$RAM3.*))
 *(SORT_BY_ALIGNMENT(.data.$SRAM_DTC.*))
                0x20000000                . = ALIGN (0x4)
                [!provide]                PROVIDE (__end_data_RAM3 = .)
                [!provide]                PROVIDE (__end_data_SRAM_DTC = .)

.data_RAM4      0x00000000        0x0 load address 0x60005b3c
 FILL mask 0xff
                [!provide]                PROVIDE (__start_data_RAM4 = .)
                [!provide]                PROVIDE (__start_data_SRAM_ITC = .)
 *(SORT_BY_ALIGNMENT(.ramfunc.$RAM4))
 *(SORT_BY_ALIGNMENT(.ramfunc.$SRAM_ITC))
 *(SORT_BY_ALIGNMENT(.data.$RAM4))
 *(SORT_BY_ALIGNMENT(.data.$SRAM_ITC))
 *(SORT_BY_ALIGNMENT(.data.$RAM4.*))
 *(SORT_BY_ALIGNMENT(.data.$SRAM_ITC.*))
                0x00000000                . = ALIGN (0x4)
                [!provide]                PROVIDE (__end_data_RAM4 = .)
                [!provide]                PROVIDE (__end_data_SRAM_ITC = .)

.data_RAM5      0x20200000        0x0 load address 0x60005b3c
 FILL mask 0xff
                [!provide]                PROVIDE (__start_data_RAM5 = .)
                [!provide]                PROVIDE (__start_data_SRAM_OC = .)
 *(SORT_BY_ALIGNMENT(.ramfunc.$RAM5))
 *(SORT_BY_ALIGNMENT(.ramfunc.$SRAM_OC))
 *(SORT_BY_ALIGNMENT(.data.$RAM5))
 *(SORT_BY_ALIGNMENT(.data.$SRAM_OC))
 *(SORT_BY_ALIGNMENT(.data.$RAM5.*))
 *(SORT_BY_ALIGNMENT(.data.$SRAM_OC.*))
                0x20200000                . = ALIGN (0x4)
                [!provide]                PROVIDE (__end_data_RAM5 = .)
                [!provide]                PROVIDE (__end_data_SRAM_OC = .)

.uninit_RESERVED
                0x80000000        0x0
                0x80000000                _start_uninit_RESERVED = .
 *(SORT_BY_ALIGNMENT(.bss.$RESERVED*))
                0x80000000                . = ALIGN (0x4)
                0x80000000                _end_uninit_RESERVED = .

.data           0x80000000       0x3c load address 0x60005b3c
 FILL mask 0xff
                0x80000000                _data = .
                [!provide]                PROVIDE (__start_data_RAM = .)
                [!provide]                PROVIDE (__start_data_BOARD_SDRAM = .)
 *(SORT_BY_ALIGNMENT(vtable))
 *(SORT_BY_ALIGNMENT(.ramfunc*))
 *(SORT_BY_ALIGNMENT(CodeQuickAccess))
 *(SORT_BY_ALIGNMENT(DataQuickAccess))
 *(SORT_BY_ALIGNMENT(RamFunction))
 *(SORT_BY_ALIGNMENT(.data*))
 .data.b        0x80000000       0x38 ./source/hello_world.o
                0x80000000                b
 .data.SystemCoreClock
                0x80000038        0x4 ./device/system_MIMXRT1021.o
                0x80000038                SystemCoreClock
                0x8000003c                . = ALIGN (0x4)
                0x8000003c                _edata = .
                [!provide]                PROVIDE (__end_data_RAM = .)
                [!provide]                PROVIDE (__end_data_BOARD_SDRAM = .)

.igot.plt       0x8000003c        0x0 load address 0x60005b78
 .igot.plt      0x8000003c        0x0 ./xip/evkmimxrt1020_flexspi_nor_config.o

.bss_RAM2       0x81e00000        0x0
                [!provide]                PROVIDE (__start_bss_RAM2 = .)
                [!provide]                PROVIDE (__start_bss_NCACHE_REGION = .)
 *(SORT_BY_ALIGNMENT(NonCacheable))
 *(SORT_BY_ALIGNMENT(.bss.$RAM2))
 *(SORT_BY_ALIGNMENT(.bss.$NCACHE_REGION))
 *(SORT_BY_ALIGNMENT(.bss.$RAM2.*))
 *(SORT_BY_ALIGNMENT(.bss.$NCACHE_REGION.*))
                0x81e00000                . = ALIGN ((. != 0x0)?0x4:0x1)
                [!provide]                PROVIDE (__end_bss_RAM2 = .)
                [!provide]                PROVIDE (__end_bss_NCACHE_REGION = .)

.bss_RAM3       0x20000000        0x0
                [!provide]                PROVIDE (__start_bss_RAM3 = .)
                [!provide]                PROVIDE (__start_bss_SRAM_DTC = .)
 *(SORT_BY_ALIGNMENT(.bss.$RAM3))
 *(SORT_BY_ALIGNMENT(.bss.$SRAM_DTC))
 *(SORT_BY_ALIGNMENT(.bss.$RAM3.*))
 *(SORT_BY_ALIGNMENT(.bss.$SRAM_DTC.*))
                0x20000000                . = ALIGN ((. != 0x0)?0x4:0x1)
                [!provide]                PROVIDE (__end_bss_RAM3 = .)
                [!provide]                PROVIDE (__end_bss_SRAM_DTC = .)

.bss_RAM4       0x00000000        0x0
                [!provide]                PROVIDE (__start_bss_RAM4 = .)
                [!provide]                PROVIDE (__start_bss_SRAM_ITC = .)
 *(SORT_BY_ALIGNMENT(.bss.$RAM4))
 *(SORT_BY_ALIGNMENT(.bss.$SRAM_ITC))
 *(SORT_BY_ALIGNMENT(.bss.$RAM4.*))
 *(SORT_BY_ALIGNMENT(.bss.$SRAM_ITC.*))
                0x00000000                . = ALIGN ((. != 0x0)?0x4:0x1)
                [!provide]                PROVIDE (__end_bss_RAM4 = .)
                [!provide]                PROVIDE (__end_bss_SRAM_ITC = .)

.bss_RAM5       0x20200000        0x0
                [!provide]                PROVIDE (__start_bss_RAM5 = .)
                [!provide]                PROVIDE (__start_bss_SRAM_OC = .)
 *(SORT_BY_ALIGNMENT(.bss.$RAM5))
 *(SORT_BY_ALIGNMENT(.bss.$SRAM_OC))
 *(SORT_BY_ALIGNMENT(.bss.$RAM5.*))
 *(SORT_BY_ALIGNMENT(.bss.$SRAM_OC.*))
                0x20200000                . = ALIGN ((. != 0x0)?0x4:0x1)
                [!provide]                PROVIDE (__end_bss_RAM5 = .)
                [!provide]                PROVIDE (__end_bss_SRAM_OC = .)

.bss            0x8000003c      0x100
                0x8000003c                _bss = .
                [!provide]                PROVIDE (__start_bss_RAM = .)
                [!provide]                PROVIDE (__start_bss_BOARD_SDRAM = .)
 *(SORT_BY_ALIGNMENT(.bss*))
 .bss.s_debugConsole
                0x8000003c       0x14 ./utilities/fsl_debug_console.o
 .bss.mySoh     0x80000050        0x3 ./source/hello_world.o
                0x80000050                mySoh
 *fill*         0x80000053        0x1 
 .bss.g_xtalFreq
                0x80000054        0x4 ./drivers/fsl_clock.o
                0x80000054                g_xtalFreq
 .bss.g_rtcXtalFreq
                0x80000058        0x4 ./drivers/fsl_clock.o
                0x80000058                g_rtcXtalFreq
 .bss.s_lpuartHandle
                0x8000005c       0x24 ./drivers/fsl_lpuart.o
 .bss.s_lpuartIsr
                0x80000080        0x4 ./drivers/fsl_lpuart.o
 .bss.errno     0x80000084        0x4 c:/nxp/mcuxpressoide_11.3.1_5262/ide/plugins/com.nxp.mcuxpresso.tools.win32_11.3.0.202008311133/tools/bin/../lib/gcc/arm-none-eabi/9.3.1/../../../../arm-none-eabi/lib/thumb/v7e-m+dp/hard\libcr_c.a(errno.o)
                0x80000084                errno
 .bss.__Ciob    0x80000088       0xb4 c:/nxp/mcuxpressoide_11.3.1_5262/ide/plugins/com.nxp.mcuxpresso.tools.win32_11.3.0.202008311133/tools/bin/../lib/gcc/arm-none-eabi/9.3.1/../../../../arm-none-eabi/lib/thumb/v7e-m+dp/hard\libcr_nohost_nf.a(__ciob.o)
                0x80000088                __Ciob
 *(SORT_BY_ALIGNMENT(COMMON))
                0x8000013c                . = ALIGN (0x4)
                0x8000013c                _ebss = .
                [!provide]                PROVIDE (__end_bss_RAM = .)
                [!provide]                PROVIDE (__end_bss_BOARD_SDRAM = .)
                [!provide]                PROVIDE (end = .)

.noinit_RAM2    0x81e00000        0x0
                [!provide]                PROVIDE (__start_noinit_RAM2 = .)
                [!provide]                PROVIDE (__start_noinit_NCACHE_REGION = .)
 *(SORT_BY_ALIGNMENT(.noinit.$RAM2))
 *(SORT_BY_ALIGNMENT(.noinit.$NCACHE_REGION))
 *(SORT_BY_ALIGNMENT(.noinit.$RAM2.*))
 *(SORT_BY_ALIGNMENT(.noinit.$NCACHE_REGION.*))
                0x81e00000                . = ALIGN (0x4)
                [!provide]                PROVIDE (__end_noinit_RAM2 = .)
                [!provide]                PROVIDE (__end_noinit_NCACHE_REGION = .)

.noinit_RAM3    0x20000000        0x0
                [!provide]                PROVIDE (__start_noinit_RAM3 = .)
                [!provide]                PROVIDE (__start_noinit_SRAM_DTC = .)
 *(SORT_BY_ALIGNMENT(.noinit.$RAM3))
 *(SORT_BY_ALIGNMENT(.noinit.$SRAM_DTC))
 *(SORT_BY_ALIGNMENT(.noinit.$RAM3.*))
 *(SORT_BY_ALIGNMENT(.noinit.$SRAM_DTC.*))
                0x20000000                . = ALIGN (0x4)
                [!provide]                PROVIDE (__end_noinit_RAM3 = .)
                [!provide]                PROVIDE (__end_noinit_SRAM_DTC = .)

.noinit_RAM4    0x00000000        0x0
                [!provide]                PROVIDE (__start_noinit_RAM4 = .)
                [!provide]                PROVIDE (__start_noinit_SRAM_ITC = .)
 *(SORT_BY_ALIGNMENT(.noinit.$RAM4))
 *(SORT_BY_ALIGNMENT(.noinit.$SRAM_ITC))
 *(SORT_BY_ALIGNMENT(.noinit.$RAM4.*))
 *(SORT_BY_ALIGNMENT(.noinit.$SRAM_ITC.*))
                0x00000000                . = ALIGN (0x4)
                [!provide]                PROVIDE (__end_noinit_RAM4 = .)
                [!provide]                PROVIDE (__end_noinit_SRAM_ITC = .)

.noinit_RAM5    0x20200000        0x0
                [!provide]                PROVIDE (__start_noinit_RAM5 = .)
                [!provide]                PROVIDE (__start_noinit_SRAM_OC = .)
 *(SORT_BY_ALIGNMENT(.noinit.$RAM5))
 *(SORT_BY_ALIGNMENT(.noinit.$SRAM_OC))
 *(SORT_BY_ALIGNMENT(.noinit.$RAM5.*))
 *(SORT_BY_ALIGNMENT(.noinit.$SRAM_OC.*))
                0x20200000                . = ALIGN (0x4)
                [!provide]                PROVIDE (__end_noinit_RAM5 = .)
                [!provide]                PROVIDE (__end_noinit_SRAM_OC = .)

.noinit         0x8000013c        0x0
                0x8000013c                _noinit = .
                [!provide]                PROVIDE (__start_noinit_RAM = .)
                [!provide]                PROVIDE (__start_noinit_BOARD_SDRAM = .)
 *(SORT_BY_ALIGNMENT(.noinit*))
                0x8000013c                . = ALIGN (0x4)
                0x8000013c                _end_noinit = .
                [!provide]                PROVIDE (__end_noinit_RAM = .)
                [!provide]                PROVIDE (__end_noinit_BOARD_SDRAM = .)
                0x00001000                _HeapSize = 0x1000

.heap           0x8000013c     0x1000
                0x8000013c                _pvHeapStart = .
                0x8000113c                . = (. + _HeapSize)
 *fill*         0x8000013c     0x1000 
                0x8000113c                . = ALIGN (0x4)
                0x8000113c                _pvHeapLimit = .
                0x00001000                _StackSize = 0x1000

.heap2stackfill
                0x8000113c     0x1000
                0x8000213c                . = (. + _StackSize)
 *fill*         0x8000113c     0x1000 

.stack          0x81dff000        0x0
                0x81dff000                _vStackBase = .
                0x81dff000                . = ALIGN (0x4)
                0x81e00000                _vStackTop = (. + _StackSize)
                0x60002000                _image_start = LOADADDR (.text)
                0x60005b78                _image_end = (LOADADDR (.data) + SIZEOF (.data))
                0x00003b78                _image_size = (_image_end - _image_start)
OUTPUT(evkmimxrt1020_hello_world.axf elf32-littlearm)
LOAD linker stubs

.debug_info     0x00000000     0xbb1e
 .debug_info    0x00000000      0x80b ./xip/evkmimxrt1020_flexspi_nor_config.o
 .debug_info    0x0000080b      0x61c ./xip/fsl_flexspi_nor_boot.o
 .debug_info    0x00000e27      0x135 ./utilities/fsl_assert.o
 .debug_info    0x00000f5c      0xc72 ./utilities/fsl_debug_console.o
 .debug_info    0x00001bce      0xd0d ./startup/startup_mimxrt1021.o
 .debug_info    0x000028db      0x78a ./source/hello_world.o
 .debug_info    0x00003065       0x3c ./source/semihost_hardfault.o
 .debug_info    0x000030a1     0x212f ./drivers/fsl_clock.o
 .debug_info    0x000051d0     0x228c ./drivers/fsl_lpuart.o
 .debug_info    0x0000745c      0xc94 ./device/system_MIMXRT1021.o
 .debug_info    0x000080f0      0xab8 ./component/uart/fsl_adapter_lpuart.o
 .debug_info    0x00008ba8     0x1090 ./board/board.o
 .debug_info    0x00009c38     0x16a6 ./board/clock_config.o
 .debug_info    0x0000b2de       0xa1 ./board/dcd.o
 .debug_info    0x0000b37f      0x79f ./board/pin_mux.o

.debug_abbrev   0x00000000     0x1a24
 .debug_abbrev  0x00000000      0x14c ./xip/evkmimxrt1020_flexspi_nor_config.o
 .debug_abbrev  0x0000014c      0x13f ./xip/fsl_flexspi_nor_boot.o
 .debug_abbrev  0x0000028b       0xb7 ./utilities/fsl_assert.o
 .debug_abbrev  0x00000342      0x25d ./utilities/fsl_debug_console.o
 .debug_abbrev  0x0000059f      0x152 ./startup/startup_mimxrt1021.o
 .debug_abbrev  0x000006f1      0x20f ./source/hello_world.o
 .debug_abbrev  0x00000900       0x31 ./source/semihost_hardfault.o
 .debug_abbrev  0x00000931      0x35a ./drivers/fsl_clock.o
 .debug_abbrev  0x00000c8b      0x354 ./drivers/fsl_lpuart.o
 .debug_abbrev  0x00000fdf      0x1be ./device/system_MIMXRT1021.o
 .debug_abbrev  0x0000119d      0x1c3 ./component/uart/fsl_adapter_lpuart.o
 .debug_abbrev  0x00001360      0x2c0 ./board/board.o
 .debug_abbrev  0x00001620      0x218 ./board/clock_config.o
 .debug_abbrev  0x00001838       0x64 ./board/dcd.o
 .debug_abbrev  0x0000189c      0x188 ./board/pin_mux.o

.debug_aranges  0x00000000      0xa90
 .debug_aranges
                0x00000000       0x18 ./xip/evkmimxrt1020_flexspi_nor_config.o
 .debug_aranges
                0x00000018       0x18 ./xip/fsl_flexspi_nor_boot.o
 .debug_aranges
                0x00000030       0x20 ./utilities/fsl_assert.o
 .debug_aranges
                0x00000050       0x70 ./utilities/fsl_debug_console.o
 .debug_aranges
                0x000000c0      0x4f0 ./startup/startup_mimxrt1021.o
 .debug_aranges
                0x000005b0       0x48 ./source/hello_world.o
 .debug_aranges
                0x000005f8       0x20 ./source/semihost_hardfault.o
 .debug_aranges
                0x00000618      0x158 ./drivers/fsl_clock.o
 .debug_aranges
                0x00000770      0x170 ./drivers/fsl_lpuart.o
 .debug_aranges
                0x000008e0       0x30 ./device/system_MIMXRT1021.o
 .debug_aranges
                0x00000910       0x50 ./component/uart/fsl_adapter_lpuart.o
 .debug_aranges
                0x00000960       0x58 ./board/board.o
 .debug_aranges
                0x000009b8       0x78 ./board/clock_config.o
 .debug_aranges
                0x00000a30       0x18 ./board/dcd.o
 .debug_aranges
                0x00000a48       0x48 ./board/pin_mux.o

.debug_macro    0x00000000    0x265c7
 .debug_macro   0x00000000      0x12c ./xip/evkmimxrt1020_flexspi_nor_config.o
 .debug_macro   0x0000012c      0xb1a ./xip/evkmimxrt1020_flexspi_nor_config.o
 .debug_macro   0x00000c46       0x10 ./xip/evkmimxrt1020_flexspi_nor_config.o
 .debug_macro   0x00000c56      0x12e ./xip/evkmimxrt1020_flexspi_nor_config.o
 .debug_macro   0x00000d84      0x5b3 ./xip/evkmimxrt1020_flexspi_nor_config.o
 .debug_macro   0x00001337       0x22 ./xip/evkmimxrt1020_flexspi_nor_config.o
 .debug_macro   0x00001359       0x16 ./xip/evkmimxrt1020_flexspi_nor_config.o
 .debug_macro   0x0000136f       0x22 ./xip/evkmimxrt1020_flexspi_nor_config.o
 .debug_macro   0x00001391       0x10 ./xip/evkmimxrt1020_flexspi_nor_config.o
 .debug_macro   0x000013a1       0x4d ./xip/evkmimxrt1020_flexspi_nor_config.o
 .debug_macro   0x000013ee       0x1c ./xip/evkmimxrt1020_flexspi_nor_config.o
 .debug_macro   0x0000140a       0x22 ./xip/evkmimxrt1020_flexspi_nor_config.o
 .debug_macro   0x0000142c      0x101 ./xip/evkmimxrt1020_flexspi_nor_config.o
 .debug_macro   0x0000152d     0x1305 ./xip/evkmimxrt1020_flexspi_nor_config.o
 .debug_macro   0x00002832      0x11f ./xip/evkmimxrt1020_flexspi_nor_config.o
 .debug_macro   0x00002951       0x27 ./xip/evkmimxrt1020_flexspi_nor_config.o
 .debug_macro   0x00002978       0x1c ./xip/evkmimxrt1020_flexspi_nor_config.o
 .debug_macro   0x00002994    0x1ff91 ./xip/evkmimxrt1020_flexspi_nor_config.o
 .debug_macro   0x00022925      0x774 ./xip/evkmimxrt1020_flexspi_nor_config.o
 .debug_macro   0x00023099      0x116 ./xip/evkmimxrt1020_flexspi_nor_config.o
 .debug_macro   0x000231af      0x21e ./xip/evkmimxrt1020_flexspi_nor_config.o
 .debug_macro   0x000233cd      0x1a4 ./xip/evkmimxrt1020_flexspi_nor_config.o
 .debug_macro   0x00023571      0x153 ./xip/fsl_flexspi_nor_boot.o
 .debug_macro   0x000236c4      0x106 ./xip/fsl_flexspi_nor_boot.o
 .debug_macro   0x000237ca       0x10 ./xip/fsl_flexspi_nor_boot.o
 .debug_macro   0x000237da      0x166 ./xip/fsl_flexspi_nor_boot.o
 .debug_macro   0x00023940       0x7c ./xip/fsl_flexspi_nor_boot.o
 .debug_macro   0x000239bc      0x11a ./utilities/fsl_assert.o
 .debug_macro   0x00023ad6       0x1c ./utilities/fsl_assert.o
 .debug_macro   0x00023af2       0x34 ./utilities/fsl_assert.o
 .debug_macro   0x00023b26      0x140 ./utilities/fsl_debug_console.o
 .debug_macro   0x00023c66       0x16 ./utilities/fsl_debug_console.o
 .debug_macro   0x00023c7c       0x10 ./utilities/fsl_debug_console.o
 .debug_macro   0x00023c8c       0x28 ./utilities/fsl_debug_console.o
 .debug_macro   0x00023cb4       0xc4 ./utilities/fsl_debug_console.o
 .debug_macro   0x00023d78       0x2e ./utilities/fsl_debug_console.o
 .debug_macro   0x00023da6       0x34 ./utilities/fsl_debug_console.o
 .debug_macro   0x00023dda       0x29 ./startup/startup_mimxrt1021.o
 .debug_macro   0x00023e03      0xaea ./startup/startup_mimxrt1021.o
 .debug_macro   0x000248ed      0x154 ./source/hello_world.o
 .debug_macro   0x00024a41       0x2e ./source/hello_world.o
 .debug_macro   0x00024a6f      0x10c ./source/hello_world.o
 .debug_macro   0x00024b7b       0x11 ./source/semihost_hardfault.o
 .debug_macro   0x00024b8c      0x117 ./drivers/fsl_clock.o
 .debug_macro   0x00024ca3      0x126 ./drivers/fsl_lpuart.o
 .debug_macro   0x00024dc9       0x10 ./drivers/fsl_lpuart.o
 .debug_macro   0x00024dd9       0xa7 ./device/system_MIMXRT1021.o
 .debug_macro   0x00024e80      0x139 ./component/uart/fsl_adapter_lpuart.o
 .debug_macro   0x00024fb9       0x2e ./component/uart/fsl_adapter_lpuart.o
 .debug_macro   0x00024fe7      0x144 ./board/board.o
 .debug_macro   0x0002512b     0x11dd ./board/board.o
 .debug_macro   0x00026308      0x129 ./board/clock_config.o
 .debug_macro   0x00026431       0x51 ./board/dcd.o
 .debug_macro   0x00026482       0x22 ./board/dcd.o
 .debug_macro   0x000264a4      0x123 ./board/pin_mux.o

.debug_line     0x00000000     0x6861
 .debug_line    0x00000000      0x354 ./xip/evkmimxrt1020_flexspi_nor_config.o
 .debug_line    0x00000354      0x39f ./xip/fsl_flexspi_nor_boot.o
 .debug_line    0x000006f3      0x350 ./utilities/fsl_assert.o
 .debug_line    0x00000a43      0xbee ./utilities/fsl_debug_console.o
 .debug_line    0x00001631      0xe55 ./startup/startup_mimxrt1021.o
 .debug_line    0x00002486      0x565 ./source/hello_world.o
 .debug_line    0x000029eb       0x59 ./source/semihost_hardfault.o
 .debug_line    0x00002a44      0xe0f ./drivers/fsl_clock.o
 .debug_line    0x00003853     0x12c7 ./drivers/fsl_lpuart.o
 .debug_line    0x00004b1a      0x4e0 ./device/system_MIMXRT1021.o
 .debug_line    0x00004ffa      0x4dc ./component/uart/fsl_adapter_lpuart.o
 .debug_line    0x000054d6      0x769 ./board/board.o
 .debug_line    0x00005c3f      0x688 ./board/clock_config.o
 .debug_line    0x000062c7      0x178 ./board/dcd.o
 .debug_line    0x0000643f      0x422 ./board/pin_mux.o

.debug_str      0x00000000   0x12c221
 .debug_str     0x00000000   0x118bab ./xip/evkmimxrt1020_flexspi_nor_config.o
                             0x118c42 (size before relaxing)
 .debug_str     0x00118bab     0x163e ./xip/fsl_flexspi_nor_boot.o
                             0x1195c6 (size before relaxing)
 .debug_str     0x0011a1e9      0x112 ./utilities/fsl_assert.o
                             0x1177f5 (size before relaxing)
 .debug_str     0x0011a2fb      0xd07 ./utilities/fsl_debug_console.o
                             0x118db6 (size before relaxing)
 .debug_str     0x0011b002     0x10b7 ./startup/startup_mimxrt1021.o
                               0x3c2e (size before relaxing)
 .debug_str     0x0011c0b9      0x154 ./source/hello_world.o
                             0x11944a (size before relaxing)
 .debug_str     0x0011c20d       0x1f ./source/semihost_hardfault.o
                               0x2ec5 (size before relaxing)
 .debug_str     0x0011c22c     0x1625 ./drivers/fsl_clock.o
                             0x11975d (size before relaxing)
 .debug_str     0x0011d851     0x1f9a ./drivers/fsl_lpuart.o
                             0x11a185 (size before relaxing)
 .debug_str     0x0011f7eb      0x1fe ./device/system_MIMXRT1021.o
                             0x11551f (size before relaxing)
 .debug_str     0x0011f9e9      0x120 ./component/uart/fsl_adapter_lpuart.o
                             0x118921 (size before relaxing)
 .debug_str     0x0011fb09     0xc25b ./board/board.o
                             0x12543d (size before relaxing)
 .debug_str     0x0012bd64      0x3a2 ./board/clock_config.o
                             0x125a39 (size before relaxing)
 .debug_str     0x0012c106       0x6c ./board/dcd.o
                               0x4636 (size before relaxing)
 .debug_str     0x0012c172       0xaf ./board/pin_mux.o
                             0x124027 (size before relaxing)

.comment        0x00000000       0x99
 .comment       0x00000000       0x4c ./xip/evkmimxrt1020_flexspi_nor_config.o
                                 0x4d (size before relaxing)
 .comment       0x0000004c       0x4d ./xip/fsl_flexspi_nor_boot.o
 .comment       0x0000004c       0x4d ./utilities/fsl_assert.o
 .comment       0x0000004c       0x4d ./utilities/fsl_debug_console.o
 .comment       0x0000004c       0x4d ./startup/startup_mimxrt1021.o
                                 0x4e (size before relaxing)
 .comment       0x00000099       0x4d ./source/hello_world.o
 .comment       0x00000099       0x4e ./source/semihost_hardfault.o
 .comment       0x00000099       0x4d ./drivers/fsl_clock.o
 .comment       0x00000099       0x4d ./drivers/fsl_lpuart.o
 .comment       0x00000099       0x4d ./device/system_MIMXRT1021.o
 .comment       0x00000099       0x4d ./component/uart/fsl_adapter_lpuart.o
 .comment       0x00000099       0x4d ./board/board.o
 .comment       0x00000099       0x4d ./board/clock_config.o
 .comment       0x00000099       0x4e ./board/dcd.o
 .comment       0x00000099       0x4d ./board/pin_mux.o
 .comment       0x00000099       0x4d c:/nxp/mcuxpressoide_11.3.1_5262/ide/plugins/com.nxp.mcuxpresso.tools.win32_11.3.0.202008311133/tools/bin/../lib/gcc/arm-none-eabi/9.3.1/../../../../arm-none-eabi/lib/thumb/v7e-m+dp/hard\libcr_nohost_nf.a(_cr__main.o)
 .comment       0x00000099       0x4d c:/nxp/mcuxpressoide_11.3.1_5262/ide/plugins/com.nxp.mcuxpresso.tools.win32_11.3.0.202008311133/tools/bin/../lib/gcc/arm-none-eabi/9.3.1/../../../../arm-none-eabi/lib/thumb/v7e-m+dp/hard\libcr_c.a(memset.o)
 .comment       0x00000099       0x4d c:/nxp/mcuxpressoide_11.3.1_5262/ide/plugins/com.nxp.mcuxpresso.tools.win32_11.3.0.202008311133/tools/bin/../lib/gcc/arm-none-eabi/9.3.1/../../../../arm-none-eabi/lib/thumb/v7e-m+dp/hard\libcr_c.a(alloc.o)
 .comment       0x00000099       0x4d c:/nxp/mcuxpressoide_11.3.1_5262/ide/plugins/com.nxp.mcuxpresso.tools.win32_11.3.0.202008311133/tools/bin/../lib/gcc/arm-none-eabi/9.3.1/../../../../arm-none-eabi/lib/thumb/v7e-m+dp/hard\libcr_c.a(initio.o)
 .comment       0x00000099       0x4d c:/nxp/mcuxpressoide_11.3.1_5262/ide/plugins/com.nxp.mcuxpresso.tools.win32_11.3.0.202008311133/tools/bin/../lib/gcc/arm-none-eabi/9.3.1/../../../../arm-none-eabi/lib/thumb/v7e-m+dp/hard\libcr_c.a(setvbuf.o)
 .comment       0x00000099       0x4d c:/nxp/mcuxpressoide_11.3.1_5262/ide/plugins/com.nxp.mcuxpresso.tools.win32_11.3.0.202008311133/tools/bin/../lib/gcc/arm-none-eabi/9.3.1/../../../../arm-none-eabi/lib/thumb/v7e-m+dp/hard\libcr_c.a(strlen.o)
 .comment       0x00000099       0x4d c:/nxp/mcuxpressoide_11.3.1_5262/ide/plugins/com.nxp.mcuxpresso.tools.win32_11.3.0.202008311133/tools/bin/../lib/gcc/arm-none-eabi/9.3.1/../../../../arm-none-eabi/lib/thumb/v7e-m+dp/hard\libcr_c.a(_fdopen.o)
 .comment       0x00000099       0x4d c:/nxp/mcuxpressoide_11.3.1_5262/ide/plugins/com.nxp.mcuxpresso.tools.win32_11.3.0.202008311133/tools/bin/../lib/gcc/arm-none-eabi/9.3.1/../../../../arm-none-eabi/lib/thumb/v7e-m+dp/hard\libcr_c.a(errno.o)
 .comment       0x00000099       0x4d c:/nxp/mcuxpressoide_11.3.1_5262/ide/plugins/com.nxp.mcuxpresso.tools.win32_11.3.0.202008311133/tools/bin/../lib/gcc/arm-none-eabi/9.3.1/../../../../arm-none-eabi/lib/thumb/v7e-m+dp/hard\libcr_c.a(fclose.o)
 .comment       0x00000099       0x4d c:/nxp/mcuxpressoide_11.3.1_5262/ide/plugins/com.nxp.mcuxpresso.tools.win32_11.3.0.202008311133/tools/bin/../lib/gcc/arm-none-eabi/9.3.1/../../../../arm-none-eabi/lib/thumb/v7e-m+dp/hard\libcr_c.a(fflush.o)
 .comment       0x00000099       0x4d c:/nxp/mcuxpressoide_11.3.1_5262/ide/plugins/com.nxp.mcuxpresso.tools.win32_11.3.0.202008311133/tools/bin/../lib/gcc/arm-none-eabi/9.3.1/../../../../arm-none-eabi/lib/thumb/v7e-m+dp/hard\libcr_c.a(fseek.o)
 .comment       0x00000099       0x4d c:/nxp/mcuxpressoide_11.3.1_5262/ide/plugins/com.nxp.mcuxpresso.tools.win32_11.3.0.202008311133/tools/bin/../lib/gcc/arm-none-eabi/9.3.1/../../../../arm-none-eabi/lib/thumb/v7e-m+dp/hard\libcr_c.a(ftell.o)
 .comment       0x00000099       0x4d c:/nxp/mcuxpressoide_11.3.1_5262/ide/plugins/com.nxp.mcuxpresso.tools.win32_11.3.0.202008311133/tools/bin/../lib/gcc/arm-none-eabi/9.3.1/../../../../arm-none-eabi/lib/thumb/v7e-m+dp/hard\libcr_c.a(remove.o)
 .comment       0x00000099       0x4d c:/nxp/mcuxpressoide_11.3.1_5262/ide/plugins/com.nxp.mcuxpresso.tools.win32_11.3.0.202008311133/tools/bin/../lib/gcc/arm-none-eabi/9.3.1/../../../../arm-none-eabi/lib/thumb/v7e-m+dp/hard\libcr_c.a(_do_fflush.o)
 .comment       0x00000099       0x4d c:/nxp/mcuxpressoide_11.3.1_5262/ide/plugins/com.nxp.mcuxpresso.tools.win32_11.3.0.202008311133/tools/bin/../lib/gcc/arm-none-eabi/9.3.1/../../../../arm-none-eabi/lib/thumb/v7e-m+dp/hard\libcr_c.a(_fflush.o)
 .comment       0x00000099       0x4d c:/nxp/mcuxpressoide_11.3.1_5262/ide/plugins/com.nxp.mcuxpresso.tools.win32_11.3.0.202008311133/tools/bin/../lib/gcc/arm-none-eabi/9.3.1/../../../../arm-none-eabi/lib/thumb/v7e-m+dp/hard\libcr_c.a(_writebuf.o)
 .comment       0x00000099       0x4d c:/nxp/mcuxpressoide_11.3.1_5262/ide/plugins/com.nxp.mcuxpresso.tools.win32_11.3.0.202008311133/tools/bin/../lib/gcc/arm-none-eabi/9.3.1/../../../../arm-none-eabi/lib/thumb/v7e-m+dp/hard\libcr_c.a(_deferredlazyseek.o)
 .comment       0x00000099       0x4d c:/nxp/mcuxpressoide_11.3.1_5262/ide/plugins/com.nxp.mcuxpresso.tools.win32_11.3.0.202008311133/tools/bin/../lib/gcc/arm-none-eabi/9.3.1/../../../../arm-none-eabi/lib/thumb/v7e-m+dp/hard\libcr_nohost_nf.a(__ciob.o)
 .comment       0x00000099       0x4d c:/nxp/mcuxpressoide_11.3.1_5262/ide/plugins/com.nxp.mcuxpresso.tools.win32_11.3.0.202008311133/tools/bin/../lib/gcc/arm-none-eabi/9.3.1/../../../../arm-none-eabi/lib/thumb/v7e-m+dp/hard\libcr_nohost_nf.a(__sys_close.o)
 .comment       0x00000099       0x4d c:/nxp/mcuxpressoide_11.3.1_5262/ide/plugins/com.nxp.mcuxpresso.tools.win32_11.3.0.202008311133/tools/bin/../lib/gcc/arm-none-eabi/9.3.1/../../../../arm-none-eabi/lib/thumb/v7e-m+dp/hard\libcr_nohost_nf.a(__sys_flen.o)
 .comment       0x00000099       0x4d c:/nxp/mcuxpressoide_11.3.1_5262/ide/plugins/com.nxp.mcuxpresso.tools.win32_11.3.0.202008311133/tools/bin/../lib/gcc/arm-none-eabi/9.3.1/../../../../arm-none-eabi/lib/thumb/v7e-m+dp/hard\libcr_nohost_nf.a(__sys_istty.o)
 .comment       0x00000099       0x4d c:/nxp/mcuxpressoide_11.3.1_5262/ide/plugins/com.nxp.mcuxpresso.tools.win32_11.3.0.202008311133/tools/bin/../lib/gcc/arm-none-eabi/9.3.1/../../../../arm-none-eabi/lib/thumb/v7e-m+dp/hard\libcr_nohost_nf.a(__sys_remove.o)
 .comment       0x00000099       0x4d c:/nxp/mcuxpressoide_11.3.1_5262/ide/plugins/com.nxp.mcuxpresso.tools.win32_11.3.0.202008311133/tools/bin/../lib/gcc/arm-none-eabi/9.3.1/../../../../arm-none-eabi/lib/thumb/v7e-m+dp/hard\libcr_nohost_nf.a(__sys_seek.o)
 .comment       0x00000099       0x4d c:/nxp/mcuxpressoide_11.3.1_5262/ide/plugins/com.nxp.mcuxpresso.tools.win32_11.3.0.202008311133/tools/bin/../lib/gcc/arm-none-eabi/9.3.1/../../../../arm-none-eabi/lib/thumb/v7e-m+dp/hard\libcr_nohost_nf.a(__sys_tmpnam.o)
 .comment       0x00000099       0x4d c:/nxp/mcuxpressoide_11.3.1_5262/ide/plugins/com.nxp.mcuxpresso.tools.win32_11.3.0.202008311133/tools/bin/../lib/gcc/arm-none-eabi/9.3.1/../../../../arm-none-eabi/lib/thumb/v7e-m+dp/hard\libcr_nohost_nf.a(__sys_write.o)

.ARM.attributes
                0x00000000       0x35
 .ARM.attributes
                0x00000000       0x37 ./xip/evkmimxrt1020_flexspi_nor_config.o
 .ARM.attributes
                0x00000037       0x37 ./xip/fsl_flexspi_nor_boot.o
 .ARM.attributes
                0x0000006e       0x32 ./utilities/fsl_assert.o
 .ARM.attributes
                0x000000a0       0x32 ./utilities/fsl_debug_console.o
 .ARM.attributes
                0x000000d2       0x32 ./startup/startup_mimxrt1021.o
 .ARM.attributes
                0x00000104       0x32 ./source/hello_world.o
 .ARM.attributes
                0x00000136       0x32 ./source/semihost_hardfault.o
 .ARM.attributes
                0x00000168       0x32 ./drivers/fsl_clock.o
 .ARM.attributes
                0x0000019a       0x32 ./drivers/fsl_lpuart.o
 .ARM.attributes
                0x000001cc       0x32 ./device/system_MIMXRT1021.o
 .ARM.attributes
                0x000001fe       0x32 ./component/uart/fsl_adapter_lpuart.o
 .ARM.attributes
                0x00000230       0x32 ./board/board.o
 .ARM.attributes
                0x00000262       0x32 ./board/clock_config.o
 .ARM.attributes
                0x00000294       0x37 ./board/dcd.o
 .ARM.attributes
                0x000002cb       0x32 ./board/pin_mux.o
 .ARM.attributes
                0x000002fd       0x32 c:/nxp/mcuxpressoide_11.3.1_5262/ide/plugins/com.nxp.mcuxpresso.tools.win32_11.3.0.202008311133/tools/bin/../lib/gcc/arm-none-eabi/9.3.1/../../../../arm-none-eabi/lib/thumb/v7e-m+dp/hard\libcr_nohost_nf.a(_cr__main.o)
 .ARM.attributes
                0x0000032f       0x32 c:/nxp/mcuxpressoide_11.3.1_5262/ide/plugins/com.nxp.mcuxpresso.tools.win32_11.3.0.202008311133/tools/bin/../lib/gcc/arm-none-eabi/9.3.1/../../../../arm-none-eabi/lib/thumb/v7e-m+dp/hard\libcr_c.a(memset.o)
 .ARM.attributes
                0x00000361       0x32 c:/nxp/mcuxpressoide_11.3.1_5262/ide/plugins/com.nxp.mcuxpresso.tools.win32_11.3.0.202008311133/tools/bin/../lib/gcc/arm-none-eabi/9.3.1/../../../../arm-none-eabi/lib/thumb/v7e-m+dp/hard\libcr_c.a(alloc.o)
 .ARM.attributes
                0x00000393       0x32 c:/nxp/mcuxpressoide_11.3.1_5262/ide/plugins/com.nxp.mcuxpresso.tools.win32_11.3.0.202008311133/tools/bin/../lib/gcc/arm-none-eabi/9.3.1/../../../../arm-none-eabi/lib/thumb/v7e-m+dp/hard\libcr_c.a(initio.o)
 .ARM.attributes
                0x000003c5       0x32 c:/nxp/mcuxpressoide_11.3.1_5262/ide/plugins/com.nxp.mcuxpresso.tools.win32_11.3.0.202008311133/tools/bin/../lib/gcc/arm-none-eabi/9.3.1/../../../../arm-none-eabi/lib/thumb/v7e-m+dp/hard\libcr_c.a(setvbuf.o)
 .ARM.attributes
                0x000003f7       0x32 c:/nxp/mcuxpressoide_11.3.1_5262/ide/plugins/com.nxp.mcuxpresso.tools.win32_11.3.0.202008311133/tools/bin/../lib/gcc/arm-none-eabi/9.3.1/../../../../arm-none-eabi/lib/thumb/v7e-m+dp/hard\libcr_c.a(strlen.o)
 .ARM.attributes
                0x00000429       0x32 c:/nxp/mcuxpressoide_11.3.1_5262/ide/plugins/com.nxp.mcuxpresso.tools.win32_11.3.0.202008311133/tools/bin/../lib/gcc/arm-none-eabi/9.3.1/../../../../arm-none-eabi/lib/thumb/v7e-m+dp/hard\libcr_c.a(_fdopen.o)
 .ARM.attributes
                0x0000045b       0x37 c:/nxp/mcuxpressoide_11.3.1_5262/ide/plugins/com.nxp.mcuxpresso.tools.win32_11.3.0.202008311133/tools/bin/../lib/gcc/arm-none-eabi/9.3.1/../../../../arm-none-eabi/lib/thumb/v7e-m+dp/hard\libcr_c.a(errno.o)
 .ARM.attributes
                0x00000492       0x32 c:/nxp/mcuxpressoide_11.3.1_5262/ide/plugins/com.nxp.mcuxpresso.tools.win32_11.3.0.202008311133/tools/bin/../lib/gcc/arm-none-eabi/9.3.1/../../../../arm-none-eabi/lib/thumb/v7e-m+dp/hard\libcr_c.a(fclose.o)
 .ARM.attributes
                0x000004c4       0x32 c:/nxp/mcuxpressoide_11.3.1_5262/ide/plugins/com.nxp.mcuxpresso.tools.win32_11.3.0.202008311133/tools/bin/../lib/gcc/arm-none-eabi/9.3.1/../../../../arm-none-eabi/lib/thumb/v7e-m+dp/hard\libcr_c.a(fflush.o)
 .ARM.attributes